=== STAGE 1/2: initial-state (no refinement) metrics for all pairs ===
  /mnt/c/Users/punpi/OneDrive/genome/asem-refine-benchmarks/scripts/results/baseline2_ojemb/initial_state.csv already exists, skipping (delete it to recompute)
=== STAGE 2/2: grid -- 720 total combinations, 20 already done (resumed), 700 remaining, 14 in parallel ===
  [1/700   0.1%] finished Homo_sapiens vs Saimiri_boliviensis depth=1X rep=1  |     58s elapsed, ~ 40367s remaining, 0.017 runs/s
  [2/700   0.3%] finished Homo_sapiens vs Saimiri_boliviensis depth=1X rep=2  |     59s elapsed, ~ 20701s remaining, 0.034 runs/s
  [3/700   0.4%] finished Homo_sapiens vs Saimiri_boliviensis depth=1X rep=0  |     61s elapsed, ~ 14288s remaining, 0.049 runs/s
  [4/700   0.6%] finished Homo_sapiens vs Saimiri_boliviensis depth=2X rep=0  |     66s elapsed, ~ 11549s remaining, 0.060 runs/s
  [5/700   0.7%] finished Homo_sapiens vs Saimiri_boliviensis depth=3X rep=2  |     68s elapsed, ~  9491s remaining, 0.073 runs/s
  [6/700   0.9%] finished Homo_sapiens vs Saimiri_boliviensis depth=2X rep=1  |     73s elapsed, ~  8390s remaining, 0.083 runs/s
  [7/700   1.0%] finished Homo_sapiens vs Saimiri_boliviensis depth=2X rep=2  |     73s elapsed, ~  7228s remaining, 0.096 runs/s
  [8/700   1.1%] finished Homo_sapiens vs Saimiri_boliviensis depth=3X rep=1  |     76s elapsed, ~  6556s remaining, 0.106 runs/s
  [9/700   1.3%] finished Homo_sapiens vs Saimiri_boliviensis depth=3X rep=0  |     81s elapsed, ~  6199s remaining, 0.111 runs/s
  [10/700   1.4%] finished Homo_sapiens vs Saimiri_boliviensis depth=4X rep=0  |     92s elapsed, ~  6352s remaining, 0.109 runs/s
  [11/700   1.6%] finished Homo_sapiens vs Gorilla_gorilla depth=8X rep=0  |     97s elapsed, ~  6057s remaining, 0.114 runs/s
  [12/700   1.7%] finished Homo_sapiens vs Gorilla_gorilla depth=8X rep=2  |     97s elapsed, ~  5580s remaining, 0.123 runs/s
  [13/700   1.9%] finished Homo_sapiens vs Gorilla_gorilla depth=8X rep=1  |    101s elapsed, ~  5333s remaining, 0.129 runs/s
  [14/700   2.0%] finished Homo_sapiens vs Gorilla_gorilla depth=7X rep=0  |    119s elapsed, ~  5855s remaining, 0.117 runs/s
  [15/700   2.1%] finished Homo_sapiens vs Saimiri_boliviensis depth=4X rep=2  |    194s elapsed, ~  8866s remaining, 0.077 runs/s
  [16/700   2.3%] finished Homo_sapiens vs Saimiri_boliviensis depth=4X rep=1  |    203s elapsed, ~  8673s remaining, 0.079 runs/s
  [17/700   2.4%] finished Homo_sapiens vs Saimiri_boliviensis depth=5X rep=0  |    205s elapsed, ~  8244s remaining, 0.083 runs/s
  [18/700   2.6%] finished Homo_sapiens vs Saimiri_boliviensis depth=5X rep=2  |    210s elapsed, ~  7966s remaining, 0.086 runs/s
  [19/700   2.7%] finished Homo_sapiens vs Saimiri_boliviensis depth=6X rep=2  |    215s elapsed, ~  7713s remaining, 0.088 runs/s
  [20/700   2.9%] finished Homo_sapiens vs Saimiri_boliviensis depth=6X rep=0  |    218s elapsed, ~  7400s remaining, 0.092 runs/s
  [21/700   3.0%] finished Homo_sapiens vs Saimiri_boliviensis depth=6X rep=1  |    219s elapsed, ~  7076s remaining, 0.096 runs/s
  [22/700   3.1%] finished Homo_sapiens vs Saimiri_boliviensis depth=5X rep=1  |    219s elapsed, ~  6750s remaining, 0.100 runs/s
  [23/700   3.3%] finished Homo_sapiens vs Saimiri_boliviensis depth=8X rep=1  |    243s elapsed, ~  7147s remaining, 0.095 runs/s
  [24/700   3.4%] finished Homo_sapiens vs Saimiri_sciureus depth=1X rep=2  |    254s elapsed, ~  7160s remaining, 0.094 runs/s
  [25/700   3.6%] finished Homo_sapiens vs Saimiri_boliviensis depth=7X rep=0  |    256s elapsed, ~  6904s remaining, 0.098 runs/s
  [26/700   3.7%] finished Homo_sapiens vs Saimiri_sciureus depth=1X rep=1  |    262s elapsed, ~  6786s remaining, 0.099 runs/s
  [27/700   3.9%] finished Homo_sapiens vs Saimiri_sciureus depth=1X rep=0  |    262s elapsed, ~  6535s remaining, 0.103 runs/s
  [28/700   4.0%] finished Homo_sapiens vs Saimiri_boliviensis depth=7X rep=2  |    268s elapsed, ~  6427s remaining, 0.105 runs/s
  [29/700   4.1%] finished Homo_sapiens vs Saimiri_boliviensis depth=7X rep=1  |    271s elapsed, ~  6270s remaining, 0.107 runs/s
  [30/700   4.3%] finished Homo_sapiens vs Saimiri_boliviensis depth=8X rep=2  |    274s elapsed, ~  6111s remaining, 0.110 runs/s
  [31/700   4.4%] finished Homo_sapiens vs Saimiri_sciureus depth=2X rep=0  |    276s elapsed, ~  5957s remaining, 0.112 runs/s
  [32/700   4.6%] finished Homo_sapiens vs Saimiri_sciureus depth=2X rep=1  |    305s elapsed, ~  6369s remaining, 0.105 runs/s
  [33/700   4.7%] finished Homo_sapiens vs Saimiri_boliviensis depth=8X rep=0  |    306s elapsed, ~  6179s remaining, 0.108 runs/s
  [34/700   4.9%] finished Homo_sapiens vs Saimiri_sciureus depth=3X rep=0  |    317s elapsed, ~  6213s remaining, 0.107 runs/s
  [35/700   5.0%] finished Homo_sapiens vs Saimiri_sciureus depth=2X rep=2  |    325s elapsed, ~  6173s remaining, 0.108 runs/s
  [36/700   5.1%] finished Homo_sapiens vs Saimiri_sciureus depth=3X rep=1  |    327s elapsed, ~  6030s remaining, 0.110 runs/s
  [37/700   5.3%] finished Homo_sapiens vs Saimiri_sciureus depth=3X rep=2  |    340s elapsed, ~  6093s remaining, 0.109 runs/s
  [38/700   5.4%] finished Homo_sapiens vs Saimiri_sciureus depth=4X rep=0  |    352s elapsed, ~  6130s remaining, 0.108 runs/s
  [39/700   5.6%] finished Homo_sapiens vs Saimiri_sciureus depth=4X rep=2  |    352s elapsed, ~  5972s remaining, 0.111 runs/s
  [40/700   5.7%] finished Homo_sapiens vs Saimiri_sciureus depth=4X rep=1  |    360s elapsed, ~  5947s remaining, 0.111 runs/s
  [41/700   5.9%] finished Homo_sapiens vs Saimiri_sciureus depth=5X rep=0  |    376s elapsed, ~  6040s remaining, 0.109 runs/s
  [42/700   6.0%] finished Homo_sapiens vs Saimiri_sciureus depth=6X rep=1  |    388s elapsed, ~  6079s remaining, 0.108 runs/s
  [43/700   6.1%] finished Homo_sapiens vs Saimiri_sciureus depth=6X rep=0  |    388s elapsed, ~  5932s remaining, 0.111 runs/s
  [44/700   6.3%] finished Homo_sapiens vs Saimiri_sciureus depth=5X rep=1  |    390s elapsed, ~  5810s remaining, 0.113 runs/s
  [45/700   6.4%] finished Homo_sapiens vs Saimiri_sciureus depth=5X rep=2  |    390s elapsed, ~  5683s remaining, 0.115 runs/s
  [46/700   6.6%] finished Homo_sapiens vs Aotus_azarai depth=1X rep=0  |    402s elapsed, ~  5718s remaining, 0.114 runs/s
  [47/700   6.7%] finished Homo_sapiens vs Aotus_azarai depth=1X rep=1  |    402s elapsed, ~  5591s remaining, 0.117 runs/s
  [48/700   6.9%] finished Homo_sapiens vs Saimiri_sciureus depth=6X rep=2  |    411s elapsed, ~  5589s remaining, 0.117 runs/s
  [49/700   7.0%] finished Homo_sapiens vs Saimiri_sciureus depth=7X rep=1  |    419s elapsed, ~  5572s remaining, 0.117 runs/s
  [50/700   7.1%] finished Homo_sapiens vs Saimiri_sciureus depth=7X rep=0  |    421s elapsed, ~  5479s remaining, 0.119 runs/s
  [51/700   7.3%] finished Homo_sapiens vs Aotus_azarai depth=1X rep=2  |    423s elapsed, ~  5379s remaining, 0.121 runs/s
  [52/700   7.4%] finished Homo_sapiens vs Saimiri_sciureus depth=8X rep=0  |    434s elapsed, ~  5412s remaining, 0.120 runs/s
  [53/700   7.6%] finished Homo_sapiens vs Saimiri_sciureus depth=7X rep=2  |    438s elapsed, ~  5348s remaining, 0.121 runs/s
  [54/700   7.7%] finished Homo_sapiens vs Aotus_azarai depth=2X rep=0  |    446s elapsed, ~  5334s remaining, 0.121 runs/s
  [55/700   7.9%] finished Homo_sapiens vs Aotus_azarai depth=2X rep=1  |    453s elapsed, ~  5309s remaining, 0.121 runs/s
  [56/700   8.0%] finished Homo_sapiens vs Aotus_azarai depth=2X rep=2  |    457s elapsed, ~  5259s remaining, 0.122 runs/s
  [57/700   8.1%] finished Homo_sapiens vs Saimiri_sciureus depth=8X rep=1  |    459s elapsed, ~  5180s remaining, 0.124 runs/s
  [58/700   8.3%] finished Homo_sapiens vs Saimiri_sciureus depth=8X rep=2  |    460s elapsed, ~  5091s remaining, 0.126 runs/s
  [59/700   8.4%] finished Homo_sapiens vs Aotus_azarai depth=3X rep=0  |    465s elapsed, ~  5051s remaining, 0.127 runs/s
  [60/700   8.6%] finished Homo_sapiens vs Aotus_azarai depth=3X rep=2  |    472s elapsed, ~  5033s remaining, 0.127 runs/s
  [61/700   8.7%] finished Homo_sapiens vs Aotus_azarai depth=3X rep=1  |    473s elapsed, ~  4955s remaining, 0.129 runs/s
  [62/700   8.9%] finished Homo_sapiens vs Aotus_azarai depth=4X rep=0  |    486s elapsed, ~  4997s remaining, 0.128 runs/s
  [63/700   9.0%] finished Homo_sapiens vs Aotus_azarai depth=4X rep=1  |    493s elapsed, ~  4987s remaining, 0.128 runs/s
  [64/700   9.1%] finished Homo_sapiens vs Aotus_azarai depth=4X rep=2  |    494s elapsed, ~  4906s remaining, 0.130 runs/s
  [65/700   9.3%] finished Homo_sapiens vs Aotus_azarai depth=5X rep=0  |    503s elapsed, ~  4914s remaining, 0.129 runs/s
  [66/700   9.4%] finished Homo_sapiens vs Aotus_azarai depth=5X rep=1  |    511s elapsed, ~  4912s remaining, 0.129 runs/s
  [67/700   9.6%] finished Homo_sapiens vs Aotus_azarai depth=5X rep=2  |    524s elapsed, ~  4949s remaining, 0.128 runs/s
  [68/700   9.7%] finished Homo_sapiens vs Aotus_azarai depth=6X rep=0  |    535s elapsed, ~  4975s remaining, 0.127 runs/s
  [69/700   9.9%] finished Homo_sapiens vs Aotus_azarai depth=6X rep=1  |    539s elapsed, ~  4930s remaining, 0.128 runs/s
  [70/700  10.0%] finished Homo_sapiens vs Varecia_variegata depth=1X rep=2  |    542s elapsed, ~  4875s remaining, 0.129 runs/s
  [71/700  10.1%] finished Homo_sapiens vs Varecia_variegata depth=1X rep=0  |    542s elapsed, ~  4806s remaining, 0.131 runs/s
  [72/700  10.3%] finished Homo_sapiens vs Aotus_azarai depth=6X rep=2  |    543s elapsed, ~  4737s remaining, 0.133 runs/s
  [73/700  10.4%] finished Homo_sapiens vs Varecia_variegata depth=1X rep=1  |    553s elapsed, ~  4746s remaining, 0.132 runs/s
  [74/700  10.6%] finished Homo_sapiens vs Aotus_azarai depth=7X rep=1  |    554s elapsed, ~  4686s remaining, 0.134 runs/s
  [75/700  10.7%] finished Homo_sapiens vs Aotus_azarai depth=7X rep=0  |    555s elapsed, ~  4622s remaining, 0.135 runs/s
  [76/700  10.9%] finished Homo_sapiens vs Aotus_azarai depth=7X rep=2  |    558s elapsed, ~  4585s remaining, 0.136 runs/s
  [77/700  11.0%] finished Homo_sapiens vs Aotus_azarai depth=8X rep=0  |    573s elapsed, ~  4639s remaining, 0.134 runs/s
  [78/700  11.1%] finished Homo_sapiens vs Varecia_variegata depth=2X rep=0  |    575s elapsed, ~  4583s remaining, 0.136 runs/s
  [79/700  11.3%] finished Homo_sapiens vs Aotus_azarai depth=8X rep=1  |    576s elapsed, ~  4524s remaining, 0.137 runs/s
  [80/700  11.4%] finished Homo_sapiens vs Aotus_azarai depth=8X rep=2  |    591s elapsed, ~  4578s remaining, 0.135 runs/s
  [81/700  11.6%] finished Homo_sapiens vs Varecia_variegata depth=2X rep=1  |    592s elapsed, ~  4525s remaining, 0.137 runs/s
  [82/700  11.7%] finished Homo_sapiens vs Varecia_variegata depth=2X rep=2  |    605s elapsed, ~  4559s remaining, 0.136 runs/s
  [83/700  11.9%] finished Homo_sapiens vs Varecia_variegata depth=3X rep=0  |    613s elapsed, ~  4560s remaining, 0.135 runs/s
  [84/700  12.0%] finished Homo_sapiens vs Varecia_variegata depth=3X rep=1  |    615s elapsed, ~  4511s remaining, 0.137 runs/s
  [85/700  12.1%] finished Homo_sapiens vs Varecia_variegata depth=3X rep=2  |    620s elapsed, ~  4489s remaining, 0.137 runs/s
  [86/700  12.3%] finished Homo_sapiens vs Varecia_variegata depth=4X rep=0  |    621s elapsed, ~  4435s remaining, 0.138 runs/s
  [87/700  12.4%] finished Homo_sapiens vs Varecia_variegata depth=4X rep=1  |    632s elapsed, ~  4453s remaining, 0.138 runs/s
  [88/700  12.6%] finished Homo_sapiens vs Varecia_variegata depth=4X rep=2  |    634s elapsed, ~  4408s remaining, 0.139 runs/s
  [89/700  12.7%] finished Homo_sapiens vs Varecia_variegata depth=5X rep=0  |    640s elapsed, ~  4395s remaining, 0.139 runs/s
  [90/700  12.9%] finished Homo_sapiens vs Varecia_variegata depth=5X rep=1  |    646s elapsed, ~  4378s remaining, 0.139 runs/s
  [91/700  13.0%] finished Gorilla_gorilla vs Homo_sapiens depth=1X rep=1  |    653s elapsed, ~  4371s remaining, 0.139 runs/s
  [92/700  13.1%] finished Homo_sapiens vs Varecia_variegata depth=5X rep=2  |    660s elapsed, ~  4361s remaining, 0.139 runs/s
  [93/700  13.3%] finished Gorilla_gorilla vs Homo_sapiens depth=1X rep=0  |    660s elapsed, ~  4309s remaining, 0.141 runs/s
  [94/700  13.4%] finished Homo_sapiens vs Varecia_variegata depth=6X rep=0  |    668s elapsed, ~  4308s remaining, 0.141 runs/s
  [95/700  13.6%] finished Homo_sapiens vs Varecia_variegata depth=6X rep=1  |    673s elapsed, ~  4284s remaining, 0.141 runs/s
  [96/700  13.7%] finished Gorilla_gorilla vs Homo_sapiens depth=1X rep=2  |    675s elapsed, ~  4248s remaining, 0.142 runs/s
  [97/700  13.9%] finished Homo_sapiens vs Varecia_variegata depth=6X rep=2  |    681s elapsed, ~  4233s remaining, 0.142 runs/s
  [98/700  14.0%] finished Gorilla_gorilla vs Homo_sapiens depth=2X rep=1  |    685s elapsed, ~  4208s remaining, 0.143 runs/s
  [99/700  14.1%] finished Gorilla_gorilla vs Homo_sapiens depth=2X rep=0  |    686s elapsed, ~  4168s remaining, 0.144 runs/s
  [100/700  14.3%] finished Gorilla_gorilla vs Homo_sapiens depth=2X rep=2  |    689s elapsed, ~  4133s remaining, 0.145 runs/s
  [101/700  14.4%] finished Homo_sapiens vs Varecia_variegata depth=7X rep=0  |    691s elapsed, ~  4098s remaining, 0.146 runs/s
  [102/700  14.6%] finished Homo_sapiens vs Varecia_variegata depth=7X rep=1  |    700s elapsed, ~  4103s remaining, 0.146 runs/s
  [103/700  14.7%] finished Homo_sapiens vs Varecia_variegata depth=7X rep=2  |    706s elapsed, ~  4093s remaining, 0.146 runs/s
  [104/700  14.9%] finished Gorilla_gorilla vs Homo_sapiens depth=3X rep=1  |    713s elapsed, ~  4087s remaining, 0.146 runs/s
  [105/700  15.0%] finished Gorilla_gorilla vs Homo_sapiens depth=3X rep=0  |    714s elapsed, ~  4045s remaining, 0.147 runs/s
  [106/700  15.1%] finished Homo_sapiens vs Varecia_variegata depth=8X rep=0  |    715s elapsed, ~  4008s remaining, 0.148 runs/s
  [107/700  15.3%] finished Gorilla_gorilla vs Homo_sapiens depth=4X rep=1  |    716s elapsed, ~  3970s remaining, 0.149 runs/s
  [108/700  15.4%] finished Gorilla_gorilla vs Homo_sapiens depth=3X rep=2  |    717s elapsed, ~  3930s remaining, 0.151 runs/s
  [109/700  15.6%] finished Homo_sapiens vs Varecia_variegata depth=8X rep=2  |    721s elapsed, ~  3907s remaining, 0.151 runs/s
  [110/700  15.7%] finished Homo_sapiens vs Varecia_variegata depth=8X rep=1  |    724s elapsed, ~  3885s remaining, 0.152 runs/s
  [111/700  15.9%] finished Gorilla_gorilla vs Homo_sapiens depth=5X rep=1  |    727s elapsed, ~  3857s remaining, 0.153 runs/s
  [112/700  16.0%] finished Gorilla_gorilla vs Homo_sapiens depth=4X rep=0  |    735s elapsed, ~  3861s remaining, 0.152 runs/s
  [113/700  16.1%] finished Gorilla_gorilla vs Homo_sapiens depth=5X rep=2  |    745s elapsed, ~  3868s remaining, 0.152 runs/s
  [114/700  16.3%] finished Gorilla_gorilla vs Homo_sapiens depth=4X rep=2  |    746s elapsed, ~  3834s remaining, 0.153 runs/s
  [115/700  16.4%] finished Gorilla_gorilla vs Homo_sapiens depth=5X rep=0  |    752s elapsed, ~  3824s remaining, 0.153 runs/s
  [116/700  16.6%] finished Gorilla_gorilla vs Homo_sapiens depth=7X rep=1  |    777s elapsed, ~  3910s remaining, 0.149 runs/s
  [117/700  16.7%] finished Gorilla_gorilla vs Saimiri_boliviensis depth=1X rep=0  |    778s elapsed, ~  3878s remaining, 0.150 runs/s
  [118/700  16.9%] finished Gorilla_gorilla vs Homo_sapiens depth=6X rep=0  |    778s elapsed, ~  3840s remaining, 0.152 runs/s
  [119/700  17.0%] finished Gorilla_gorilla vs Homo_sapiens depth=6X rep=1  |    783s elapsed, ~  3821s remaining, 0.152 runs/s
  [120/700  17.1%] finished Gorilla_gorilla vs Homo_sapiens depth=8X rep=1  |    786s elapsed, ~  3798s remaining, 0.153 runs/s
  [121/700  17.3%] finished Gorilla_gorilla vs Saimiri_boliviensis depth=1X rep=1  |    788s elapsed, ~  3772s remaining, 0.153 runs/s
  [122/700  17.4%] finished Gorilla_gorilla vs Homo_sapiens depth=6X rep=2  |    789s elapsed, ~  3736s remaining, 0.155 runs/s
  [123/700  17.6%] finished Gorilla_gorilla vs Homo_sapiens depth=7X rep=0  |    792s elapsed, ~  3716s remaining, 0.155 runs/s
  [124/700  17.7%] finished Gorilla_gorilla vs Homo_sapiens depth=8X rep=2  |    794s elapsed, ~  3688s remaining, 0.156 runs/s
  [125/700  17.9%] finished Gorilla_gorilla vs Homo_sapiens depth=8X rep=0  |    797s elapsed, ~  3664s remaining, 0.157 runs/s
  [126/700  18.0%] finished Gorilla_gorilla vs Saimiri_boliviensis depth=1X rep=2  |    797s elapsed, ~  3630s remaining, 0.158 runs/s
  [127/700  18.1%] finished Gorilla_gorilla vs Homo_sapiens depth=7X rep=2  |    809s elapsed, ~  3648s remaining, 0.157 runs/s
  [128/700  18.3%] finished Gorilla_gorilla vs Saimiri_boliviensis depth=2X rep=0  |    810s elapsed, ~  3618s remaining, 0.158 runs/s
  [129/700  18.4%] finished Gorilla_gorilla vs Saimiri_boliviensis depth=2X rep=2  |    813s elapsed, ~  3597s remaining, 0.159 runs/s
  [130/700  18.6%] finished Gorilla_gorilla vs Saimiri_boliviensis depth=2X rep=1  |    814s elapsed, ~  3568s remaining, 0.160 runs/s
  [131/700  18.7%] finished Gorilla_gorilla vs Saimiri_boliviensis depth=3X rep=2  |    838s elapsed, ~  3639s remaining, 0.156 runs/s
  [132/700  18.9%] finished Gorilla_gorilla vs Saimiri_boliviensis depth=3X rep=1  |    843s elapsed, ~  3629s remaining, 0.157 runs/s
  [133/700  19.0%] finished Gorilla_gorilla vs Saimiri_boliviensis depth=3X rep=0  |    845s elapsed, ~  3602s remaining, 0.157 runs/s
  [134/700  19.1%] finished Gorilla_gorilla vs Saimiri_boliviensis depth=4X rep=0  |    856s elapsed, ~  3614s remaining, 0.157 runs/s
  [135/700  19.3%] finished Gorilla_gorilla vs Saimiri_boliviensis depth=4X rep=1  |    857s elapsed, ~  3585s remaining, 0.158 runs/s
  [136/700  19.4%] finished Gorilla_gorilla vs Saimiri_boliviensis depth=4X rep=2  |    858s elapsed, ~  3557s remaining, 0.159 runs/s
  [137/700  19.6%] finished Gorilla_gorilla vs Saimiri_boliviensis depth=5X rep=0  |    866s elapsed, ~  3559s remaining, 0.158 runs/s
  [138/700  19.7%] finished Gorilla_gorilla vs Saimiri_boliviensis depth=5X rep=1  |    870s elapsed, ~  3543s remaining, 0.159 runs/s
  [139/700  19.9%] finished Gorilla_gorilla vs Saimiri_boliviensis depth=5X rep=2  |    871s elapsed, ~  3515s remaining, 0.160 runs/s
  [140/700  20.0%] finished Gorilla_gorilla vs Saimiri_boliviensis depth=6X rep=0  |    877s elapsed, ~  3508s remaining, 0.160 runs/s
  [141/700  20.1%] finished Gorilla_gorilla vs Saimiri_boliviensis depth=6X rep=1  |    887s elapsed, ~  3518s remaining, 0.159 runs/s
  [142/700  20.3%] finished Gorilla_gorilla vs Saimiri_boliviensis depth=6X rep=2  |    893s elapsed, ~  3508s remaining, 0.159 runs/s
  [143/700  20.4%] finished Gorilla_gorilla vs Saimiri_sciureus depth=1X rep=1  |    894s elapsed, ~  3482s remaining, 0.160 runs/s
  [144/700  20.6%] finished Gorilla_gorilla vs Saimiri_boliviensis depth=7X rep=1  |    901s elapsed, ~  3480s remaining, 0.160 runs/s
  [145/700  20.7%] finished Gorilla_gorilla vs Saimiri_sciureus depth=1X rep=0  |    902s elapsed, ~  3451s remaining, 0.161 runs/s
  [146/700  20.9%] finished Gorilla_gorilla vs Saimiri_boliviensis depth=7X rep=0  |    902s elapsed, ~  3423s remaining, 0.162 runs/s
  [147/700  21.0%] finished Gorilla_gorilla vs Saimiri_sciureus depth=1X rep=2  |    903s elapsed, ~  3395s remaining, 0.163 runs/s
  [148/700  21.1%] finished Gorilla_gorilla vs Saimiri_boliviensis depth=7X rep=2  |    929s elapsed, ~  3463s remaining, 0.159 runs/s
  [149/700  21.3%] finished Gorilla_gorilla vs Saimiri_sciureus depth=2X rep=1  |    933s elapsed, ~  3449s remaining, 0.160 runs/s
  [150/700  21.4%] finished Gorilla_gorilla vs Saimiri_sciureus depth=2X rep=0  |    933s elapsed, ~  3420s remaining, 0.161 runs/s
  [151/700  21.6%] finished Gorilla_gorilla vs Saimiri_boliviensis depth=8X rep=0  |    940s elapsed, ~  3416s remaining, 0.161 runs/s
  [152/700  21.7%] finished Gorilla_gorilla vs Saimiri_sciureus depth=2X rep=2  |    941s elapsed, ~  3392s remaining, 0.162 runs/s
  [153/700  21.9%] finished Gorilla_gorilla vs Saimiri_boliviensis depth=8X rep=1  |    941s elapsed, ~  3364s remaining, 0.163 runs/s
  [154/700  22.0%] finished Gorilla_gorilla vs Saimiri_boliviensis depth=8X rep=2  |    950s elapsed, ~  3369s remaining, 0.162 runs/s
  [155/700  22.1%] finished Gorilla_gorilla vs Saimiri_sciureus depth=3X rep=0  |    955s elapsed, ~  3358s remaining, 0.162 runs/s
  [156/700  22.3%] finished Gorilla_gorilla vs Saimiri_sciureus depth=3X rep=1  |    961s elapsed, ~  3351s remaining, 0.162 runs/s
  [157/700  22.4%] finished Gorilla_gorilla vs Saimiri_sciureus depth=3X rep=2  |    963s elapsed, ~  3329s remaining, 0.163 runs/s
  [158/700  22.6%] finished Gorilla_gorilla vs Saimiri_sciureus depth=4X rep=2  |    979s elapsed, ~  3358s remaining, 0.161 runs/s
  [159/700  22.7%] finished Gorilla_gorilla vs Saimiri_sciureus depth=4X rep=1  |    979s elapsed, ~  3332s remaining, 0.162 runs/s
  [160/700  22.9%] finished Gorilla_gorilla vs Saimiri_sciureus depth=4X rep=0  |    980s elapsed, ~  3307s remaining, 0.163 runs/s
  [161/700  23.0%] finished Gorilla_gorilla vs Saimiri_sciureus depth=5X rep=0  |    983s elapsed, ~  3291s remaining, 0.164 runs/s
  [162/700  23.1%] finished Gorilla_gorilla vs Aotus_azarai depth=1X rep=0  |   1006s elapsed, ~  3342s remaining, 0.161 runs/s
  [163/700  23.3%] finished Gorilla_gorilla vs Saimiri_sciureus depth=5X rep=1  |   1011s elapsed, ~  3330s remaining, 0.161 runs/s
  [164/700  23.4%] finished Gorilla_gorilla vs Saimiri_sciureus depth=5X rep=2  |   1014s elapsed, ~  3315s remaining, 0.162 runs/s
  [165/700  23.6%] finished Gorilla_gorilla vs Aotus_azarai depth=1X rep=1  |   1016s elapsed, ~  3294s remaining, 0.162 runs/s
  [166/700  23.7%] finished Gorilla_gorilla vs Aotus_azarai depth=1X rep=2  |   1019s elapsed, ~  3278s remaining, 0.163 runs/s
  [167/700  23.9%] finished Gorilla_gorilla vs Saimiri_sciureus depth=6X rep=0  |   1020s elapsed, ~  3256s remaining, 0.164 runs/s
  [168/700  24.0%] finished Gorilla_gorilla vs Saimiri_sciureus depth=6X rep=1  |   1023s elapsed, ~  3238s remaining, 0.164 runs/s
  [169/700  24.1%] finished Gorilla_gorilla vs Saimiri_sciureus depth=6X rep=2  |   1027s elapsed, ~  3227s remaining, 0.165 runs/s
  [170/700  24.3%] finished Gorilla_gorilla vs Saimiri_sciureus depth=7X rep=0  |   1036s elapsed, ~  3230s remaining, 0.164 runs/s
  [171/700  24.4%] finished Gorilla_gorilla vs Saimiri_sciureus depth=7X rep=1  |   1040s elapsed, ~  3217s remaining, 0.164 runs/s
  [172/700  24.6%] finished Gorilla_gorilla vs Saimiri_sciureus depth=7X rep=2  |   1043s elapsed, ~  3201s remaining, 0.165 runs/s
  [173/700  24.7%] finished Gorilla_gorilla vs Saimiri_sciureus depth=8X rep=0  |   1054s elapsed, ~  3211s remaining, 0.164 runs/s
  [174/700  24.9%] finished Gorilla_gorilla vs Saimiri_sciureus depth=8X rep=1  |   1056s elapsed, ~  3193s remaining, 0.165 runs/s
  [175/700  25.0%] finished Gorilla_gorilla vs Aotus_azarai depth=2X rep=0  |   1066s elapsed, ~  3197s remaining, 0.164 runs/s
  [176/700  25.1%] finished Gorilla_gorilla vs Saimiri_sciureus depth=8X rep=2  |   1072s elapsed, ~  3193s remaining, 0.164 runs/s
  [177/700  25.3%] finished Gorilla_gorilla vs Aotus_azarai depth=2X rep=1  |   1073s elapsed, ~  3169s remaining, 0.165 runs/s
  [178/700  25.4%] finished Gorilla_gorilla vs Aotus_azarai depth=2X rep=2  |   1074s elapsed, ~  3148s remaining, 0.166 runs/s
  [179/700  25.6%] finished Gorilla_gorilla vs Aotus_azarai depth=3X rep=0  |   1083s elapsed, ~  3152s remaining, 0.165 runs/s
  [180/700  25.7%] finished Gorilla_gorilla vs Aotus_azarai depth=3X rep=1  |   1084s elapsed, ~  3131s remaining, 0.166 runs/s
  [181/700  25.9%] finished Gorilla_gorilla vs Aotus_azarai depth=3X rep=2  |   1086s elapsed, ~  3115s remaining, 0.167 runs/s
  [182/700  26.0%] finished Gorilla_gorilla vs Aotus_azarai depth=4X rep=0  |   1092s elapsed, ~  3109s remaining, 0.167 runs/s
  [183/700  26.1%] finished Gorilla_gorilla vs Aotus_azarai depth=4X rep=1  |   1100s elapsed, ~  3106s remaining, 0.166 runs/s
  [184/700  26.3%] finished Gorilla_gorilla vs Aotus_azarai depth=4X rep=2  |   1107s elapsed, ~  3105s remaining, 0.166 runs/s
  [185/700  26.4%] finished Gorilla_gorilla vs Aotus_azarai depth=5X rep=0  |   1118s elapsed, ~  3113s remaining, 0.165 runs/s
  [186/700  26.6%] finished Gorilla_gorilla vs Aotus_azarai depth=5X rep=1  |   1119s elapsed, ~  3092s remaining, 0.166 runs/s
  [187/700  26.7%] finished Gorilla_gorilla vs Aotus_azarai depth=5X rep=2  |   1130s elapsed, ~  3100s remaining, 0.165 runs/s
  [188/700  26.9%] finished Gorilla_gorilla vs Varecia_variegata depth=1X rep=0  |   1136s elapsed, ~  3095s remaining, 0.165 runs/s
  [189/700  27.0%] finished Gorilla_gorilla vs Aotus_azarai depth=6X rep=0  |   1137s elapsed, ~  3074s remaining, 0.166 runs/s
  [190/700  27.1%] finished Gorilla_gorilla vs Aotus_azarai depth=6X rep=1  |   1151s elapsed, ~  3091s remaining, 0.165 runs/s
  [191/700  27.3%] finished Gorilla_gorilla vs Aotus_azarai depth=6X rep=2  |   1159s elapsed, ~  3089s remaining, 0.165 runs/s
  [192/700  27.4%] finished Gorilla_gorilla vs Varecia_variegata depth=1X rep=2  |   1160s elapsed, ~  3070s remaining, 0.165 runs/s
  [193/700  27.6%] finished Gorilla_gorilla vs Varecia_variegata depth=1X rep=1  |   1167s elapsed, ~  3067s remaining, 0.165 runs/s
  [194/700  27.7%] finished Gorilla_gorilla vs Aotus_azarai depth=7X rep=0  |   1168s elapsed, ~  3046s remaining, 0.166 runs/s
  [195/700  27.9%] finished Gorilla_gorilla vs Aotus_azarai depth=7X rep=1  |   1169s elapsed, ~  3027s remaining, 0.167 runs/s
  [196/700  28.0%] finished Gorilla_gorilla vs Varecia_variegata depth=2X rep=1  |   1174s elapsed, ~  3018s remaining, 0.167 runs/s
  [197/700  28.1%] finished Gorilla_gorilla vs Aotus_azarai depth=7X rep=2  |   1176s elapsed, ~  3003s remaining, 0.168 runs/s
  [198/700  28.3%] finished Gorilla_gorilla vs Aotus_azarai depth=8X rep=1  |   1181s elapsed, ~  2993s remaining, 0.168 runs/s
  [199/700  28.4%] finished Gorilla_gorilla vs Aotus_azarai depth=8X rep=0  |   1183s elapsed, ~  2977s remaining, 0.168 runs/s
  [200/700  28.6%] finished Gorilla_gorilla vs Varecia_variegata depth=2X rep=0  |   1184s elapsed, ~  2960s remaining, 0.169 runs/s
  [201/700  28.7%] finished Gorilla_gorilla vs Aotus_azarai depth=8X rep=2  |   1188s elapsed, ~  2949s remaining, 0.169 runs/s
  [202/700  28.9%] finished Gorilla_gorilla vs Varecia_variegata depth=2X rep=2  |   1189s elapsed, ~  2931s remaining, 0.170 runs/s
  [203/700  29.0%] finished Gorilla_gorilla vs Varecia_variegata depth=3X rep=0  |   1206s elapsed, ~  2952s remaining, 0.168 runs/s
  [204/700  29.1%] finished Gorilla_gorilla vs Varecia_variegata depth=3X rep=1  |   1220s elapsed, ~  2967s remaining, 0.167 runs/s
  [205/700  29.3%] finished Gorilla_gorilla vs Varecia_variegata depth=3X rep=2  |   1229s elapsed, ~  2967s remaining, 0.167 runs/s
  [206/700  29.4%] finished Gorilla_gorilla vs Varecia_variegata depth=4X rep=0  |   1241s elapsed, ~  2975s remaining, 0.166 runs/s
  [207/700  29.6%] finished Gorilla_gorilla vs Varecia_variegata depth=4X rep=1  |   1243s elapsed, ~  2959s remaining, 0.167 runs/s
  [208/700  29.7%] finished Gorilla_gorilla vs Varecia_variegata depth=4X rep=2  |   1244s elapsed, ~  2942s remaining, 0.167 runs/s
  [209/700  29.9%] finished Gorilla_gorilla vs Varecia_variegata depth=5X rep=0  |   1253s elapsed, ~  2943s remaining, 0.167 runs/s
  [210/700  30.0%] finished Gorilla_gorilla vs Varecia_variegata depth=5X rep=1  |   1259s elapsed, ~  2937s remaining, 0.167 runs/s
  [211/700  30.1%] finished Gorilla_gorilla vs Varecia_variegata depth=5X rep=2  |   1259s elapsed, ~  2917s remaining, 0.168 runs/s
  [212/700  30.3%] finished Gorilla_gorilla vs Varecia_variegata depth=6X rep=0  |   1272s elapsed, ~  2928s remaining, 0.167 runs/s
  [213/700  30.4%] finished Gorilla_gorilla vs Varecia_variegata depth=6X rep=2  |   1274s elapsed, ~  2913s remaining, 0.167 runs/s
  [214/700  30.6%] finished Gorilla_gorilla vs Varecia_variegata depth=6X rep=1  |   1274s elapsed, ~  2893s remaining, 0.168 runs/s
  [215/700  30.7%] finished Saimiri_boliviensis vs Homo_sapiens depth=1X rep=1  |   1275s elapsed, ~  2876s remaining, 0.169 runs/s
  [216/700  30.9%] finished Saimiri_boliviensis vs Homo_sapiens depth=1X rep=0  |   1277s elapsed, ~  2862s remaining, 0.169 runs/s
  [217/700  31.0%] finished Gorilla_gorilla vs Varecia_variegata depth=7X rep=0  |   1284s elapsed, ~  2858s remaining, 0.169 runs/s
  [218/700  31.1%] finished Gorilla_gorilla vs Varecia_variegata depth=7X rep=1  |   1286s elapsed, ~  2844s remaining, 0.169 runs/s
  [219/700  31.3%] finished Gorilla_gorilla vs Varecia_variegata depth=7X rep=2  |   1302s elapsed, ~  2859s remaining, 0.168 runs/s
  [220/700  31.4%] finished Saimiri_boliviensis vs Homo_sapiens depth=1X rep=2  |   1307s elapsed, ~  2852s remaining, 0.168 runs/s
  [221/700  31.6%] finished Saimiri_boliviensis vs Homo_sapiens depth=2X rep=1  |   1308s elapsed, ~  2835s remaining, 0.169 runs/s
  [222/700  31.7%] finished Saimiri_boliviensis vs Homo_sapiens depth=2X rep=0  |   1326s elapsed, ~  2855s remaining, 0.167 runs/s
  [223/700  31.9%] finished Gorilla_gorilla vs Varecia_variegata depth=8X rep=0  |   1327s elapsed, ~  2838s remaining, 0.168 runs/s
  [224/700  32.0%] finished Gorilla_gorilla vs Varecia_variegata depth=8X rep=1  |   1338s elapsed, ~  2844s remaining, 0.167 runs/s
  [225/700  32.1%] finished Saimiri_boliviensis vs Homo_sapiens depth=2X rep=2  |   1340s elapsed, ~  2829s remaining, 0.168 runs/s
  [226/700  32.3%] finished Saimiri_boliviensis vs Homo_sapiens depth=3X rep=1  |   1347s elapsed, ~  2824s remaining, 0.168 runs/s
  [227/700  32.4%] finished Saimiri_boliviensis vs Homo_sapiens depth=3X rep=0  |   1349s elapsed, ~  2811s remaining, 0.168 runs/s
  [228/700  32.6%] finished Gorilla_gorilla vs Varecia_variegata depth=8X rep=2  |   1349s elapsed, ~  2793s remaining, 0.169 runs/s
  [229/700  32.7%] finished Saimiri_boliviensis vs Homo_sapiens depth=3X rep=2  |   1350s elapsed, ~  2776s remaining, 0.170 runs/s
  [230/700  32.9%] finished Saimiri_boliviensis vs Homo_sapiens depth=4X rep=0  |   1353s elapsed, ~  2765s remaining, 0.170 runs/s
  [231/700  33.0%] finished Saimiri_boliviensis vs Homo_sapiens depth=4X rep=2  |   1365s elapsed, ~  2771s remaining, 0.169 runs/s
  [232/700  33.1%] finished Saimiri_boliviensis vs Homo_sapiens depth=4X rep=1  |   1365s elapsed, ~  2754s remaining, 0.170 runs/s
  [233/700  33.3%] finished Saimiri_boliviensis vs Homo_sapiens depth=5X rep=0  |   1387s elapsed, ~  2779s remaining, 0.168 runs/s
  [234/700  33.4%] finished Saimiri_boliviensis vs Homo_sapiens depth=5X rep=2  |   1388s elapsed, ~  2764s remaining, 0.169 runs/s
  [235/700  33.6%] finished Saimiri_boliviensis vs Gorilla_gorilla depth=1X rep=1  |   1392s elapsed, ~  2755s remaining, 0.169 runs/s
  [236/700  33.7%] finished Saimiri_boliviensis vs Homo_sapiens depth=5X rep=1  |   1393s elapsed, ~  2740s remaining, 0.169 runs/s
  [237/700  33.9%] finished Saimiri_boliviensis vs Gorilla_gorilla depth=1X rep=0  |   1411s elapsed, ~  2756s remaining, 0.168 runs/s
  [238/700  34.0%] finished Saimiri_boliviensis vs Homo_sapiens depth=6X rep=1  |   1420s elapsed, ~  2757s remaining, 0.168 runs/s
  [239/700  34.1%] finished Saimiri_boliviensis vs Homo_sapiens depth=6X rep=0  |   1421s elapsed, ~  2741s remaining, 0.168 runs/s
  [240/700  34.3%] finished Saimiri_boliviensis vs Gorilla_gorilla depth=1X rep=2  |   1423s elapsed, ~  2728s remaining, 0.169 runs/s
  [241/700  34.4%] finished Saimiri_boliviensis vs Homo_sapiens depth=6X rep=2  |   1425s elapsed, ~  2713s remaining, 0.169 runs/s
  [242/700  34.6%] finished Saimiri_boliviensis vs Homo_sapiens depth=7X rep=0  |   1435s elapsed, ~  2715s remaining, 0.169 runs/s
  [243/700  34.7%] finished Saimiri_boliviensis vs Homo_sapiens depth=7X rep=2  |   1444s elapsed, ~  2715s remaining, 0.168 runs/s
  [244/700  34.9%] finished Saimiri_boliviensis vs Homo_sapiens depth=7X rep=1  |   1445s elapsed, ~  2701s remaining, 0.169 runs/s
  [245/700  35.0%] finished Saimiri_boliviensis vs Homo_sapiens depth=8X rep=1  |   1448s elapsed, ~  2689s remaining, 0.169 runs/s
  [246/700  35.1%] finished Saimiri_boliviensis vs Gorilla_gorilla depth=2X rep=0  |   1449s elapsed, ~  2673s remaining, 0.170 runs/s
  [247/700  35.3%] finished Saimiri_boliviensis vs Homo_sapiens depth=8X rep=2  |   1449s elapsed, ~  2658s remaining, 0.170 runs/s
  [248/700  35.4%] finished Saimiri_boliviensis vs Homo_sapiens depth=8X rep=0  |   1451s elapsed, ~  2644s remaining, 0.171 runs/s
  [249/700  35.6%] finished Saimiri_boliviensis vs Gorilla_gorilla depth=2X rep=1  |   1454s elapsed, ~  2633s remaining, 0.171 runs/s
  [250/700  35.7%] finished Saimiri_boliviensis vs Gorilla_gorilla depth=2X rep=2  |   1459s elapsed, ~  2625s remaining, 0.171 runs/s
  [251/700  35.9%] finished Saimiri_boliviensis vs Gorilla_gorilla depth=3X rep=0  |   1476s elapsed, ~  2640s remaining, 0.170 runs/s
  [252/700  36.0%] finished Saimiri_boliviensis vs Gorilla_gorilla depth=3X rep=2  |   1487s elapsed, ~  2643s remaining, 0.170 runs/s
  [253/700  36.1%] finished Saimiri_boliviensis vs Gorilla_gorilla depth=3X rep=1  |   1489s elapsed, ~  2631s remaining, 0.170 runs/s
  [254/700  36.3%] finished Saimiri_boliviensis vs Gorilla_gorilla depth=4X rep=1  |   1494s elapsed, ~  2624s remaining, 0.170 runs/s
  [255/700  36.4%] finished Saimiri_boliviensis vs Gorilla_gorilla depth=4X rep=0  |   1495s elapsed, ~  2608s remaining, 0.171 runs/s
  [256/700  36.6%] finished Saimiri_boliviensis vs Gorilla_gorilla depth=4X rep=2  |   1509s elapsed, ~  2618s remaining, 0.170 runs/s
  [257/700  36.7%] finished Saimiri_boliviensis vs Saimiri_sciureus depth=1X rep=0  |   1513s elapsed, ~  2608s remaining, 0.170 runs/s
  [258/700  36.9%] finished Saimiri_boliviensis vs Gorilla_gorilla depth=5X rep=0  |   1520s elapsed, ~  2603s remaining, 0.170 runs/s
  [259/700  37.0%] finished Saimiri_boliviensis vs Gorilla_gorilla depth=5X rep=1  |   1522s elapsed, ~  2591s remaining, 0.170 runs/s
  [260/700  37.1%] finished Saimiri_boliviensis vs Gorilla_gorilla depth=5X rep=2  |   1525s elapsed, ~  2581s remaining, 0.171 runs/s
  [261/700  37.3%] finished Saimiri_boliviensis vs Gorilla_gorilla depth=6X rep=0  |   1529s elapsed, ~  2571s remaining, 0.171 runs/s
  [262/700  37.4%] finished Saimiri_boliviensis vs Saimiri_sciureus depth=1X rep=1  |   1529s elapsed, ~  2556s remaining, 0.171 runs/s
  [263/700  37.6%] finished Saimiri_boliviensis vs Saimiri_sciureus depth=1X rep=2  |   1532s elapsed, ~  2546s remaining, 0.172 runs/s
  [264/700  37.7%] finished Saimiri_boliviensis vs Gorilla_gorilla depth=6X rep=1  |   1533s elapsed, ~  2532s remaining, 0.172 runs/s
  [265/700  37.9%] finished Saimiri_boliviensis vs Gorilla_gorilla depth=6X rep=2  |   1547s elapsed, ~  2539s remaining, 0.171 runs/s
  [266/700  38.0%] finished Saimiri_boliviensis vs Saimiri_sciureus depth=2X rep=0  |   1551s elapsed, ~  2530s remaining, 0.172 runs/s
  [267/700  38.1%] finished Saimiri_boliviensis vs Gorilla_gorilla depth=7X rep=0  |   1552s elapsed, ~  2517s remaining, 0.172 runs/s
  [268/700  38.3%] finished Saimiri_boliviensis vs Saimiri_sciureus depth=2X rep=2  |   1556s elapsed, ~  2509s remaining, 0.172 runs/s
  [269/700  38.4%] finished Saimiri_boliviensis vs Saimiri_sciureus depth=2X rep=1  |   1558s elapsed, ~  2496s remaining, 0.173 runs/s
  [270/700  38.6%] finished Saimiri_boliviensis vs Saimiri_sciureus depth=3X rep=0  |   1562s elapsed, ~  2488s remaining, 0.173 runs/s
  [271/700  38.7%] finished Saimiri_boliviensis vs Gorilla_gorilla depth=7X rep=1  |   1564s elapsed, ~  2476s remaining, 0.173 runs/s
  [272/700  38.9%] finished Saimiri_boliviensis vs Saimiri_sciureus depth=3X rep=1  |   1565s elapsed, ~  2462s remaining, 0.174 runs/s
  [273/700  39.0%] finished Saimiri_boliviensis vs Saimiri_sciureus depth=3X rep=2  |   1565s elapsed, ~  2448s remaining, 0.174 runs/s
  [274/700  39.1%] finished Saimiri_boliviensis vs Saimiri_sciureus depth=4X rep=0  |   1570s elapsed, ~  2442s remaining, 0.174 runs/s
  [275/700  39.3%] finished Saimiri_boliviensis vs Saimiri_sciureus depth=4X rep=1  |   1576s elapsed, ~  2435s remaining, 0.175 runs/s
  [276/700  39.4%] finished Saimiri_boliviensis vs Saimiri_sciureus depth=5X rep=0  |   1577s elapsed, ~  2423s remaining, 0.175 runs/s
  [277/700  39.6%] finished Saimiri_boliviensis vs Gorilla_gorilla depth=7X rep=2  |   1578s elapsed, ~  2409s remaining, 0.176 runs/s
  [278/700  39.7%] finished Saimiri_boliviensis vs Saimiri_sciureus depth=4X rep=2  |   1578s elapsed, ~  2396s remaining, 0.176 runs/s
  [279/700  39.9%] finished Saimiri_boliviensis vs Saimiri_sciureus depth=5X rep=1  |   1581s elapsed, ~  2386s remaining, 0.176 runs/s
  [280/700  40.0%] finished Saimiri_boliviensis vs Saimiri_sciureus depth=5X rep=2  |   1584s elapsed, ~  2375s remaining, 0.177 runs/s
  [281/700  40.1%] finished Saimiri_boliviensis vs Saimiri_sciureus depth=6X rep=0  |   1588s elapsed, ~  2368s remaining, 0.177 runs/s
  [282/700  40.3%] finished Saimiri_boliviensis vs Saimiri_sciureus depth=6X rep=2  |   1591s elapsed, ~  2358s remaining, 0.177 runs/s
  [283/700  40.4%] finished Saimiri_boliviensis vs Saimiri_sciureus depth=6X rep=1  |   1591s elapsed, ~  2345s remaining, 0.178 runs/s
  [284/700  40.6%] finished Saimiri_boliviensis vs Saimiri_sciureus depth=7X rep=0  |   1592s elapsed, ~  2332s remaining, 0.178 runs/s
  [285/700  40.7%] finished Saimiri_boliviensis vs Gorilla_gorilla depth=8X rep=2  |   1597s elapsed, ~  2326s remaining, 0.178 runs/s
  [286/700  40.9%] finished Saimiri_boliviensis vs Saimiri_sciureus depth=7X rep=1  |   1598s elapsed, ~  2313s remaining, 0.179 runs/s
  [287/700  41.0%] finished Saimiri_boliviensis vs Gorilla_gorilla depth=8X rep=0  |   1599s elapsed, ~  2300s remaining, 0.180 runs/s
  [288/700  41.1%] finished Saimiri_boliviensis vs Gorilla_gorilla depth=8X rep=1  |   1601s elapsed, ~  2291s remaining, 0.180 runs/s
  [289/700  41.3%] finished Saimiri_boliviensis vs Saimiri_sciureus depth=7X rep=2  |   1603s elapsed, ~  2280s remaining, 0.180 runs/s
  [290/700  41.4%] finished Saimiri_boliviensis vs Saimiri_sciureus depth=8X rep=0  |   1605s elapsed, ~  2269s remaining, 0.181 runs/s
  [291/700  41.6%] finished Saimiri_boliviensis vs Saimiri_sciureus depth=8X rep=1  |   1605s elapsed, ~  2256s remaining, 0.181 runs/s
  [292/700  41.7%] finished Saimiri_boliviensis vs Saimiri_sciureus depth=8X rep=2  |   1607s elapsed, ~  2245s remaining, 0.182 runs/s
  [293/700  41.9%] finished Saimiri_boliviensis vs Aotus_azarai depth=1X rep=0  |   1617s elapsed, ~  2246s remaining, 0.181 runs/s
  [294/700  42.0%] finished Saimiri_boliviensis vs Aotus_azarai depth=1X rep=1  |   1617s elapsed, ~  2233s remaining, 0.182 runs/s
  [295/700  42.1%] finished Saimiri_boliviensis vs Aotus_azarai depth=1X rep=2  |   1623s elapsed, ~  2228s remaining, 0.182 runs/s
  [296/700  42.3%] finished Saimiri_boliviensis vs Aotus_azarai depth=2X rep=2  |   1630s elapsed, ~  2224s remaining, 0.182 runs/s
  [297/700  42.4%] finished Saimiri_boliviensis vs Aotus_azarai depth=2X rep=0  |   1638s elapsed, ~  2222s remaining, 0.181 runs/s
  [298/700  42.6%] finished Saimiri_boliviensis vs Aotus_azarai depth=3X rep=0  |   1639s elapsed, ~  2210s remaining, 0.182 runs/s
  [299/700  42.7%] finished Saimiri_boliviensis vs Aotus_azarai depth=3X rep=2  |   1642s elapsed, ~  2202s remaining, 0.182 runs/s
  [300/700  42.9%] finished Saimiri_boliviensis vs Aotus_azarai depth=4X rep=0  |   1648s elapsed, ~  2197s remaining, 0.182 runs/s
  [301/700  43.0%] finished Saimiri_boliviensis vs Aotus_azarai depth=2X rep=1  |   1652s elapsed, ~  2189s remaining, 0.182 runs/s
  [302/700  43.1%] finished Saimiri_boliviensis vs Aotus_azarai depth=4X rep=2  |   1652s elapsed, ~  2177s remaining, 0.183 runs/s
  [303/700  43.3%] finished Saimiri_boliviensis vs Aotus_azarai depth=3X rep=1  |   1653s elapsed, ~  2166s remaining, 0.183 runs/s
  [304/700  43.4%] finished Saimiri_boliviensis vs Aotus_azarai depth=5X rep=1  |   1658s elapsed, ~  2160s remaining, 0.183 runs/s
  [305/700  43.6%] finished Saimiri_boliviensis vs Aotus_azarai depth=4X rep=1  |   1664s elapsed, ~  2155s remaining, 0.183 runs/s
  [306/700  43.7%] finished Saimiri_boliviensis vs Aotus_azarai depth=6X rep=1  |   1679s elapsed, ~  2162s remaining, 0.182 runs/s
  [307/700  43.9%] finished Saimiri_boliviensis vs Aotus_azarai depth=5X rep=2  |   1679s elapsed, ~  2150s remaining, 0.183 runs/s
  [308/700  44.0%] finished Saimiri_boliviensis vs Aotus_azarai depth=5X rep=0  |   1680s elapsed, ~  2138s remaining, 0.183 runs/s
  [309/700  44.1%] finished Saimiri_boliviensis vs Aotus_azarai depth=6X rep=0  |   1687s elapsed, ~  2134s remaining, 0.183 runs/s
  [310/700  44.3%] finished Saimiri_boliviensis vs Aotus_azarai depth=6X rep=2  |   1688s elapsed, ~  2123s remaining, 0.184 runs/s
  [311/700  44.4%] finished Saimiri_boliviensis vs Varecia_variegata depth=1X rep=0  |   1693s elapsed, ~  2118s remaining, 0.184 runs/s
  [312/700  44.6%] finished Saimiri_boliviensis vs Aotus_azarai depth=7X rep=2  |   1703s elapsed, ~  2117s remaining, 0.183 runs/s
  [313/700  44.7%] finished Saimiri_boliviensis vs Varecia_variegata depth=1X rep=2  |   1714s elapsed, ~  2119s remaining, 0.183 runs/s
  [314/700  44.9%] finished Saimiri_boliviensis vs Aotus_azarai depth=8X rep=1  |   1714s elapsed, ~  2107s remaining, 0.183 runs/s
  [315/700  45.0%] finished Saimiri_boliviensis vs Varecia_variegata depth=1X rep=1  |   1716s elapsed, ~  2097s remaining, 0.184 runs/s
  [316/700  45.1%] finished Saimiri_boliviensis vs Aotus_azarai depth=7X rep=1  |   1717s elapsed, ~  2086s remaining, 0.184 runs/s
  [317/700  45.3%] finished Saimiri_boliviensis vs Aotus_azarai depth=7X rep=0  |   1726s elapsed, ~  2086s remaining, 0.184 runs/s
  [318/700  45.4%] finished Saimiri_boliviensis vs Aotus_azarai depth=8X rep=2  |   1731s elapsed, ~  2079s remaining, 0.184 runs/s
  [319/700  45.6%] finished Saimiri_boliviensis vs Varecia_variegata depth=2X rep=0  |   1736s elapsed, ~  2073s remaining, 0.184 runs/s
  [320/700  45.7%] finished Saimiri_boliviensis vs Varecia_variegata depth=2X rep=1  |   1743s elapsed, ~  2070s remaining, 0.184 runs/s
  [321/700  45.9%] finished Saimiri_boliviensis vs Varecia_variegata depth=2X rep=2  |   1744s elapsed, ~  2059s remaining, 0.184 runs/s
  [322/700  46.0%] finished Saimiri_boliviensis vs Aotus_azarai depth=8X rep=0  |   1744s elapsed, ~  2048s remaining, 0.185 runs/s
  [323/700  46.1%] finished Saimiri_boliviensis vs Varecia_variegata depth=3X rep=2  |   1755s elapsed, ~  2048s remaining, 0.184 runs/s
  [324/700  46.3%] finished Saimiri_boliviensis vs Varecia_variegata depth=3X rep=0  |   1758s elapsed, ~  2040s remaining, 0.184 runs/s
  [325/700  46.4%] finished Saimiri_boliviensis vs Varecia_variegata depth=3X rep=1  |   1761s elapsed, ~  2032s remaining, 0.185 runs/s
  [326/700  46.6%] finished Saimiri_boliviensis vs Varecia_variegata depth=4X rep=0  |   1780s elapsed, ~  2042s remaining, 0.183 runs/s
  [327/700  46.7%] finished Saimiri_boliviensis vs Varecia_variegata depth=4X rep=2  |   1788s elapsed, ~  2039s remaining, 0.183 runs/s
  [328/700  46.9%] finished Saimiri_boliviensis vs Varecia_variegata depth=4X rep=1  |   1789s elapsed, ~  2029s remaining, 0.183 runs/s
  [329/700  47.0%] finished Saimiri_boliviensis vs Varecia_variegata depth=5X rep=0  |   1799s elapsed, ~  2028s remaining, 0.183 runs/s
  [330/700  47.1%] finished Saimiri_boliviensis vs Varecia_variegata depth=5X rep=1  |   1802s elapsed, ~  2020s remaining, 0.183 runs/s
  [331/700  47.3%] finished Saimiri_boliviensis vs Varecia_variegata depth=5X rep=2  |   1804s elapsed, ~  2011s remaining, 0.184 runs/s
  [332/700  47.4%] finished Saimiri_boliviensis vs Varecia_variegata depth=6X rep=0  |   1818s elapsed, ~  2015s remaining, 0.183 runs/s
  [333/700  47.6%] finished Saimiri_sciureus vs Homo_sapiens depth=1X rep=1  |   1820s elapsed, ~  2005s remaining, 0.183 runs/s
  [334/700  47.7%] finished Saimiri_boliviensis vs Varecia_variegata depth=6X rep=1  |   1824s elapsed, ~  1999s remaining, 0.183 runs/s
  [335/700  47.9%] finished Saimiri_sciureus vs Homo_sapiens depth=1X rep=0  |   1825s elapsed, ~  1988s remaining, 0.184 runs/s
  [336/700  48.0%] finished Saimiri_boliviensis vs Varecia_variegata depth=6X rep=2  |   1827s elapsed, ~  1979s remaining, 0.184 runs/s
  [337/700  48.1%] finished Saimiri_boliviensis vs Varecia_variegata depth=7X rep=0  |   1834s elapsed, ~  1975s remaining, 0.184 runs/s
  [338/700  48.3%] finished Saimiri_boliviensis vs Varecia_variegata depth=7X rep=1  |   1837s elapsed, ~  1968s remaining, 0.184 runs/s
  [339/700  48.4%] finished Saimiri_boliviensis vs Varecia_variegata depth=7X rep=2  |   1848s elapsed, ~  1968s remaining, 0.183 runs/s
  [340/700  48.6%] finished Saimiri_sciureus vs Homo_sapiens depth=2X rep=1  |   1854s elapsed, ~  1963s remaining, 0.183 runs/s
  [341/700  48.7%] finished Saimiri_sciureus vs Homo_sapiens depth=1X rep=2  |   1854s elapsed, ~  1952s remaining, 0.184 runs/s
  [342/700  48.9%] finished Saimiri_boliviensis vs Varecia_variegata depth=8X rep=0  |   1857s elapsed, ~  1944s remaining, 0.184 runs/s
  [343/700  49.0%] finished Saimiri_boliviensis vs Varecia_variegata depth=8X rep=1  |   1865s elapsed, ~  1941s remaining, 0.184 runs/s
  [344/700  49.1%] finished Saimiri_sciureus vs Homo_sapiens depth=2X rep=0  |   1867s elapsed, ~  1932s remaining, 0.184 runs/s
  [345/700  49.3%] finished Saimiri_sciureus vs Homo_sapiens depth=2X rep=2  |   1882s elapsed, ~  1936s remaining, 0.183 runs/s
  [346/700  49.4%] finished Saimiri_boliviensis vs Varecia_variegata depth=8X rep=2  |   1885s elapsed, ~  1929s remaining, 0.184 runs/s
  [347/700  49.6%] finished Saimiri_sciureus vs Homo_sapiens depth=3X rep=0  |   1887s elapsed, ~  1920s remaining, 0.184 runs/s
  [348/700  49.7%] finished Saimiri_sciureus vs Homo_sapiens depth=3X rep=1  |   1897s elapsed, ~  1919s remaining, 0.183 runs/s
  [349/700  49.9%] finished Saimiri_sciureus vs Homo_sapiens depth=3X rep=2  |   1897s elapsed, ~  1908s remaining, 0.184 runs/s
  [350/700  50.0%] finished Saimiri_sciureus vs Homo_sapiens depth=4X rep=0  |   1900s elapsed, ~  1900s remaining, 0.184 runs/s
  [351/700  50.1%] finished Saimiri_sciureus vs Homo_sapiens depth=4X rep=1  |   1909s elapsed, ~  1898s remaining, 0.184 runs/s
  [352/700  50.3%] finished Saimiri_sciureus vs Homo_sapiens depth=4X rep=2  |   1921s elapsed, ~  1899s remaining, 0.183 runs/s
  [353/700  50.4%] finished Saimiri_sciureus vs Homo_sapiens depth=5X rep=0  |   1934s elapsed, ~  1901s remaining, 0.183 runs/s
  [354/700  50.6%] finished Saimiri_sciureus vs Homo_sapiens depth=5X rep=1  |   1935s elapsed, ~  1892s remaining, 0.183 runs/s
  [355/700  50.7%] finished Saimiri_sciureus vs Homo_sapiens depth=6X rep=0  |   1941s elapsed, ~  1886s remaining, 0.183 runs/s
  [356/700  50.9%] finished Saimiri_sciureus vs Homo_sapiens depth=5X rep=2  |   1942s elapsed, ~  1877s remaining, 0.183 runs/s
  [357/700  51.0%] finished Saimiri_sciureus vs Gorilla_gorilla depth=1X rep=1  |   1948s elapsed, ~  1871s remaining, 0.183 runs/s
  [358/700  51.1%] finished Saimiri_sciureus vs Gorilla_gorilla depth=1X rep=0  |   1961s elapsed, ~  1874s remaining, 0.183 runs/s
  [359/700  51.3%] finished Saimiri_sciureus vs Homo_sapiens depth=6X rep=1  |   1962s elapsed, ~  1864s remaining, 0.183 runs/s
  [360/700  51.4%] finished Saimiri_sciureus vs Homo_sapiens depth=6X rep=2  |   1966s elapsed, ~  1856s remaining, 0.183 runs/s
  [361/700  51.6%] finished Saimiri_sciureus vs Gorilla_gorilla depth=1X rep=2  |   1977s elapsed, ~  1857s remaining, 0.183 runs/s
  [362/700  51.7%] finished Saimiri_sciureus vs Homo_sapiens depth=7X rep=1  |   1981s elapsed, ~  1850s remaining, 0.183 runs/s
  [363/700  51.9%] finished Saimiri_sciureus vs Homo_sapiens depth=7X rep=0  |   1994s elapsed, ~  1851s remaining, 0.182 runs/s
  [364/700  52.0%] finished Saimiri_sciureus vs Homo_sapiens depth=7X rep=2  |   1999s elapsed, ~  1845s remaining, 0.182 runs/s
  [365/700  52.1%] finished Saimiri_sciureus vs Gorilla_gorilla depth=2X rep=1  |   2003s elapsed, ~  1839s remaining, 0.182 runs/s
  [366/700  52.3%] finished Saimiri_sciureus vs Gorilla_gorilla depth=2X rep=0  |   2011s elapsed, ~  1835s remaining, 0.182 runs/s
  [367/700  52.4%] finished Saimiri_sciureus vs Homo_sapiens depth=8X rep=1  |   2012s elapsed, ~  1825s remaining, 0.182 runs/s
  [368/700  52.6%] finished Saimiri_sciureus vs Homo_sapiens depth=8X rep=2  |   2014s elapsed, ~  1817s remaining, 0.183 runs/s
  [369/700  52.7%] finished Saimiri_sciureus vs Homo_sapiens depth=8X rep=0  |   2016s elapsed, ~  1809s remaining, 0.183 runs/s
  [370/700  52.9%] finished Saimiri_sciureus vs Gorilla_gorilla depth=2X rep=2  |   2021s elapsed, ~  1802s remaining, 0.183 runs/s
  [371/700  53.0%] finished Saimiri_sciureus vs Gorilla_gorilla depth=3X rep=0  |   2029s elapsed, ~  1799s remaining, 0.183 runs/s
  [372/700  53.1%] finished Saimiri_sciureus vs Gorilla_gorilla depth=3X rep=1  |   2042s elapsed, ~  1800s remaining, 0.182 runs/s
  [373/700  53.3%] finished Saimiri_sciureus vs Gorilla_gorilla depth=3X rep=2  |   2048s elapsed, ~  1796s remaining, 0.182 runs/s
  [374/700  53.4%] finished Saimiri_sciureus vs Gorilla_gorilla depth=4X rep=0  |   2054s elapsed, ~  1791s remaining, 0.182 runs/s
  [375/700  53.6%] finished Saimiri_sciureus vs Gorilla_gorilla depth=4X rep=2  |   2056s elapsed, ~  1782s remaining, 0.182 runs/s
  [376/700  53.7%] finished Saimiri_sciureus vs Gorilla_gorilla depth=4X rep=1  |   2064s elapsed, ~  1779s remaining, 0.182 runs/s
  [377/700  53.9%] finished Saimiri_sciureus vs Saimiri_boliviensis depth=1X rep=0  |   2075s elapsed, ~  1777s remaining, 0.182 runs/s
  [378/700  54.0%] finished Saimiri_sciureus vs Gorilla_gorilla depth=5X rep=1  |   2084s elapsed, ~  1775s remaining, 0.181 runs/s
  [379/700  54.1%] finished Saimiri_sciureus vs Gorilla_gorilla depth=5X rep=0  |   2086s elapsed, ~  1767s remaining, 0.182 runs/s
  [380/700  54.3%] finished Saimiri_sciureus vs Saimiri_boliviensis depth=1X rep=1  |   2087s elapsed, ~  1757s remaining, 0.182 runs/s
  [381/700  54.4%] finished Saimiri_sciureus vs Gorilla_gorilla depth=5X rep=2  |   2093s elapsed, ~  1752s remaining, 0.182 runs/s
  [382/700  54.6%] finished Saimiri_sciureus vs Saimiri_boliviensis depth=1X rep=2  |   2093s elapsed, ~  1742s remaining, 0.183 runs/s
  [383/700  54.7%] finished Saimiri_sciureus vs Gorilla_gorilla depth=6X rep=1  |   2107s elapsed, ~  1744s remaining, 0.182 runs/s
  [384/700  54.9%] finished Saimiri_sciureus vs Saimiri_boliviensis depth=2X rep=1  |   2111s elapsed, ~  1737s remaining, 0.182 runs/s
  [385/700  55.0%] finished Saimiri_sciureus vs Saimiri_boliviensis depth=2X rep=0  |   2112s elapsed, ~  1728s remaining, 0.182 runs/s
  [386/700  55.1%] finished Saimiri_sciureus vs Gorilla_gorilla depth=6X rep=0  |   2113s elapsed, ~  1719s remaining, 0.183 runs/s
  [387/700  55.3%] finished Saimiri_sciureus vs Gorilla_gorilla depth=6X rep=2  |   2114s elapsed, ~  1710s remaining, 0.183 runs/s
  [388/700  55.4%] finished Saimiri_sciureus vs Gorilla_gorilla depth=7X rep=0  |   2116s elapsed, ~  1701s remaining, 0.183 runs/s
  [389/700  55.6%] finished Saimiri_sciureus vs Saimiri_boliviensis depth=2X rep=2  |   2116s elapsed, ~  1692s remaining, 0.184 runs/s
  [390/700  55.7%] finished Saimiri_sciureus vs Saimiri_boliviensis depth=3X rep=1  |   2119s elapsed, ~  1685s remaining, 0.184 runs/s
  [391/700  55.9%] finished Saimiri_sciureus vs Saimiri_boliviensis depth=3X rep=0  |   2123s elapsed, ~  1678s remaining, 0.184 runs/s
  [392/700  56.0%] finished Saimiri_sciureus vs Gorilla_gorilla depth=7X rep=2  |   2126s elapsed, ~  1670s remaining, 0.184 runs/s
  [393/700  56.1%] finished Saimiri_sciureus vs Saimiri_boliviensis depth=3X rep=2  |   2133s elapsed, ~  1666s remaining, 0.184 runs/s
  [394/700  56.3%] finished Saimiri_sciureus vs Gorilla_gorilla depth=7X rep=1  |   2133s elapsed, ~  1657s remaining, 0.185 runs/s
  [395/700  56.4%] finished Saimiri_sciureus vs Saimiri_boliviensis depth=4X rep=0  |   2142s elapsed, ~  1654s remaining, 0.184 runs/s
  [396/700  56.6%] finished Saimiri_sciureus vs Saimiri_boliviensis depth=4X rep=1  |   2143s elapsed, ~  1645s remaining, 0.185 runs/s
  [397/700  56.7%] finished Saimiri_sciureus vs Gorilla_gorilla depth=8X rep=0  |   2145s elapsed, ~  1637s remaining, 0.185 runs/s
  [398/700  56.9%] finished Saimiri_sciureus vs Saimiri_boliviensis depth=4X rep=2  |   2146s elapsed, ~  1628s remaining, 0.185 runs/s
  [399/700  57.0%] finished Saimiri_sciureus vs Saimiri_boliviensis depth=5X rep=1  |   2148s elapsed, ~  1620s remaining, 0.186 runs/s
  [400/700  57.1%] finished Saimiri_sciureus vs Saimiri_boliviensis depth=5X rep=2  |   2148s elapsed, ~  1611s remaining, 0.186 runs/s
  [401/700  57.3%] finished Saimiri_sciureus vs Saimiri_boliviensis depth=5X rep=0  |   2151s elapsed, ~  1604s remaining, 0.186 runs/s
  [402/700  57.4%] finished Saimiri_sciureus vs Saimiri_boliviensis depth=6X rep=2  |   2156s elapsed, ~  1598s remaining, 0.186 runs/s
  [403/700  57.6%] finished Saimiri_sciureus vs Saimiri_boliviensis depth=6X rep=0  |   2156s elapsed, ~  1589s remaining, 0.187 runs/s
  [404/700  57.7%] finished Saimiri_sciureus vs Saimiri_boliviensis depth=6X rep=1  |   2158s elapsed, ~  1581s remaining, 0.187 runs/s
  [405/700  57.9%] finished Saimiri_sciureus vs Saimiri_boliviensis depth=7X rep=0  |   2164s elapsed, ~  1576s remaining, 0.187 runs/s
  [406/700  58.0%] finished Saimiri_sciureus vs Saimiri_boliviensis depth=7X rep=1  |   2166s elapsed, ~  1569s remaining, 0.187 runs/s
  [407/700  58.1%] finished Saimiri_sciureus vs Gorilla_gorilla depth=8X rep=1  |   2172s elapsed, ~  1564s remaining, 0.187 runs/s
  [408/700  58.3%] finished Saimiri_sciureus vs Gorilla_gorilla depth=8X rep=2  |   2174s elapsed, ~  1556s remaining, 0.188 runs/s
  [409/700  58.4%] finished Saimiri_sciureus vs Saimiri_boliviensis depth=7X rep=2  |   2174s elapsed, ~  1547s remaining, 0.188 runs/s
  [410/700  58.6%] finished Saimiri_sciureus vs Saimiri_boliviensis depth=8X rep=0  |   2178s elapsed, ~  1540s remaining, 0.188 runs/s
  [411/700  58.7%] finished Saimiri_sciureus vs Saimiri_boliviensis depth=8X rep=1  |   2179s elapsed, ~  1532s remaining, 0.189 runs/s
  [412/700  58.9%] finished Saimiri_sciureus vs Saimiri_boliviensis depth=8X rep=2  |   2180s elapsed, ~  1524s remaining, 0.189 runs/s
  [413/700  59.0%] finished Saimiri_sciureus vs Aotus_azarai depth=1X rep=0  |   2187s elapsed, ~  1520s remaining, 0.189 runs/s
  [414/700  59.1%] finished Saimiri_sciureus vs Aotus_azarai depth=1X rep=1  |   2188s elapsed, ~  1512s remaining, 0.189 runs/s
  [415/700  59.3%] finished Saimiri_sciureus vs Aotus_azarai depth=1X rep=2  |   2192s elapsed, ~  1505s remaining, 0.189 runs/s
  [416/700  59.4%] finished Saimiri_sciureus vs Aotus_azarai depth=2X rep=2  |   2205s elapsed, ~  1505s remaining, 0.189 runs/s
  [417/700  59.6%] finished Saimiri_sciureus vs Aotus_azarai depth=2X rep=0  |   2210s elapsed, ~  1500s remaining, 0.189 runs/s
  [418/700  59.7%] finished Saimiri_sciureus vs Aotus_azarai depth=3X rep=0  |   2213s elapsed, ~  1493s remaining, 0.189 runs/s
  [419/700  59.9%] finished Saimiri_sciureus vs Aotus_azarai depth=3X rep=2  |   2219s elapsed, ~  1488s remaining, 0.189 runs/s
  [420/700  60.0%] finished Saimiri_sciureus vs Aotus_azarai depth=2X rep=1  |   2227s elapsed, ~  1485s remaining, 0.189 runs/s
  [421/700  60.1%] finished Saimiri_sciureus vs Aotus_azarai depth=4X rep=0  |   2229s elapsed, ~  1477s remaining, 0.189 runs/s
  [422/700  60.3%] finished Saimiri_sciureus vs Aotus_azarai depth=3X rep=1  |   2230s elapsed, ~  1469s remaining, 0.189 runs/s
  [423/700  60.4%] finished Saimiri_sciureus vs Aotus_azarai depth=4X rep=2  |   2230s elapsed, ~  1461s remaining, 0.190 runs/s
  [424/700  60.6%] finished Saimiri_sciureus vs Aotus_azarai depth=5X rep=1  |   2236s elapsed, ~  1456s remaining, 0.190 runs/s
  [425/700  60.7%] finished Saimiri_sciureus vs Aotus_azarai depth=4X rep=1  |   2239s elapsed, ~  1449s remaining, 0.190 runs/s
  [426/700  60.9%] finished Saimiri_sciureus vs Aotus_azarai depth=6X rep=1  |   2251s elapsed, ~  1448s remaining, 0.189 runs/s
  [427/700  61.0%] finished Saimiri_sciureus vs Aotus_azarai depth=5X rep=2  |   2255s elapsed, ~  1442s remaining, 0.189 runs/s
  [428/700  61.1%] finished Saimiri_sciureus vs Aotus_azarai depth=5X rep=0  |   2258s elapsed, ~  1435s remaining, 0.190 runs/s
  [429/700  61.3%] finished Saimiri_sciureus vs Aotus_azarai depth=6X rep=0  |   2261s elapsed, ~  1428s remaining, 0.190 runs/s
  [430/700  61.4%] finished Saimiri_sciureus vs Aotus_azarai depth=6X rep=2  |   2264s elapsed, ~  1422s remaining, 0.190 runs/s
  [431/700  61.6%] finished Saimiri_sciureus vs Varecia_variegata depth=1X rep=0  |   2275s elapsed, ~  1420s remaining, 0.189 runs/s
  [432/700  61.7%] finished Saimiri_sciureus vs Aotus_azarai depth=7X rep=0  |   2287s elapsed, ~  1419s remaining, 0.189 runs/s
  [433/700  61.9%] finished Saimiri_sciureus vs Aotus_azarai depth=7X rep=2  |   2293s elapsed, ~  1414s remaining, 0.189 runs/s
  [434/700  62.0%] finished Saimiri_sciureus vs Aotus_azarai depth=7X rep=1  |   2305s elapsed, ~  1413s remaining, 0.188 runs/s
  [435/700  62.1%] finished Saimiri_sciureus vs Varecia_variegata depth=1X rep=2  |   2320s elapsed, ~  1413s remaining, 0.188 runs/s
  [436/700  62.3%] finished Saimiri_sciureus vs Varecia_variegata depth=1X rep=1  |   2333s elapsed, ~  1413s remaining, 0.187 runs/s
  [437/700  62.4%] finished Saimiri_sciureus vs Aotus_azarai depth=8X rep=1  |   2333s elapsed, ~  1404s remaining, 0.187 runs/s
  [438/700  62.6%] finished Saimiri_sciureus vs Varecia_variegata depth=2X rep=0  |   2346s elapsed, ~  1403s remaining, 0.187 runs/s
  [439/700  62.7%] finished Saimiri_sciureus vs Varecia_variegata depth=2X rep=2  |   2349s elapsed, ~  1397s remaining, 0.187 runs/s
  [440/700  62.9%] finished Saimiri_sciureus vs Aotus_azarai depth=8X rep=2  |   2356s elapsed, ~  1392s remaining, 0.187 runs/s
  [441/700  63.0%] finished Saimiri_sciureus vs Varecia_variegata depth=3X rep=1  |   2357s elapsed, ~  1384s remaining, 0.187 runs/s
  [442/700  63.1%] finished Saimiri_sciureus vs Varecia_variegata depth=3X rep=0  |   2358s elapsed, ~  1377s remaining, 0.187 runs/s
  [443/700  63.3%] finished Saimiri_sciureus vs Varecia_variegata depth=2X rep=1  |   2365s elapsed, ~  1372s remaining, 0.187 runs/s
  [444/700  63.4%] finished Saimiri_sciureus vs Varecia_variegata depth=3X rep=2  |   2365s elapsed, ~  1364s remaining, 0.188 runs/s
  [445/700  63.6%] finished Saimiri_sciureus vs Aotus_azarai depth=8X rep=0  |   2367s elapsed, ~  1357s remaining, 0.188 runs/s
  [446/700  63.7%] finished Saimiri_sciureus vs Varecia_variegata depth=4X rep=0  |   2379s elapsed, ~  1355s remaining, 0.187 runs/s
  [447/700  63.9%] finished Saimiri_sciureus vs Varecia_variegata depth=4X rep=1  |   2383s elapsed, ~  1349s remaining, 0.188 runs/s
  [448/700  64.0%] finished Saimiri_sciureus vs Varecia_variegata depth=4X rep=2  |   2394s elapsed, ~  1347s remaining, 0.187 runs/s
  [449/700  64.1%] finished Aotus_azarai vs Homo_sapiens depth=1X rep=0  |   2422s elapsed, ~  1354s remaining, 0.185 runs/s
  [450/700  64.3%] finished Saimiri_sciureus vs Varecia_variegata depth=5X rep=0  |   2428s elapsed, ~  1349s remaining, 0.185 runs/s
  [451/700  64.4%] finished Saimiri_sciureus vs Varecia_variegata depth=5X rep=2  |   2431s elapsed, ~  1342s remaining, 0.186 runs/s
  [452/700  64.6%] finished Saimiri_sciureus vs Varecia_variegata depth=5X rep=1  |   2434s elapsed, ~  1335s remaining, 0.186 runs/s
  [453/700  64.7%] finished Aotus_azarai vs Homo_sapiens depth=1X rep=1  |   2448s elapsed, ~  1335s remaining, 0.185 runs/s
  [454/700  64.9%] finished Saimiri_sciureus vs Varecia_variegata depth=6X rep=1  |   2458s elapsed, ~  1332s remaining, 0.185 runs/s
  [455/700  65.0%] finished Saimiri_sciureus vs Varecia_variegata depth=6X rep=0  |   2458s elapsed, ~  1324s remaining, 0.185 runs/s
  [456/700  65.1%] finished Saimiri_sciureus vs Varecia_variegata depth=7X rep=0  |   2466s elapsed, ~  1319s remaining, 0.185 runs/s
  [457/700  65.3%] finished Saimiri_sciureus vs Varecia_variegata depth=7X rep=1  |   2467s elapsed, ~  1312s remaining, 0.185 runs/s
  [458/700  65.4%] finished Saimiri_sciureus vs Varecia_variegata depth=6X rep=2  |   2469s elapsed, ~  1305s remaining, 0.185 runs/s
  [459/700  65.6%] finished Saimiri_sciureus vs Varecia_variegata depth=7X rep=2  |   2476s elapsed, ~  1300s remaining, 0.185 runs/s
  [460/700  65.7%] finished Aotus_azarai vs Homo_sapiens depth=1X rep=2  |   2480s elapsed, ~  1294s remaining, 0.185 runs/s
  [461/700  65.9%] finished Saimiri_sciureus vs Varecia_variegata depth=8X rep=0  |   2481s elapsed, ~  1286s remaining, 0.186 runs/s
  [462/700  66.0%] finished Saimiri_sciureus vs Varecia_variegata depth=8X rep=2  |   2493s elapsed, ~  1284s remaining, 0.185 runs/s
  [463/700  66.1%] finished Aotus_azarai vs Homo_sapiens depth=2X rep=1  |   2493s elapsed, ~  1276s remaining, 0.186 runs/s
  [464/700  66.3%] finished Saimiri_sciureus vs Varecia_variegata depth=8X rep=1  |   2494s elapsed, ~  1269s remaining, 0.186 runs/s
  [465/700  66.4%] finished Aotus_azarai vs Homo_sapiens depth=2X rep=0  |   2501s elapsed, ~  1264s remaining, 0.186 runs/s
  [466/700  66.6%] finished Aotus_azarai vs Homo_sapiens depth=2X rep=2  |   2508s elapsed, ~  1259s remaining, 0.186 runs/s
  [467/700  66.7%] finished Aotus_azarai vs Homo_sapiens depth=3X rep=0  |   2534s elapsed, ~  1264s remaining, 0.184 runs/s
  [468/700  66.9%] finished Aotus_azarai vs Homo_sapiens depth=3X rep=1  |   2538s elapsed, ~  1258s remaining, 0.184 runs/s
  [469/700  67.0%] finished Aotus_azarai vs Homo_sapiens depth=3X rep=2  |   2541s elapsed, ~  1252s remaining, 0.185 runs/s
  [470/700  67.1%] finished Aotus_azarai vs Homo_sapiens depth=4X rep=0  |   2546s elapsed, ~  1246s remaining, 0.185 runs/s
  [471/700  67.3%] finished Aotus_azarai vs Homo_sapiens depth=4X rep=1  |   2549s elapsed, ~  1240s remaining, 0.185 runs/s
  [472/700  67.4%] finished Aotus_azarai vs Homo_sapiens depth=4X rep=2  |   2558s elapsed, ~  1235s remaining, 0.185 runs/s
  [473/700  67.6%] finished Aotus_azarai vs Homo_sapiens depth=5X rep=1  |   2563s elapsed, ~  1230s remaining, 0.185 runs/s
  [474/700  67.7%] finished Aotus_azarai vs Homo_sapiens depth=5X rep=0  |   2563s elapsed, ~  1222s remaining, 0.185 runs/s
  [475/700  67.9%] finished Aotus_azarai vs Homo_sapiens depth=5X rep=2  |   2567s elapsed, ~  1216s remaining, 0.185 runs/s
  [476/700  68.0%] finished Aotus_azarai vs Homo_sapiens depth=6X rep=0  |   2578s elapsed, ~  1213s remaining, 0.185 runs/s
  [477/700  68.1%] finished Aotus_azarai vs Homo_sapiens depth=6X rep=1  |   2579s elapsed, ~  1206s remaining, 0.185 runs/s
  [478/700  68.3%] finished Aotus_azarai vs Gorilla_gorilla depth=1X rep=0  |   2584s elapsed, ~  1200s remaining, 0.185 runs/s
  [479/700  68.4%] finished Aotus_azarai vs Homo_sapiens depth=6X rep=2  |   2584s elapsed, ~  1192s remaining, 0.185 runs/s
  [480/700  68.6%] finished Aotus_azarai vs Homo_sapiens depth=7X rep=0  |   2592s elapsed, ~  1188s remaining, 0.185 runs/s
  [481/700  68.7%] finished Aotus_azarai vs Homo_sapiens depth=7X rep=1  |   2598s elapsed, ~  1183s remaining, 0.185 runs/s
  [482/700  68.9%] finished Aotus_azarai vs Gorilla_gorilla depth=1X rep=1  |   2616s elapsed, ~  1183s remaining, 0.184 runs/s
  [483/700  69.0%] finished Aotus_azarai vs Gorilla_gorilla depth=1X rep=2  |   2618s elapsed, ~  1176s remaining, 0.185 runs/s
  [484/700  69.1%] finished Aotus_azarai vs Gorilla_gorilla depth=2X rep=0  |   2630s elapsed, ~  1174s remaining, 0.184 runs/s
  [485/700  69.3%] finished Aotus_azarai vs Gorilla_gorilla depth=2X rep=1  |   2631s elapsed, ~  1166s remaining, 0.184 runs/s
  [486/700  69.4%] finished Aotus_azarai vs Homo_sapiens depth=7X rep=2  |   2635s elapsed, ~  1160s remaining, 0.184 runs/s
  [487/700  69.6%] finished Aotus_azarai vs Homo_sapiens depth=8X rep=0  |   2640s elapsed, ~  1155s remaining, 0.184 runs/s
  [488/700  69.7%] finished Aotus_azarai vs Gorilla_gorilla depth=2X rep=2  |   2647s elapsed, ~  1150s remaining, 0.184 runs/s
  [489/700  69.9%] finished Aotus_azarai vs Homo_sapiens depth=8X rep=1  |   2647s elapsed, ~  1142s remaining, 0.185 runs/s
  [490/700  70.0%] finished Aotus_azarai vs Homo_sapiens depth=8X rep=2  |   2651s elapsed, ~  1136s remaining, 0.185 runs/s
  [491/700  70.1%] finished Aotus_azarai vs Gorilla_gorilla depth=3X rep=0  |   2652s elapsed, ~  1129s remaining, 0.185 runs/s
  [492/700  70.3%] finished Aotus_azarai vs Gorilla_gorilla depth=3X rep=1  |   2654s elapsed, ~  1122s remaining, 0.185 runs/s
  [493/700  70.4%] finished Aotus_azarai vs Gorilla_gorilla depth=3X rep=2  |   2657s elapsed, ~  1116s remaining, 0.186 runs/s
  [494/700  70.6%] finished Aotus_azarai vs Gorilla_gorilla depth=4X rep=0  |   2670s elapsed, ~  1113s remaining, 0.185 runs/s
  [495/700  70.7%] finished Aotus_azarai vs Gorilla_gorilla depth=4X rep=1  |   2679s elapsed, ~  1109s remaining, 0.185 runs/s
  [496/700  70.9%] finished Aotus_azarai vs Gorilla_gorilla depth=4X rep=2  |   2709s elapsed, ~  1114s remaining, 0.183 runs/s
  [497/700  71.0%] finished Aotus_azarai vs Gorilla_gorilla depth=5X rep=0  |   2714s elapsed, ~  1108s remaining, 0.183 runs/s
  [498/700  71.1%] finished Aotus_azarai vs Saimiri_boliviensis depth=1X rep=0  |   2716s elapsed, ~  1102s remaining, 0.183 runs/s
  [499/700  71.3%] finished Aotus_azarai vs Gorilla_gorilla depth=5X rep=1  |   2724s elapsed, ~  1097s remaining, 0.183 runs/s
  [500/700  71.4%] finished Aotus_azarai vs Gorilla_gorilla depth=5X rep=2  |   2725s elapsed, ~  1090s remaining, 0.184 runs/s
  [501/700  71.6%] finished Aotus_azarai vs Gorilla_gorilla depth=6X rep=1  |   2735s elapsed, ~  1087s remaining, 0.183 runs/s
  [502/700  71.7%] finished Aotus_azarai vs Gorilla_gorilla depth=6X rep=0  |   2737s elapsed, ~  1080s remaining, 0.183 runs/s
  [503/700  71.9%] finished Aotus_azarai vs Gorilla_gorilla depth=6X rep=2  |   2741s elapsed, ~  1073s remaining, 0.184 runs/s
  [504/700  72.0%] finished Aotus_azarai vs Gorilla_gorilla depth=7X rep=0  |   2744s elapsed, ~  1067s remaining, 0.184 runs/s
  [505/700  72.1%] finished Aotus_azarai vs Saimiri_boliviensis depth=1X rep=1  |   2745s elapsed, ~  1060s remaining, 0.184 runs/s
  [506/700  72.3%] finished Aotus_azarai vs Gorilla_gorilla depth=7X rep=1  |   2747s elapsed, ~  1053s remaining, 0.184 runs/s
  [507/700  72.4%] finished Aotus_azarai vs Saimiri_boliviensis depth=1X rep=2  |   2749s elapsed, ~  1046s remaining, 0.184 runs/s
  [508/700  72.6%] finished Aotus_azarai vs Gorilla_gorilla depth=7X rep=2  |   2749s elapsed, ~  1039s remaining, 0.185 runs/s
  [509/700  72.7%] finished Aotus_azarai vs Gorilla_gorilla depth=8X rep=0  |   2751s elapsed, ~  1032s remaining, 0.185 runs/s
  [510/700  72.9%] finished Aotus_azarai vs Saimiri_boliviensis depth=2X rep=0  |   2757s elapsed, ~  1027s remaining, 0.185 runs/s
  [511/700  73.0%] finished Aotus_azarai vs Gorilla_gorilla depth=8X rep=1  |   2757s elapsed, ~  1020s remaining, 0.185 runs/s
  [512/700  73.1%] finished Aotus_azarai vs Saimiri_boliviensis depth=2X rep=1  |   2762s elapsed, ~  1014s remaining, 0.185 runs/s
  [513/700  73.3%] finished Aotus_azarai vs Saimiri_boliviensis depth=2X rep=2  |   2763s elapsed, ~  1007s remaining, 0.186 runs/s
  [514/700  73.4%] finished Aotus_azarai vs Gorilla_gorilla depth=8X rep=2  |   2765s elapsed, ~  1000s remaining, 0.186 runs/s
  [515/700  73.6%] finished Aotus_azarai vs Saimiri_boliviensis depth=3X rep=1  |   2781s elapsed, ~   999s remaining, 0.185 runs/s
  [516/700  73.7%] finished Aotus_azarai vs Saimiri_boliviensis depth=3X rep=2  |   2786s elapsed, ~   993s remaining, 0.185 runs/s
  [517/700  73.9%] finished Aotus_azarai vs Saimiri_boliviensis depth=3X rep=0  |   2790s elapsed, ~   988s remaining, 0.185 runs/s
  [518/700  74.0%] finished Aotus_azarai vs Saimiri_boliviensis depth=4X rep=0  |   2793s elapsed, ~   981s remaining, 0.185 runs/s
  [519/700  74.1%] finished Aotus_azarai vs Saimiri_boliviensis depth=5X rep=0  |   2799s elapsed, ~   976s remaining, 0.185 runs/s
  [520/700  74.3%] finished Aotus_azarai vs Saimiri_boliviensis depth=4X rep=1  |   2803s elapsed, ~   970s remaining, 0.186 runs/s
  [521/700  74.4%] finished Aotus_azarai vs Saimiri_boliviensis depth=4X rep=2  |   2806s elapsed, ~   964s remaining, 0.186 runs/s
  [522/700  74.6%] finished Aotus_azarai vs Saimiri_boliviensis depth=5X rep=2  |   2814s elapsed, ~   960s remaining, 0.186 runs/s
  [523/700  74.7%] finished Aotus_azarai vs Saimiri_boliviensis depth=7X rep=1  |   2824s elapsed, ~   956s remaining, 0.185 runs/s
  [524/700  74.9%] finished Aotus_azarai vs Saimiri_boliviensis depth=6X rep=1  |   2828s elapsed, ~   950s remaining, 0.185 runs/s
  [525/700  75.0%] finished Aotus_azarai vs Saimiri_boliviensis depth=5X rep=1  |   2832s elapsed, ~   944s remaining, 0.185 runs/s
  [526/700  75.1%] finished Aotus_azarai vs Saimiri_sciureus depth=1X rep=0  |   2839s elapsed, ~   939s remaining, 0.185 runs/s
  [527/700  75.3%] finished Aotus_azarai vs Saimiri_sciureus depth=1X rep=2  |   2839s elapsed, ~   932s remaining, 0.186 runs/s
  [528/700  75.4%] finished Aotus_azarai vs Saimiri_sciureus depth=1X rep=1  |   2843s elapsed, ~   926s remaining, 0.186 runs/s
  [529/700  75.6%] finished Aotus_azarai vs Saimiri_boliviensis depth=7X rep=2  |   2845s elapsed, ~   920s remaining, 0.186 runs/s
  [530/700  75.7%] finished Aotus_azarai vs Saimiri_boliviensis depth=6X rep=0  |   2846s elapsed, ~   913s remaining, 0.186 runs/s
  [531/700  75.9%] finished Aotus_azarai vs Saimiri_boliviensis depth=6X rep=2  |   2849s elapsed, ~   907s remaining, 0.186 runs/s
  [532/700  76.0%] finished Aotus_azarai vs Saimiri_boliviensis depth=8X rep=0  |   2853s elapsed, ~   901s remaining, 0.186 runs/s
  [533/700  76.1%] finished Aotus_azarai vs Saimiri_boliviensis depth=7X rep=0  |   2853s elapsed, ~   894s remaining, 0.187 runs/s
  [534/700  76.3%] finished Aotus_azarai vs Saimiri_sciureus depth=2X rep=0  |   2855s elapsed, ~   888s remaining, 0.187 runs/s
  [535/700  76.4%] finished Aotus_azarai vs Saimiri_boliviensis depth=8X rep=2  |   2859s elapsed, ~   882s remaining, 0.187 runs/s
  [536/700  76.6%] finished Aotus_azarai vs Saimiri_sciureus depth=2X rep=1  |   2867s elapsed, ~   877s remaining, 0.187 runs/s
  [537/700  76.7%] finished Aotus_azarai vs Saimiri_sciureus depth=2X rep=2  |   2870s elapsed, ~   871s remaining, 0.187 runs/s
  [538/700  76.9%] finished Aotus_azarai vs Saimiri_sciureus depth=3X rep=2  |   2885s elapsed, ~   869s remaining, 0.186 runs/s
  [539/700  77.0%] finished Aotus_azarai vs Saimiri_boliviensis depth=8X rep=1  |   2890s elapsed, ~   863s remaining, 0.187 runs/s
  [540/700  77.1%] finished Aotus_azarai vs Saimiri_sciureus depth=3X rep=0  |   2893s elapsed, ~   857s remaining, 0.187 runs/s
  [541/700  77.3%] finished Aotus_azarai vs Saimiri_sciureus depth=4X rep=0  |   2893s elapsed, ~   850s remaining, 0.187 runs/s
  [542/700  77.4%] finished Aotus_azarai vs Saimiri_sciureus depth=4X rep=1  |   2896s elapsed, ~   844s remaining, 0.187 runs/s
  [543/700  77.6%] finished Aotus_azarai vs Saimiri_sciureus depth=5X rep=0  |   2902s elapsed, ~   839s remaining, 0.187 runs/s
  [544/700  77.7%] finished Aotus_azarai vs Saimiri_sciureus depth=3X rep=1  |   2910s elapsed, ~   834s remaining, 0.187 runs/s
  [545/700  77.9%] finished Aotus_azarai vs Saimiri_sciureus depth=5X rep=1  |   2918s elapsed, ~   830s remaining, 0.187 runs/s
  [546/700  78.0%] finished Aotus_azarai vs Saimiri_sciureus depth=4X rep=2  |   2922s elapsed, ~   824s remaining, 0.187 runs/s
  [547/700  78.1%] finished Aotus_azarai vs Saimiri_sciureus depth=6X rep=2  |   2925s elapsed, ~   818s remaining, 0.187 runs/s
  [548/700  78.3%] finished Aotus_azarai vs Saimiri_sciureus depth=6X rep=0  |   2925s elapsed, ~   811s remaining, 0.187 runs/s
  [549/700  78.4%] finished Aotus_azarai vs Saimiri_sciureus depth=5X rep=2  |   2932s elapsed, ~   806s remaining, 0.187 runs/s
  [550/700  78.6%] finished Aotus_azarai vs Varecia_variegata depth=1X rep=0  |   2942s elapsed, ~   802s remaining, 0.187 runs/s
  [551/700  78.7%] finished Aotus_azarai vs Saimiri_sciureus depth=6X rep=1  |   2948s elapsed, ~   797s remaining, 0.187 runs/s
  [552/700  78.9%] finished Aotus_azarai vs Saimiri_sciureus depth=7X rep=2  |   2955s elapsed, ~   792s remaining, 0.187 runs/s
  [553/700  79.0%] finished Aotus_azarai vs Varecia_variegata depth=1X rep=1  |   2959s elapsed, ~   786s remaining, 0.187 runs/s
  [554/700  79.1%] finished Aotus_azarai vs Saimiri_sciureus depth=8X rep=1  |   2961s elapsed, ~   780s remaining, 0.187 runs/s
  [555/700  79.3%] finished Aotus_azarai vs Saimiri_sciureus depth=8X rep=2  |   2961s elapsed, ~   774s remaining, 0.187 runs/s
  [556/700  79.4%] finished Aotus_azarai vs Saimiri_sciureus depth=7X rep=0  |   2964s elapsed, ~   768s remaining, 0.188 runs/s
  [557/700  79.6%] finished Aotus_azarai vs Varecia_variegata depth=1X rep=2  |   2966s elapsed, ~   761s remaining, 0.188 runs/s
  [558/700  79.7%] finished Aotus_azarai vs Saimiri_sciureus depth=7X rep=1  |   2971s elapsed, ~   756s remaining, 0.188 runs/s
  [559/700  79.9%] finished Aotus_azarai vs Saimiri_sciureus depth=8X rep=0  |   2975s elapsed, ~   750s remaining, 0.188 runs/s
  [560/700  80.0%] finished Aotus_azarai vs Varecia_variegata depth=2X rep=0  |   2986s elapsed, ~   747s remaining, 0.188 runs/s
  [561/700  80.1%] finished Aotus_azarai vs Varecia_variegata depth=2X rep=2  |   2988s elapsed, ~   740s remaining, 0.188 runs/s
  [562/700  80.3%] finished Aotus_azarai vs Varecia_variegata depth=2X rep=1  |   2989s elapsed, ~   734s remaining, 0.188 runs/s
  [563/700  80.4%] finished Aotus_azarai vs Varecia_variegata depth=3X rep=0  |   3001s elapsed, ~   730s remaining, 0.188 runs/s
  [564/700  80.6%] finished Aotus_azarai vs Varecia_variegata depth=3X rep=1  |   3013s elapsed, ~   726s remaining, 0.187 runs/s
  [565/700  80.7%] finished Aotus_azarai vs Varecia_variegata depth=3X rep=2  |   3018s elapsed, ~   721s remaining, 0.187 runs/s
  [566/700  80.9%] finished Aotus_azarai vs Varecia_variegata depth=4X rep=0  |   3034s elapsed, ~   718s remaining, 0.187 runs/s
  [567/700  81.0%] finished Aotus_azarai vs Varecia_variegata depth=4X rep=1  |   3034s elapsed, ~   712s remaining, 0.187 runs/s
  [568/700  81.1%] finished Aotus_azarai vs Varecia_variegata depth=4X rep=2  |   3042s elapsed, ~   707s remaining, 0.187 runs/s
  [569/700  81.3%] finished Aotus_azarai vs Varecia_variegata depth=5X rep=2  |   3048s elapsed, ~   702s remaining, 0.187 runs/s
  [570/700  81.4%] finished Aotus_azarai vs Varecia_variegata depth=5X rep=0  |   3049s elapsed, ~   695s remaining, 0.187 runs/s
  [571/700  81.6%] finished Aotus_azarai vs Varecia_variegata depth=5X rep=1  |   3050s elapsed, ~   689s remaining, 0.187 runs/s
  [572/700  81.7%] finished Aotus_azarai vs Varecia_variegata depth=6X rep=1  |   3066s elapsed, ~   686s remaining, 0.187 runs/s
  [573/700  81.9%] finished Aotus_azarai vs Varecia_variegata depth=6X rep=0  |   3067s elapsed, ~   680s remaining, 0.187 runs/s
  [574/700  82.0%] finished Aotus_azarai vs Varecia_variegata depth=6X rep=2  |   3078s elapsed, ~   676s remaining, 0.187 runs/s
  [575/700  82.1%] finished Aotus_azarai vs Varecia_variegata depth=7X rep=0  |   3087s elapsed, ~   671s remaining, 0.186 runs/s
  [576/700  82.3%] finished Aotus_azarai vs Varecia_variegata depth=7X rep=1  |   3091s elapsed, ~   665s remaining, 0.186 runs/s
  [577/700  82.4%] finished Varecia_variegata vs Homo_sapiens depth=1X rep=0  |   3092s elapsed, ~   659s remaining, 0.187 runs/s
  [578/700  82.6%] finished Varecia_variegata vs Homo_sapiens depth=1X rep=2  |   3092s elapsed, ~   653s remaining, 0.187 runs/s
  [579/700  82.7%] finished Varecia_variegata vs Homo_sapiens depth=1X rep=1  |   3093s elapsed, ~   646s remaining, 0.187 runs/s
  [580/700  82.9%] finished Aotus_azarai vs Varecia_variegata depth=7X rep=2  |   3104s elapsed, ~   642s remaining, 0.187 runs/s
  [581/700  83.0%] finished Varecia_variegata vs Homo_sapiens depth=2X rep=1  |   3109s elapsed, ~   637s remaining, 0.187 runs/s
  [582/700  83.1%] finished Varecia_variegata vs Homo_sapiens depth=2X rep=0  |   3116s elapsed, ~   632s remaining, 0.187 runs/s
  [583/700  83.3%] finished Aotus_azarai vs Varecia_variegata depth=8X rep=0  |   3120s elapsed, ~   626s remaining, 0.187 runs/s
  [584/700  83.4%] finished Aotus_azarai vs Varecia_variegata depth=8X rep=1  |   3126s elapsed, ~   621s remaining, 0.187 runs/s
  [585/700  83.6%] finished Varecia_variegata vs Homo_sapiens depth=2X rep=2  |   3130s elapsed, ~   615s remaining, 0.187 runs/s
  [586/700  83.7%] finished Varecia_variegata vs Homo_sapiens depth=3X rep=0  |   3139s elapsed, ~   611s remaining, 0.187 runs/s
  [587/700  83.9%] finished Aotus_azarai vs Varecia_variegata depth=8X rep=2  |   3143s elapsed, ~   605s remaining, 0.187 runs/s
  [588/700  84.0%] finished Varecia_variegata vs Homo_sapiens depth=3X rep=1  |   3145s elapsed, ~   599s remaining, 0.187 runs/s
  [589/700  84.1%] finished Varecia_variegata vs Homo_sapiens depth=3X rep=2  |   3154s elapsed, ~   594s remaining, 0.187 runs/s
  [590/700  84.3%] finished Varecia_variegata vs Homo_sapiens depth=4X rep=0  |   3164s elapsed, ~   590s remaining, 0.186 runs/s
  [591/700  84.4%] finished Varecia_variegata vs Homo_sapiens depth=4X rep=1  |   3166s elapsed, ~   584s remaining, 0.187 runs/s
  [592/700  84.6%] finished Varecia_variegata vs Homo_sapiens depth=4X rep=2  |   3169s elapsed, ~   578s remaining, 0.187 runs/s
  [593/700  84.7%] finished Varecia_variegata vs Homo_sapiens depth=5X rep=0  |   3172s elapsed, ~   572s remaining, 0.187 runs/s
  [594/700  84.9%] finished Varecia_variegata vs Homo_sapiens depth=5X rep=1  |   3183s elapsed, ~   568s remaining, 0.187 runs/s
  [595/700  85.0%] finished Varecia_variegata vs Homo_sapiens depth=5X rep=2  |   3191s elapsed, ~   563s remaining, 0.186 runs/s
  [596/700  85.1%] finished Varecia_variegata vs Homo_sapiens depth=6X rep=0  |   3203s elapsed, ~   559s remaining, 0.186 runs/s
  [597/700  85.3%] finished Varecia_variegata vs Gorilla_gorilla depth=1X rep=0  |   3206s elapsed, ~   553s remaining, 0.186 runs/s
  [598/700  85.4%] finished Varecia_variegata vs Gorilla_gorilla depth=1X rep=2  |   3211s elapsed, ~   548s remaining, 0.186 runs/s
  [599/700  85.6%] finished Varecia_variegata vs Homo_sapiens depth=6X rep=1  |   3212s elapsed, ~   542s remaining, 0.187 runs/s
  [600/700  85.7%] finished Varecia_variegata vs Homo_sapiens depth=6X rep=2  |   3215s elapsed, ~   536s remaining, 0.187 runs/s
  [601/700  85.9%] finished Varecia_variegata vs Gorilla_gorilla depth=1X rep=1  |   3217s elapsed, ~   530s remaining, 0.187 runs/s
  [602/700  86.0%] finished Varecia_variegata vs Homo_sapiens depth=7X rep=0  |   3225s elapsed, ~   525s remaining, 0.187 runs/s
  [603/700  86.1%] finished Varecia_variegata vs Homo_sapiens depth=7X rep=1  |   3229s elapsed, ~   519s remaining, 0.187 runs/s
  [604/700  86.3%] finished Varecia_variegata vs Gorilla_gorilla depth=2X rep=0  |   3243s elapsed, ~   515s remaining, 0.186 runs/s
  [605/700  86.4%] finished Varecia_variegata vs Homo_sapiens depth=7X rep=2  |   3244s elapsed, ~   509s remaining, 0.187 runs/s
  [606/700  86.6%] finished Varecia_variegata vs Homo_sapiens depth=8X rep=0  |   3247s elapsed, ~   504s remaining, 0.187 runs/s
  [607/700  86.7%] finished Varecia_variegata vs Homo_sapiens depth=8X rep=1  |   3257s elapsed, ~   499s remaining, 0.186 runs/s
  [608/700  86.9%] finished Varecia_variegata vs Gorilla_gorilla depth=2X rep=1  |   3257s elapsed, ~   493s remaining, 0.187 runs/s
  [609/700  87.0%] finished Varecia_variegata vs Gorilla_gorilla depth=2X rep=2  |   3267s elapsed, ~   488s remaining, 0.186 runs/s
  [610/700  87.1%] finished Varecia_variegata vs Homo_sapiens depth=8X rep=2  |   3272s elapsed, ~   483s remaining, 0.186 runs/s
  [611/700  87.3%] finished Varecia_variegata vs Gorilla_gorilla depth=3X rep=0  |   3278s elapsed, ~   478s remaining, 0.186 runs/s
  [612/700  87.4%] finished Varecia_variegata vs Gorilla_gorilla depth=3X rep=1  |   3281s elapsed, ~   472s remaining, 0.187 runs/s
  [613/700  87.6%] finished Varecia_variegata vs Gorilla_gorilla depth=3X rep=2  |   3288s elapsed, ~   467s remaining, 0.186 runs/s
  [614/700  87.7%] finished Varecia_variegata vs Gorilla_gorilla depth=4X rep=1  |   3291s elapsed, ~   461s remaining, 0.187 runs/s
  [615/700  87.9%] finished Varecia_variegata vs Gorilla_gorilla depth=4X rep=0  |   3292s elapsed, ~   455s remaining, 0.187 runs/s
  [616/700  88.0%] finished Varecia_variegata vs Gorilla_gorilla depth=4X rep=2  |   3302s elapsed, ~   450s remaining, 0.187 runs/s
  [617/700  88.1%] finished Varecia_variegata vs Gorilla_gorilla depth=5X rep=0  |   3316s elapsed, ~   446s remaining, 0.186 runs/s
  [618/700  88.3%] finished Varecia_variegata vs Gorilla_gorilla depth=5X rep=1  |   3321s elapsed, ~   441s remaining, 0.186 runs/s
  [619/700  88.4%] finished Varecia_variegata vs Gorilla_gorilla depth=5X rep=2  |   3325s elapsed, ~   435s remaining, 0.186 runs/s
  [620/700  88.6%] finished Varecia_variegata vs Saimiri_boliviensis depth=1X rep=0  |   3336s elapsed, ~   430s remaining, 0.186 runs/s
  [621/700  88.7%] finished Varecia_variegata vs Gorilla_gorilla depth=6X rep=0  |   3337s elapsed, ~   424s remaining, 0.186 runs/s
  [622/700  88.9%] finished Varecia_variegata vs Saimiri_boliviensis depth=1X rep=1  |   3338s elapsed, ~   419s remaining, 0.186 runs/s
  [623/700  89.0%] finished Varecia_variegata vs Gorilla_gorilla depth=6X rep=1  |   3343s elapsed, ~   413s remaining, 0.186 runs/s
  [624/700  89.1%] finished Varecia_variegata vs Gorilla_gorilla depth=6X rep=2  |   3348s elapsed, ~   408s remaining, 0.186 runs/s
  [625/700  89.3%] finished Varecia_variegata vs Gorilla_gorilla depth=7X rep=0  |   3360s elapsed, ~   403s remaining, 0.186 runs/s
  [626/700  89.4%] finished Varecia_variegata vs Gorilla_gorilla depth=7X rep=1  |   3363s elapsed, ~   398s remaining, 0.186 runs/s
  [627/700  89.6%] finished Varecia_variegata vs Gorilla_gorilla depth=7X rep=2  |   3368s elapsed, ~   392s remaining, 0.186 runs/s
  [628/700  89.7%] finished Varecia_variegata vs Saimiri_boliviensis depth=1X rep=2  |   3375s elapsed, ~   387s remaining, 0.186 runs/s
  [629/700  89.9%] finished Varecia_variegata vs Gorilla_gorilla depth=8X rep=0  |   3382s elapsed, ~   382s remaining, 0.186 runs/s
  [630/700  90.0%] finished Varecia_variegata vs Saimiri_boliviensis depth=2X rep=0  |   3384s elapsed, ~   376s remaining, 0.186 runs/s
  [631/700  90.1%] finished Varecia_variegata vs Gorilla_gorilla depth=8X rep=1  |   3387s elapsed, ~   370s remaining, 0.186 runs/s
  [632/700  90.3%] finished Varecia_variegata vs Saimiri_boliviensis depth=2X rep=1  |   3387s elapsed, ~   364s remaining, 0.187 runs/s
  [633/700  90.4%] finished Varecia_variegata vs Gorilla_gorilla depth=8X rep=2  |   3388s elapsed, ~   359s remaining, 0.187 runs/s
  [634/700  90.6%] finished Varecia_variegata vs Saimiri_boliviensis depth=2X rep=2  |   3389s elapsed, ~   353s remaining, 0.187 runs/s
  [635/700  90.7%] finished Varecia_variegata vs Saimiri_boliviensis depth=3X rep=1  |   3405s elapsed, ~   349s remaining, 0.186 runs/s
  [636/700  90.9%] finished Varecia_variegata vs Saimiri_boliviensis depth=3X rep=0  |   3409s elapsed, ~   343s remaining, 0.187 runs/s
  [637/700  91.0%] finished Varecia_variegata vs Saimiri_boliviensis depth=3X rep=2  |   3410s elapsed, ~   337s remaining, 0.187 runs/s
  [638/700  91.1%] finished Varecia_variegata vs Saimiri_boliviensis depth=4X rep=0  |   3422s elapsed, ~   333s remaining, 0.186 runs/s
  [639/700  91.3%] finished Varecia_variegata vs Saimiri_boliviensis depth=4X rep=1  |   3435s elapsed, ~   328s remaining, 0.186 runs/s
  [640/700  91.4%] finished Varecia_variegata vs Saimiri_boliviensis depth=4X rep=2  |   3437s elapsed, ~   322s remaining, 0.186 runs/s
  [641/700  91.6%] finished Varecia_variegata vs Saimiri_boliviensis depth=5X rep=0  |   3452s elapsed, ~   318s remaining, 0.186 runs/s
  [642/700  91.7%] finished Varecia_variegata vs Saimiri_boliviensis depth=5X rep=1  |   3456s elapsed, ~   312s remaining, 0.186 runs/s
  [643/700  91.9%] finished Varecia_variegata vs Saimiri_boliviensis depth=5X rep=2  |   3463s elapsed, ~   307s remaining, 0.186 runs/s
  [644/700  92.0%] finished Varecia_variegata vs Saimiri_sciureus depth=1X rep=1  |   3468s elapsed, ~   302s remaining, 0.186 runs/s
  [645/700  92.1%] finished Varecia_variegata vs Saimiri_boliviensis depth=6X rep=0  |   3476s elapsed, ~   296s remaining, 0.186 runs/s
  [646/700  92.3%] finished Varecia_variegata vs Saimiri_boliviensis depth=6X rep=2  |   3478s elapsed, ~   291s remaining, 0.186 runs/s
  [647/700  92.4%] finished Varecia_variegata vs Saimiri_boliviensis depth=6X rep=1  |   3482s elapsed, ~   285s remaining, 0.186 runs/s
  [648/700  92.6%] finished Varecia_variegata vs Saimiri_sciureus depth=1X rep=0  |   3485s elapsed, ~   280s remaining, 0.186 runs/s
  [649/700  92.7%] finished Varecia_variegata vs Saimiri_boliviensis depth=7X rep=0  |   3486s elapsed, ~   274s remaining, 0.186 runs/s
  [650/700  92.9%] finished Varecia_variegata vs Saimiri_boliviensis depth=7X rep=1  |   3489s elapsed, ~   268s remaining, 0.186 runs/s
  [651/700  93.0%] finished Varecia_variegata vs Saimiri_sciureus depth=1X rep=2  |   3499s elapsed, ~   263s remaining, 0.186 runs/s
  [652/700  93.1%] finished Varecia_variegata vs Saimiri_boliviensis depth=7X rep=2  |   3503s elapsed, ~   258s remaining, 0.186 runs/s
  [653/700  93.3%] finished Varecia_variegata vs Saimiri_boliviensis depth=8X rep=0  |   3512s elapsed, ~   253s remaining, 0.186 runs/s
  [654/700  93.4%] finished Varecia_variegata vs Saimiri_boliviensis depth=8X rep=1  |   3516s elapsed, ~   247s remaining, 0.186 runs/s
  [655/700  93.6%] finished Varecia_variegata vs Saimiri_sciureus depth=2X rep=0  |   3517s elapsed, ~   242s remaining, 0.186 runs/s
  [656/700  93.7%] finished Varecia_variegata vs Saimiri_sciureus depth=2X rep=1  |   3522s elapsed, ~   236s remaining, 0.186 runs/s
  [657/700  93.9%] finished Varecia_variegata vs Saimiri_boliviensis depth=8X rep=2  |   3526s elapsed, ~   231s remaining, 0.186 runs/s
  [658/700  94.0%] finished Varecia_variegata vs Saimiri_sciureus depth=2X rep=2  |   3528s elapsed, ~   225s remaining, 0.187 runs/s
  [659/700  94.1%] finished Varecia_variegata vs Saimiri_sciureus depth=3X rep=0  |   3541s elapsed, ~   220s remaining, 0.186 runs/s
  [660/700  94.3%] finished Varecia_variegata vs Saimiri_sciureus depth=3X rep=1  |   3545s elapsed, ~   215s remaining, 0.186 runs/s
  [661/700  94.4%] finished Varecia_variegata vs Saimiri_sciureus depth=3X rep=2  |   3553s elapsed, ~   210s remaining, 0.186 runs/s
  [662/700  94.6%] finished Varecia_variegata vs Saimiri_sciureus depth=4X rep=0  |   3560s elapsed, ~   204s remaining, 0.186 runs/s
  [663/700  94.7%] finished Varecia_variegata vs Saimiri_sciureus depth=4X rep=1  |   3564s elapsed, ~   199s remaining, 0.186 runs/s
  [664/700  94.9%] finished Varecia_variegata vs Saimiri_sciureus depth=4X rep=2  |   3565s elapsed, ~   193s remaining, 0.186 runs/s
  [665/700  95.0%] finished Varecia_variegata vs Saimiri_sciureus depth=5X rep=0  |   3583s elapsed, ~   189s remaining, 0.186 runs/s
  [666/700  95.1%] finished Varecia_variegata vs Saimiri_sciureus depth=5X rep=1  |   3585s elapsed, ~   183s remaining, 0.186 runs/s
  [667/700  95.3%] finished Varecia_variegata vs Aotus_azarai depth=1X rep=0  |   3592s elapsed, ~   178s remaining, 0.186 runs/s
  [668/700  95.4%] finished Varecia_variegata vs Saimiri_sciureus depth=5X rep=2  |   3596s elapsed, ~   172s remaining, 0.186 runs/s
  [669/700  95.6%] finished Varecia_variegata vs Aotus_azarai depth=1X rep=1  |   3602s elapsed, ~   167s remaining, 0.186 runs/s
  [670/700  95.7%] finished Varecia_variegata vs Saimiri_sciureus depth=6X rep=0  |   3605s elapsed, ~   161s remaining, 0.186 runs/s
  [671/700  95.9%] finished Varecia_variegata vs Saimiri_sciureus depth=6X rep=1  |   3608s elapsed, ~   156s remaining, 0.186 runs/s
  [672/700  96.0%] finished Varecia_variegata vs Saimiri_sciureus depth=6X rep=2  |   3613s elapsed, ~   151s remaining, 0.186 runs/s
  [673/700  96.1%] finished Varecia_variegata vs Saimiri_sciureus depth=7X rep=1  |   3622s elapsed, ~   145s remaining, 0.186 runs/s
  [674/700  96.3%] finished Varecia_variegata vs Saimiri_sciureus depth=7X rep=0  |   3622s elapsed, ~   140s remaining, 0.186 runs/s
  [675/700  96.4%] finished Varecia_variegata vs Saimiri_sciureus depth=7X rep=2  |   3641s elapsed, ~   135s remaining, 0.185 runs/s
  [676/700  96.6%] finished Varecia_variegata vs Aotus_azarai depth=1X rep=2  |   3642s elapsed, ~   129s remaining, 0.186 runs/s
  [677/700  96.7%] finished Varecia_variegata vs Aotus_azarai depth=2X rep=1  |   3648s elapsed, ~   124s remaining, 0.186 runs/s
  [678/700  96.9%] finished Varecia_variegata vs Aotus_azarai depth=2X rep=2  |   3651s elapsed, ~   118s remaining, 0.186 runs/s
  [679/700  97.0%] finished Varecia_variegata vs Saimiri_sciureus depth=8X rep=0  |   3654s elapsed, ~   113s remaining, 0.186 runs/s
  [680/700  97.1%] finished Varecia_variegata vs Aotus_azarai depth=2X rep=0  |   3654s elapsed, ~   107s remaining, 0.186 runs/s
  [681/700  97.3%] finished Varecia_variegata vs Saimiri_sciureus depth=8X rep=1  |   3660s elapsed, ~   102s remaining, 0.186 runs/s
  [682/700  97.4%] finished Varecia_variegata vs Saimiri_sciureus depth=8X rep=2  |   3667s elapsed, ~    97s remaining, 0.186 runs/s
  [683/700  97.6%] finished Varecia_variegata vs Aotus_azarai depth=3X rep=0  |   3672s elapsed, ~    91s remaining, 0.186 runs/s
  [684/700  97.7%] finished Varecia_variegata vs Aotus_azarai depth=3X rep=1  |   3676s elapsed, ~    86s remaining, 0.186 runs/s
  [685/700  97.9%] finished Varecia_variegata vs Aotus_azarai depth=3X rep=2  |   3678s elapsed, ~    81s remaining, 0.186 runs/s
  [686/700  98.0%] finished Varecia_variegata vs Aotus_azarai depth=4X rep=0  |   3693s elapsed, ~    75s remaining, 0.186 runs/s
  [687/700  98.1%] finished Varecia_variegata vs Aotus_azarai depth=4X rep=1  |   3696s elapsed, ~    70s remaining, 0.186 runs/s
  [688/700  98.3%] finished Varecia_variegata vs Aotus_azarai depth=4X rep=2  |   3698s elapsed, ~    64s remaining, 0.186 runs/s
  [689/700  98.4%] finished Varecia_variegata vs Aotus_azarai depth=5X rep=1  |   3723s elapsed, ~    59s remaining, 0.185 runs/s
  [690/700  98.6%] finished Varecia_variegata vs Aotus_azarai depth=5X rep=0  |   3724s elapsed, ~    54s remaining, 0.185 runs/s
  [691/700  98.7%] finished Varecia_variegata vs Aotus_azarai depth=5X rep=2  |   3731s elapsed, ~    49s remaining, 0.185 runs/s
  [692/700  98.9%] finished Varecia_variegata vs Aotus_azarai depth=6X rep=0  |   3735s elapsed, ~    43s remaining, 0.185 runs/s
  [693/700  99.0%] finished Varecia_variegata vs Aotus_azarai depth=6X rep=1  |   3736s elapsed, ~    38s remaining, 0.185 runs/s
  [694/700  99.1%] finished Varecia_variegata vs Aotus_azarai depth=6X rep=2  |   3737s elapsed, ~    32s remaining, 0.186 runs/s
  [695/700  99.3%] finished Varecia_variegata vs Aotus_azarai depth=7X rep=0  |   3751s elapsed, ~    27s remaining, 0.185 runs/s
  [696/700  99.4%] finished Varecia_variegata vs Aotus_azarai depth=7X rep=2  |   3757s elapsed, ~    22s remaining, 0.185 runs/s
  [697/700  99.6%] finished Varecia_variegata vs Aotus_azarai depth=7X rep=1  |   3757s elapsed, ~    16s remaining, 0.186 runs/s
  [698/700  99.7%] finished Varecia_variegata vs Aotus_azarai depth=8X rep=1  |   3767s elapsed, ~    11s remaining, 0.185 runs/s
  [699/700  99.9%] finished Varecia_variegata vs Aotus_azarai depth=8X rep=0  |   3768s elapsed, ~     5s remaining, 0.186 runs/s
  [700/700 100.0%] finished Varecia_variegata vs Aotus_azarai depth=8X rep=2  |   3779s elapsed, ~     0s remaining, 0.185 runs/s

=== DONE: appended 3711 rows to grid_results.csv this run (total wall time 3779s) ===
