=== STAGE 1/2: initial-state (no refinement) metrics for all pairs ===
  scripts/results/baseline1_ieee_access/initial_state.csv already exists, skipping (delete it to recompute)
=== STAGE 2/2: grid -- 720 total combinations, 23 already done (resumed), 697 remaining, 14 in parallel ===
  [1/697   0.1%] finished Homo_sapiens vs Saimiri_boliviensis depth=1X rep=1  |     77s elapsed, ~ 53631s remaining, 0.013 runs/s
  [2/697   0.3%] finished Homo_sapiens vs Saimiri_boliviensis depth=1X rep=2  |     84s elapsed, ~ 29160s remaining, 0.024 runs/s
  [3/697   0.4%] finished Homo_sapiens vs Saimiri_boliviensis depth=2X rep=0  |     89s elapsed, ~ 20581s remaining, 0.034 runs/s
  [4/697   0.6%] finished Homo_sapiens vs Saimiri_boliviensis depth=3X rep=2  |     97s elapsed, ~ 16722s remaining, 0.041 runs/s
  [5/697   0.7%] finished Homo_sapiens vs Saimiri_boliviensis depth=2X rep=1  |    102s elapsed, ~ 14152s remaining, 0.049 runs/s
  [6/697   0.9%] finished Homo_sapiens vs Saimiri_boliviensis depth=2X rep=2  |    111s elapsed, ~ 12756s remaining, 0.054 runs/s
  [7/697   1.0%] finished Homo_sapiens vs Saimiri_boliviensis depth=4X rep=0  |    115s elapsed, ~ 11361s remaining, 0.061 runs/s
  [8/697   1.1%] finished Homo_sapiens vs Saimiri_boliviensis depth=4X rep=1  |    117s elapsed, ~ 10089s remaining, 0.068 runs/s
  [9/697   1.3%] finished Homo_sapiens vs Saimiri_boliviensis depth=3X rep=0  |    120s elapsed, ~  9140s remaining, 0.075 runs/s
  [10/697   1.4%] finished Homo_sapiens vs Gorilla_gorilla depth=8X rep=1  |    120s elapsed, ~  8220s remaining, 0.084 runs/s
  [11/697   1.6%] finished Homo_sapiens vs Saimiri_boliviensis depth=4X rep=2  |    120s elapsed, ~  7469s remaining, 0.092 runs/s
  [12/697   1.7%] finished Homo_sapiens vs Gorilla_gorilla depth=8X rep=0  |    121s elapsed, ~  6905s remaining, 0.099 runs/s
  [13/697   1.9%] finished Homo_sapiens vs Saimiri_boliviensis depth=3X rep=1  |    122s elapsed, ~  6412s remaining, 0.107 runs/s
  [14/697   2.0%] finished Homo_sapiens vs Saimiri_boliviensis depth=5X rep=0  |    124s elapsed, ~  6028s remaining, 0.113 runs/s
  [15/697   2.2%] finished Homo_sapiens vs Saimiri_sciureus depth=1X rep=1  |    181s elapsed, ~  8211s remaining, 0.083 runs/s
  [16/697   2.3%] finished Homo_sapiens vs Saimiri_sciureus depth=1X rep=2  |    185s elapsed, ~  7859s remaining, 0.087 runs/s
  [17/697   2.4%] finished Homo_sapiens vs Saimiri_sciureus depth=1X rep=0  |    192s elapsed, ~  7681s remaining, 0.089 runs/s
  [18/697   2.6%] finished Homo_sapiens vs Saimiri_boliviensis depth=5X rep=1  |    210s elapsed, ~  7904s remaining, 0.086 runs/s
  [19/697   2.7%] finished Homo_sapiens vs Saimiri_boliviensis depth=5X rep=2  |    214s elapsed, ~  7636s remaining, 0.089 runs/s
  [20/697   2.9%] finished Homo_sapiens vs Saimiri_boliviensis depth=6X rep=0  |    231s elapsed, ~  7820s remaining, 0.087 runs/s
  [21/697   3.0%] finished Homo_sapiens vs Saimiri_boliviensis depth=6X rep=1  |    233s elapsed, ~  7508s remaining, 0.090 runs/s
  [22/697   3.2%] finished Homo_sapiens vs Saimiri_boliviensis depth=6X rep=2  |    235s elapsed, ~  7198s remaining, 0.094 runs/s
  [23/697   3.3%] finished Homo_sapiens vs Saimiri_boliviensis depth=7X rep=2  |    252s elapsed, ~  7399s remaining, 0.091 runs/s
  [24/697   3.4%] finished Homo_sapiens vs Saimiri_boliviensis depth=7X rep=0  |    255s elapsed, ~  7153s remaining, 0.094 runs/s
  [25/697   3.6%] finished Homo_sapiens vs Saimiri_boliviensis depth=7X rep=1  |    262s elapsed, ~  7050s remaining, 0.095 runs/s
  [26/697   3.7%] finished Homo_sapiens vs Saimiri_boliviensis depth=8X rep=2  |    270s elapsed, ~  6970s remaining, 0.096 runs/s
  [27/697   3.9%] finished Homo_sapiens vs Saimiri_sciureus depth=2X rep=0  |    271s elapsed, ~  6729s remaining, 0.100 runs/s
  [28/697   4.0%] finished Homo_sapiens vs Saimiri_boliviensis depth=8X rep=0  |    275s elapsed, ~  6570s remaining, 0.102 runs/s
  [29/697   4.2%] finished Homo_sapiens vs Saimiri_boliviensis depth=8X rep=1  |    276s elapsed, ~  6356s remaining, 0.105 runs/s
  [30/697   4.3%] finished Homo_sapiens vs Saimiri_sciureus depth=2X rep=1  |    282s elapsed, ~  6261s remaining, 0.107 runs/s
  [31/697   4.4%] finished Homo_sapiens vs Saimiri_sciureus depth=2X rep=2  |    292s elapsed, ~  6284s remaining, 0.106 runs/s
  [32/697   4.6%] finished Homo_sapiens vs Saimiri_sciureus depth=3X rep=0  |    325s elapsed, ~  6763s remaining, 0.098 runs/s
  [33/697   4.7%] finished Homo_sapiens vs Saimiri_sciureus depth=3X rep=1  |    330s elapsed, ~  6647s remaining, 0.100 runs/s
  [34/697   4.9%] finished Homo_sapiens vs Saimiri_sciureus depth=3X rep=2  |    349s elapsed, ~  6810s remaining, 0.097 runs/s
  [35/697   5.0%] finished Homo_sapiens vs Saimiri_sciureus depth=4X rep=0  |    359s elapsed, ~  6784s remaining, 0.098 runs/s
  [36/697   5.2%] finished Homo_sapiens vs Saimiri_sciureus depth=4X rep=1  |    362s elapsed, ~  6643s remaining, 0.099 runs/s
  [37/697   5.3%] finished Homo_sapiens vs Saimiri_sciureus depth=4X rep=2  |    376s elapsed, ~  6698s remaining, 0.099 runs/s
  [38/697   5.5%] finished Homo_sapiens vs Saimiri_sciureus depth=5X rep=0  |    380s elapsed, ~  6585s remaining, 0.100 runs/s
  [39/697   5.6%] finished Homo_sapiens vs Saimiri_sciureus depth=5X rep=2  |    388s elapsed, ~  6538s remaining, 0.101 runs/s
  [40/697   5.7%] finished Homo_sapiens vs Saimiri_sciureus depth=5X rep=1  |    399s elapsed, ~  6555s remaining, 0.100 runs/s
  [41/697   5.9%] finished Homo_sapiens vs Saimiri_sciureus depth=6X rep=2  |    406s elapsed, ~  6489s remaining, 0.101 runs/s
  [42/697   6.0%] finished Homo_sapiens vs Aotus_azarai depth=1X rep=0  |    413s elapsed, ~  6440s remaining, 0.102 runs/s
  [43/697   6.2%] finished Homo_sapiens vs Saimiri_sciureus depth=6X rep=0  |    415s elapsed, ~  6317s remaining, 0.104 runs/s
  [44/697   6.3%] finished Homo_sapiens vs Saimiri_sciureus depth=6X rep=1  |    417s elapsed, ~  6187s remaining, 0.106 runs/s
  [45/697   6.5%] finished Homo_sapiens vs Saimiri_sciureus depth=7X rep=0  |    423s elapsed, ~  6127s remaining, 0.106 runs/s
  [46/697   6.6%] finished Homo_sapiens vs Saimiri_sciureus depth=7X rep=1  |    426s elapsed, ~  6023s remaining, 0.108 runs/s
  [47/697   6.7%] finished Homo_sapiens vs Aotus_azarai depth=1X rep=2  |    434s elapsed, ~  5997s remaining, 0.108 runs/s
  [48/697   6.9%] finished Homo_sapiens vs Aotus_azarai depth=1X rep=1  |    437s elapsed, ~  5909s remaining, 0.110 runs/s
  [49/697   7.0%] finished Homo_sapiens vs Aotus_azarai depth=2X rep=0  |    469s elapsed, ~  6204s remaining, 0.104 runs/s
  [50/697   7.2%] finished Homo_sapiens vs Saimiri_sciureus depth=8X rep=0  |    471s elapsed, ~  6098s remaining, 0.106 runs/s
  [51/697   7.3%] finished Homo_sapiens vs Saimiri_sciureus depth=7X rep=2  |    477s elapsed, ~  6037s remaining, 0.107 runs/s
  [52/697   7.5%] finished Homo_sapiens vs Aotus_azarai depth=2X rep=1  |    493s elapsed, ~  6116s remaining, 0.105 runs/s
  [53/697   7.6%] finished Homo_sapiens vs Saimiri_sciureus depth=8X rep=1  |    499s elapsed, ~  6067s remaining, 0.106 runs/s
  [54/697   7.7%] finished Homo_sapiens vs Aotus_azarai depth=2X rep=2  |    502s elapsed, ~  5982s remaining, 0.107 runs/s
  [55/697   7.9%] finished Homo_sapiens vs Saimiri_sciureus depth=8X rep=2  |    502s elapsed, ~  5865s remaining, 0.109 runs/s
  [56/697   8.0%] finished Homo_sapiens vs Aotus_azarai depth=3X rep=0  |    526s elapsed, ~  6020s remaining, 0.106 runs/s
  [57/697   8.2%] finished Homo_sapiens vs Aotus_azarai depth=3X rep=1  |    529s elapsed, ~  5937s remaining, 0.108 runs/s
  [58/697   8.3%] finished Homo_sapiens vs Aotus_azarai depth=3X rep=2  |    533s elapsed, ~  5872s remaining, 0.109 runs/s
  [59/697   8.5%] finished Homo_sapiens vs Aotus_azarai depth=4X rep=1  |    538s elapsed, ~  5821s remaining, 0.110 runs/s
  [60/697   8.6%] finished Homo_sapiens vs Aotus_azarai depth=4X rep=0  |    545s elapsed, ~  5791s remaining, 0.110 runs/s
  [61/697   8.8%] finished Homo_sapiens vs Aotus_azarai depth=4X rep=2  |    556s elapsed, ~  5796s remaining, 0.110 runs/s
  [62/697   8.9%] finished Homo_sapiens vs Aotus_azarai depth=5X rep=0  |    569s elapsed, ~  5830s remaining, 0.109 runs/s
  [63/697   9.0%] finished Homo_sapiens vs Aotus_azarai depth=5X rep=1  |    605s elapsed, ~  6090s remaining, 0.104 runs/s
  [64/697   9.2%] finished Homo_sapiens vs Aotus_azarai depth=5X rep=2  |    619s elapsed, ~  6119s remaining, 0.103 runs/s
  [65/697   9.3%] finished Homo_sapiens vs Aotus_azarai depth=6X rep=0  |    623s elapsed, ~  6057s remaining, 0.104 runs/s
  [66/697   9.5%] finished Homo_sapiens vs Varecia_variegata depth=1X rep=0  |    641s elapsed, ~  6128s remaining, 0.103 runs/s
  [67/697   9.6%] finished Homo_sapiens vs Aotus_azarai depth=6X rep=2  |    643s elapsed, ~  6047s remaining, 0.104 runs/s
  [68/697   9.8%] finished Homo_sapiens vs Aotus_azarai depth=6X rep=1  |    644s elapsed, ~  5956s remaining, 0.106 runs/s
  [69/697   9.9%] finished Homo_sapiens vs Varecia_variegata depth=1X rep=2  |    644s elapsed, ~  5861s remaining, 0.107 runs/s
  [70/697  10.0%] finished Homo_sapiens vs Aotus_azarai depth=7X rep=1  |    655s elapsed, ~  5870s remaining, 0.107 runs/s
  [71/697  10.2%] finished Homo_sapiens vs Aotus_azarai depth=7X rep=0  |    661s elapsed, ~  5825s remaining, 0.107 runs/s
  [72/697  10.3%] finished Homo_sapiens vs Varecia_variegata depth=1X rep=1  |    662s elapsed, ~  5743s remaining, 0.109 runs/s
  [73/697  10.5%] finished Homo_sapiens vs Aotus_azarai depth=7X rep=2  |    685s elapsed, ~  5858s remaining, 0.107 runs/s
  [74/697  10.6%] finished Homo_sapiens vs Aotus_azarai depth=8X rep=1  |    691s elapsed, ~  5818s remaining, 0.107 runs/s
  [75/697  10.8%] finished Homo_sapiens vs Aotus_azarai depth=8X rep=0  |    692s elapsed, ~  5736s remaining, 0.108 runs/s
  [76/697  10.9%] finished Homo_sapiens vs Aotus_azarai depth=8X rep=2  |    700s elapsed, ~  5718s remaining, 0.109 runs/s
  [77/697  11.0%] finished Homo_sapiens vs Varecia_variegata depth=2X rep=0  |    705s elapsed, ~  5678s remaining, 0.109 runs/s
  [78/697  11.2%] finished Homo_sapiens vs Varecia_variegata depth=2X rep=1  |    713s elapsed, ~  5662s remaining, 0.109 runs/s
  [79/697  11.3%] finished Homo_sapiens vs Varecia_variegata depth=2X rep=2  |    719s elapsed, ~  5628s remaining, 0.110 runs/s
  [80/697  11.5%] finished Homo_sapiens vs Varecia_variegata depth=3X rep=0  |    738s elapsed, ~  5694s remaining, 0.108 runs/s
  [81/697  11.6%] finished Homo_sapiens vs Varecia_variegata depth=3X rep=2  |    741s elapsed, ~  5638s remaining, 0.109 runs/s
  [82/697  11.8%] finished Homo_sapiens vs Varecia_variegata depth=3X rep=1  |    753s elapsed, ~  5647s remaining, 0.109 runs/s
  [83/697  11.9%] finished Homo_sapiens vs Varecia_variegata depth=4X rep=0  |    767s elapsed, ~  5675s remaining, 0.108 runs/s
  [84/697  12.1%] finished Homo_sapiens vs Varecia_variegata depth=4X rep=1  |    776s elapsed, ~  5664s remaining, 0.108 runs/s
  [85/697  12.2%] finished Homo_sapiens vs Varecia_variegata depth=5X rep=0  |    778s elapsed, ~  5599s remaining, 0.109 runs/s
  [86/697  12.3%] finished Homo_sapiens vs Varecia_variegata depth=4X rep=2  |    778s elapsed, ~  5529s remaining, 0.111 runs/s
  [87/697  12.5%] finished Homo_sapiens vs Varecia_variegata depth=5X rep=1  |    801s elapsed, ~  5616s remaining, 0.109 runs/s
  [88/697  12.6%] finished Homo_sapiens vs Varecia_variegata depth=5X rep=2  |    813s elapsed, ~  5628s remaining, 0.108 runs/s
  [89/697  12.8%] finished Gorilla_gorilla vs Homo_sapiens depth=1X rep=1  |    817s elapsed, ~  5583s remaining, 0.109 runs/s
  [90/697  12.9%] finished Homo_sapiens vs Varecia_variegata depth=6X rep=0  |    826s elapsed, ~  5572s remaining, 0.109 runs/s
  [91/697  13.1%] finished Homo_sapiens vs Varecia_variegata depth=6X rep=1  |    833s elapsed, ~  5544s remaining, 0.109 runs/s
  [92/697  13.2%] finished Homo_sapiens vs Varecia_variegata depth=6X rep=2  |    834s elapsed, ~  5488s remaining, 0.110 runs/s
  [93/697  13.3%] finished Gorilla_gorilla vs Homo_sapiens depth=1X rep=0  |    836s elapsed, ~  5429s remaining, 0.111 runs/s
  [94/697  13.5%] finished Gorilla_gorilla vs Homo_sapiens depth=1X rep=2  |    856s elapsed, ~  5494s remaining, 0.110 runs/s
  [95/697  13.6%] finished Homo_sapiens vs Varecia_variegata depth=7X rep=0  |    865s elapsed, ~  5479s remaining, 0.110 runs/s
  [96/697  13.8%] finished Homo_sapiens vs Varecia_variegata depth=7X rep=1  |    877s elapsed, ~  5491s remaining, 0.109 runs/s
  [97/697  13.9%] finished Gorilla_gorilla vs Homo_sapiens depth=2X rep=2  |    880s elapsed, ~  5445s remaining, 0.110 runs/s
  [98/697  14.1%] finished Gorilla_gorilla vs Homo_sapiens depth=2X rep=1  |    881s elapsed, ~  5384s remaining, 0.111 runs/s
  [99/697  14.2%] finished Gorilla_gorilla vs Homo_sapiens depth=2X rep=0  |    883s elapsed, ~  5333s remaining, 0.112 runs/s
  [100/697  14.3%] finished Gorilla_gorilla vs Homo_sapiens depth=3X rep=0  |    889s elapsed, ~  5307s remaining, 0.113 runs/s
  [101/697  14.5%] finished Homo_sapiens vs Varecia_variegata depth=8X rep=0  |    911s elapsed, ~  5376s remaining, 0.111 runs/s
  [102/697  14.6%] finished Homo_sapiens vs Varecia_variegata depth=7X rep=2  |    911s elapsed, ~  5316s remaining, 0.112 runs/s
  [103/697  14.8%] finished Gorilla_gorilla vs Homo_sapiens depth=3X rep=2  |    917s elapsed, ~  5288s remaining, 0.112 runs/s
  [104/697  14.9%] finished Gorilla_gorilla vs Homo_sapiens depth=3X rep=1  |    919s elapsed, ~  5237s remaining, 0.113 runs/s
  [105/697  15.1%] finished Gorilla_gorilla vs Homo_sapiens depth=4X rep=1  |    926s elapsed, ~  5222s remaining, 0.113 runs/s
  [106/697  15.2%] finished Homo_sapiens vs Varecia_variegata depth=8X rep=1  |    931s elapsed, ~  5190s remaining, 0.114 runs/s
  [107/697  15.4%] finished Gorilla_gorilla vs Homo_sapiens depth=4X rep=0  |    941s elapsed, ~  5190s remaining, 0.114 runs/s
  [108/697  15.5%] finished Gorilla_gorilla vs Homo_sapiens depth=5X rep=1  |    945s elapsed, ~  5154s remaining, 0.114 runs/s
  [109/697  15.6%] finished Homo_sapiens vs Varecia_variegata depth=8X rep=2  |    947s elapsed, ~  5110s remaining, 0.115 runs/s
  [110/697  15.8%] finished Gorilla_gorilla vs Homo_sapiens depth=5X rep=0  |    962s elapsed, ~  5135s remaining, 0.114 runs/s
  [111/697  15.9%] finished Gorilla_gorilla vs Homo_sapiens depth=4X rep=2  |    965s elapsed, ~  5097s remaining, 0.115 runs/s
  [112/697  16.1%] finished Gorilla_gorilla vs Homo_sapiens depth=5X rep=2  |    979s elapsed, ~  5111s remaining, 0.114 runs/s
  [113/697  16.2%] finished Gorilla_gorilla vs Homo_sapiens depth=6X rep=0  |    998s elapsed, ~  5155s remaining, 0.113 runs/s
  [114/697  16.4%] finished Gorilla_gorilla vs Homo_sapiens depth=6X rep=1  |   1016s elapsed, ~  5196s remaining, 0.112 runs/s
  [115/697  16.5%] finished Gorilla_gorilla vs Homo_sapiens depth=7X rep=0  |   1017s elapsed, ~  5145s remaining, 0.113 runs/s
  [116/697  16.6%] finished Gorilla_gorilla vs Homo_sapiens depth=7X rep=2  |   1023s elapsed, ~  5122s remaining, 0.113 runs/s
  [117/697  16.8%] finished Gorilla_gorilla vs Saimiri_boliviensis depth=1X rep=1  |   1023s elapsed, ~  5072s remaining, 0.114 runs/s
  [118/697  16.9%] finished Gorilla_gorilla vs Homo_sapiens depth=7X rep=1  |   1028s elapsed, ~  5045s remaining, 0.115 runs/s
  [119/697  17.1%] finished Gorilla_gorilla vs Saimiri_boliviensis depth=1X rep=0  |   1030s elapsed, ~  5004s remaining, 0.116 runs/s
  [120/697  17.2%] finished Gorilla_gorilla vs Homo_sapiens depth=6X rep=2  |   1042s elapsed, ~  5008s remaining, 0.115 runs/s
  [121/697  17.4%] finished Gorilla_gorilla vs Homo_sapiens depth=8X rep=1  |   1048s elapsed, ~  4988s remaining, 0.115 runs/s
  [122/697  17.5%] finished Gorilla_gorilla vs Saimiri_boliviensis depth=1X rep=2  |   1048s elapsed, ~  4939s remaining, 0.116 runs/s
  [123/697  17.6%] finished Gorilla_gorilla vs Homo_sapiens depth=8X rep=2  |   1053s elapsed, ~  4912s remaining, 0.117 runs/s
  [124/697  17.8%] finished Gorilla_gorilla vs Homo_sapiens depth=8X rep=0  |   1060s elapsed, ~  4898s remaining, 0.117 runs/s
  [125/697  17.9%] finished Gorilla_gorilla vs Saimiri_boliviensis depth=2X rep=2  |   1064s elapsed, ~  4868s remaining, 0.118 runs/s
  [126/697  18.1%] finished Gorilla_gorilla vs Saimiri_boliviensis depth=2X rep=0  |   1071s elapsed, ~  4852s remaining, 0.118 runs/s
  [127/697  18.2%] finished Gorilla_gorilla vs Saimiri_boliviensis depth=2X rep=1  |   1076s elapsed, ~  4829s remaining, 0.118 runs/s
  [128/697  18.4%] finished Gorilla_gorilla vs Saimiri_boliviensis depth=3X rep=2  |   1111s elapsed, ~  4938s remaining, 0.115 runs/s
  [129/697  18.5%] finished Gorilla_gorilla vs Saimiri_boliviensis depth=3X rep=0  |   1112s elapsed, ~  4895s remaining, 0.116 runs/s
  [130/697  18.7%] finished Gorilla_gorilla vs Saimiri_boliviensis depth=3X rep=1  |   1112s elapsed, ~  4852s remaining, 0.117 runs/s
  [131/697  18.8%] finished Gorilla_gorilla vs Saimiri_boliviensis depth=4X rep=0  |   1121s elapsed, ~  4843s remaining, 0.117 runs/s
  [132/697  18.9%] finished Gorilla_gorilla vs Saimiri_boliviensis depth=4X rep=2  |   1132s elapsed, ~  4845s remaining, 0.117 runs/s
  [133/697  19.1%] finished Gorilla_gorilla vs Saimiri_boliviensis depth=4X rep=1  |   1142s elapsed, ~  4842s remaining, 0.116 runs/s
  [134/697  19.2%] finished Gorilla_gorilla vs Saimiri_boliviensis depth=5X rep=0  |   1151s elapsed, ~  4835s remaining, 0.116 runs/s
  [135/697  19.4%] finished Gorilla_gorilla vs Saimiri_boliviensis depth=5X rep=1  |   1160s elapsed, ~  4830s remaining, 0.116 runs/s
  [136/697  19.5%] finished Gorilla_gorilla vs Saimiri_boliviensis depth=5X rep=2  |   1161s elapsed, ~  4789s remaining, 0.117 runs/s
  [137/697  19.7%] finished Gorilla_gorilla vs Saimiri_boliviensis depth=6X rep=0  |   1168s elapsed, ~  4776s remaining, 0.117 runs/s
  [138/697  19.8%] finished Gorilla_gorilla vs Saimiri_boliviensis depth=6X rep=1  |   1177s elapsed, ~  4766s remaining, 0.117 runs/s
  [139/697  19.9%] finished Gorilla_gorilla vs Saimiri_boliviensis depth=6X rep=2  |   1181s elapsed, ~  4739s remaining, 0.118 runs/s
  [140/697  20.1%] finished Gorilla_gorilla vs Saimiri_boliviensis depth=7X rep=0  |   1205s elapsed, ~  4795s remaining, 0.116 runs/s
  [141/697  20.2%] finished Gorilla_gorilla vs Saimiri_sciureus depth=1X rep=0  |   1210s elapsed, ~  4770s remaining, 0.117 runs/s
  [142/697  20.4%] finished Gorilla_gorilla vs Saimiri_boliviensis depth=7X rep=1  |   1211s elapsed, ~  4733s remaining, 0.117 runs/s
  [143/697  20.5%] finished Gorilla_gorilla vs Saimiri_sciureus depth=1X rep=2  |   1214s elapsed, ~  4702s remaining, 0.118 runs/s
  [144/697  20.7%] finished Gorilla_gorilla vs Saimiri_sciureus depth=1X rep=1  |   1215s elapsed, ~  4666s remaining, 0.119 runs/s
  [145/697  20.8%] finished Gorilla_gorilla vs Saimiri_boliviensis depth=8X rep=1  |   1260s elapsed, ~  4796s remaining, 0.115 runs/s
  [146/697  20.9%] finished Gorilla_gorilla vs Saimiri_boliviensis depth=7X rep=2  |   1263s elapsed, ~  4766s remaining, 0.116 runs/s
  [147/697  21.1%] finished Gorilla_gorilla vs Saimiri_sciureus depth=2X rep=2  |   1271s elapsed, ~  4756s remaining, 0.116 runs/s
  [148/697  21.2%] finished Gorilla_gorilla vs Saimiri_boliviensis depth=8X rep=2  |   1273s elapsed, ~  4721s remaining, 0.116 runs/s
  [149/697  21.4%] finished Gorilla_gorilla vs Saimiri_boliviensis depth=8X rep=0  |   1273s elapsed, ~  4684s remaining, 0.117 runs/s
  [150/697  21.5%] finished Gorilla_gorilla vs Saimiri_sciureus depth=2X rep=1  |   1276s elapsed, ~  4652s remaining, 0.118 runs/s
  [151/697  21.7%] finished Gorilla_gorilla vs Saimiri_sciureus depth=3X rep=0  |   1285s elapsed, ~  4646s remaining, 0.118 runs/s
  [152/697  21.8%] finished Gorilla_gorilla vs Saimiri_sciureus depth=2X rep=0  |   1285s elapsed, ~  4608s remaining, 0.118 runs/s
  [153/697  22.0%] finished Gorilla_gorilla vs Saimiri_sciureus depth=3X rep=1  |   1292s elapsed, ~  4593s remaining, 0.118 runs/s
  [154/697  22.1%] finished Gorilla_gorilla vs Saimiri_sciureus depth=4X rep=0  |   1324s elapsed, ~  4669s remaining, 0.116 runs/s
  [155/697  22.2%] finished Gorilla_gorilla vs Saimiri_sciureus depth=3X rep=2  |   1328s elapsed, ~  4642s remaining, 0.117 runs/s
  [156/697  22.4%] finished Gorilla_gorilla vs Saimiri_sciureus depth=5X rep=0  |   1334s elapsed, ~  4627s remaining, 0.117 runs/s
  [157/697  22.5%] finished Gorilla_gorilla vs Saimiri_sciureus depth=4X rep=2  |   1334s elapsed, ~  4589s remaining, 0.118 runs/s
  [158/697  22.7%] finished Gorilla_gorilla vs Saimiri_sciureus depth=4X rep=1  |   1336s elapsed, ~  4558s remaining, 0.118 runs/s
  [159/697  22.8%] finished Gorilla_gorilla vs Aotus_azarai depth=1X rep=0  |   1388s elapsed, ~  4697s remaining, 0.115 runs/s
  [160/697  23.0%] finished Gorilla_gorilla vs Saimiri_sciureus depth=5X rep=1  |   1393s elapsed, ~  4675s remaining, 0.115 runs/s
  [161/697  23.1%] finished Gorilla_gorilla vs Aotus_azarai depth=1X rep=1  |   1396s elapsed, ~  4646s remaining, 0.115 runs/s
  [162/697  23.2%] finished Gorilla_gorilla vs Saimiri_sciureus depth=5X rep=2  |   1396s elapsed, ~  4611s remaining, 0.116 runs/s
  [163/697  23.4%] finished Gorilla_gorilla vs Aotus_azarai depth=1X rep=2  |   1403s elapsed, ~  4598s remaining, 0.116 runs/s
  [164/697  23.5%] finished Gorilla_gorilla vs Saimiri_sciureus depth=6X rep=1  |   1410s elapsed, ~  4583s remaining, 0.116 runs/s
  [165/697  23.7%] finished Gorilla_gorilla vs Saimiri_sciureus depth=6X rep=0  |   1410s elapsed, ~  4548s remaining, 0.117 runs/s
  [166/697  23.8%] finished Gorilla_gorilla vs Saimiri_sciureus depth=6X rep=2  |   1417s elapsed, ~  4534s remaining, 0.117 runs/s
  [167/697  24.0%] finished Gorilla_gorilla vs Saimiri_sciureus depth=7X rep=2  |   1420s elapsed, ~  4506s remaining, 0.118 runs/s
  [168/697  24.1%] finished Gorilla_gorilla vs Saimiri_sciureus depth=7X rep=0  |   1422s elapsed, ~  4477s remaining, 0.118 runs/s
  [169/697  24.2%] finished Gorilla_gorilla vs Saimiri_sciureus depth=7X rep=1  |   1432s elapsed, ~  4473s remaining, 0.118 runs/s
  [170/697  24.4%] finished Gorilla_gorilla vs Saimiri_sciureus depth=8X rep=0  |   1441s elapsed, ~  4468s remaining, 0.118 runs/s
  [171/697  24.5%] finished Gorilla_gorilla vs Saimiri_sciureus depth=8X rep=1  |   1485s elapsed, ~  4567s remaining, 0.115 runs/s
  [172/697  24.7%] finished Gorilla_gorilla vs Aotus_azarai depth=2X rep=1  |   1501s elapsed, ~  4582s remaining, 0.115 runs/s
  [173/697  24.8%] finished Gorilla_gorilla vs Aotus_azarai depth=2X rep=2  |   1504s elapsed, ~  4555s remaining, 0.115 runs/s
  [174/697  25.0%] finished Gorilla_gorilla vs Aotus_azarai depth=2X rep=0  |   1504s elapsed, ~  4521s remaining, 0.116 runs/s
  [175/697  25.1%] finished Gorilla_gorilla vs Saimiri_sciureus depth=8X rep=2  |   1504s elapsed, ~  4487s remaining, 0.116 runs/s
  [176/697  25.3%] finished Gorilla_gorilla vs Aotus_azarai depth=3X rep=0  |   1505s elapsed, ~  4456s remaining, 0.117 runs/s
  [177/697  25.4%] finished Gorilla_gorilla vs Aotus_azarai depth=4X rep=0  |   1514s elapsed, ~  4449s remaining, 0.117 runs/s
  [178/697  25.5%] finished Gorilla_gorilla vs Aotus_azarai depth=3X rep=2  |   1514s elapsed, ~  4415s remaining, 0.118 runs/s
  [179/697  25.7%] finished Gorilla_gorilla vs Aotus_azarai depth=4X rep=2  |   1520s elapsed, ~  4398s remaining, 0.118 runs/s
  [180/697  25.8%] finished Gorilla_gorilla vs Aotus_azarai depth=3X rep=1  |   1521s elapsed, ~  4370s remaining, 0.118 runs/s
  [181/697  26.0%] finished Gorilla_gorilla vs Aotus_azarai depth=4X rep=1  |   1526s elapsed, ~  4352s remaining, 0.119 runs/s
  [182/697  26.1%] finished Gorilla_gorilla vs Aotus_azarai depth=5X rep=0  |   1537s elapsed, ~  4350s remaining, 0.118 runs/s
  [183/697  26.3%] finished Gorilla_gorilla vs Aotus_azarai depth=5X rep=1  |   1539s elapsed, ~  4323s remaining, 0.119 runs/s
  [184/697  26.4%] finished Gorilla_gorilla vs Aotus_azarai depth=5X rep=2  |   1540s elapsed, ~  4292s remaining, 0.120 runs/s
  [185/697  26.5%] finished Gorilla_gorilla vs Varecia_variegata depth=1X rep=0  |   1567s elapsed, ~  4336s remaining, 0.118 runs/s
  [186/697  26.7%] finished Gorilla_gorilla vs Aotus_azarai depth=6X rep=0  |   1578s elapsed, ~  4335s remaining, 0.118 runs/s
  [187/697  26.8%] finished Gorilla_gorilla vs Varecia_variegata depth=1X rep=2  |   1579s elapsed, ~  4307s remaining, 0.118 runs/s
  [188/697  27.0%] finished Gorilla_gorilla vs Varecia_variegata depth=2X rep=1  |   1582s elapsed, ~  4284s remaining, 0.119 runs/s
  [189/697  27.1%] finished Gorilla_gorilla vs Varecia_variegata depth=1X rep=1  |   1590s elapsed, ~  4273s remaining, 0.119 runs/s
  [190/697  27.3%] finished Gorilla_gorilla vs Aotus_azarai depth=6X rep=1  |   1591s elapsed, ~  4245s remaining, 0.119 runs/s
  [191/697  27.4%] finished Gorilla_gorilla vs Aotus_azarai depth=6X rep=2  |   1594s elapsed, ~  4223s remaining, 0.120 runs/s
  [192/697  27.5%] finished Gorilla_gorilla vs Aotus_azarai depth=7X rep=2  |   1596s elapsed, ~  4198s remaining, 0.120 runs/s
  [193/697  27.7%] finished Gorilla_gorilla vs Aotus_azarai depth=7X rep=1  |   1599s elapsed, ~  4176s remaining, 0.121 runs/s
  [194/697  27.8%] finished Gorilla_gorilla vs Varecia_variegata depth=2X rep=0  |   1603s elapsed, ~  4156s remaining, 0.121 runs/s
  [195/697  28.0%] finished Gorilla_gorilla vs Aotus_azarai depth=7X rep=0  |   1603s elapsed, ~  4127s remaining, 0.122 runs/s
  [196/697  28.1%] finished Gorilla_gorilla vs Aotus_azarai depth=8X rep=0  |   1608s elapsed, ~  4109s remaining, 0.122 runs/s
  [197/697  28.3%] finished Gorilla_gorilla vs Aotus_azarai depth=8X rep=1  |   1610s elapsed, ~  4088s remaining, 0.122 runs/s
  [198/697  28.4%] finished Gorilla_gorilla vs Aotus_azarai depth=8X rep=2  |   1613s elapsed, ~  4066s remaining, 0.123 runs/s
  [199/697  28.6%] finished Gorilla_gorilla vs Varecia_variegata depth=2X rep=2  |   1621s elapsed, ~  4056s remaining, 0.123 runs/s
  [200/697  28.7%] finished Gorilla_gorilla vs Varecia_variegata depth=3X rep=0  |   1644s elapsed, ~  4085s remaining, 0.122 runs/s
  [201/697  28.8%] finished Gorilla_gorilla vs Varecia_variegata depth=3X rep=2  |   1649s elapsed, ~  4068s remaining, 0.122 runs/s
  [202/697  29.0%] finished Gorilla_gorilla vs Varecia_variegata depth=3X rep=1  |   1649s elapsed, ~  4042s remaining, 0.122 runs/s
  [203/697  29.1%] finished Gorilla_gorilla vs Varecia_variegata depth=4X rep=1  |   1662s elapsed, ~  4044s remaining, 0.122 runs/s
  [204/697  29.3%] finished Gorilla_gorilla vs Varecia_variegata depth=4X rep=0  |   1665s elapsed, ~  4024s remaining, 0.123 runs/s
  [205/697  29.4%] finished Gorilla_gorilla vs Varecia_variegata depth=4X rep=2  |   1668s elapsed, ~  4002s remaining, 0.123 runs/s
  [206/697  29.6%] finished Gorilla_gorilla vs Varecia_variegata depth=5X rep=0  |   1674s elapsed, ~  3991s remaining, 0.123 runs/s
  [207/697  29.7%] finished Gorilla_gorilla vs Varecia_variegata depth=5X rep=1  |   1677s elapsed, ~  3971s remaining, 0.123 runs/s
  [208/697  29.8%] finished Gorilla_gorilla vs Varecia_variegata depth=5X rep=2  |   1679s elapsed, ~  3946s remaining, 0.124 runs/s
  [209/697  30.0%] finished Gorilla_gorilla vs Varecia_variegata depth=6X rep=0  |   1682s elapsed, ~  3927s remaining, 0.124 runs/s
  [210/697  30.1%] finished Gorilla_gorilla vs Varecia_variegata depth=6X rep=1  |   1684s elapsed, ~  3906s remaining, 0.125 runs/s
  [211/697  30.3%] finished Gorilla_gorilla vs Varecia_variegata depth=6X rep=2  |   1688s elapsed, ~  3887s remaining, 0.125 runs/s
  [212/697  30.4%] finished Gorilla_gorilla vs Varecia_variegata depth=7X rep=0  |   1694s elapsed, ~  3876s remaining, 0.125 runs/s
  [213/697  30.6%] finished Saimiri_boliviensis vs Homo_sapiens depth=1X rep=1  |   1698s elapsed, ~  3859s remaining, 0.125 runs/s
  [214/697  30.7%] finished Saimiri_boliviensis vs Homo_sapiens depth=1X rep=0  |   1699s elapsed, ~  3835s remaining, 0.126 runs/s
  [215/697  30.8%] finished Gorilla_gorilla vs Varecia_variegata depth=7X rep=1  |   1704s elapsed, ~  3821s remaining, 0.126 runs/s
  [216/697  31.0%] finished Saimiri_boliviensis vs Homo_sapiens depth=1X rep=2  |   1727s elapsed, ~  3847s remaining, 0.125 runs/s
  [217/697  31.1%] finished Saimiri_boliviensis vs Homo_sapiens depth=2X rep=1  |   1728s elapsed, ~  3823s remaining, 0.126 runs/s
  [218/697  31.3%] finished Gorilla_gorilla vs Varecia_variegata depth=7X rep=2  |   1730s elapsed, ~  3800s remaining, 0.126 runs/s
  [219/697  31.4%] finished Gorilla_gorilla vs Varecia_variegata depth=8X rep=0  |   1740s elapsed, ~  3798s remaining, 0.126 runs/s
  [220/697  31.6%] finished Saimiri_boliviensis vs Homo_sapiens depth=2X rep=0  |   1743s elapsed, ~  3779s remaining, 0.126 runs/s
  [221/697  31.7%] finished Gorilla_gorilla vs Varecia_variegata depth=8X rep=1  |   1743s elapsed, ~  3755s remaining, 0.127 runs/s
  [222/697  31.9%] finished Saimiri_boliviensis vs Homo_sapiens depth=2X rep=2  |   1744s elapsed, ~  3731s remaining, 0.127 runs/s
  [223/697  32.0%] finished Saimiri_boliviensis vs Homo_sapiens depth=3X rep=0  |   1751s elapsed, ~  3721s remaining, 0.127 runs/s
  [224/697  32.1%] finished Gorilla_gorilla vs Varecia_variegata depth=8X rep=2  |   1753s elapsed, ~  3701s remaining, 0.128 runs/s
  [225/697  32.3%] finished Saimiri_boliviensis vs Homo_sapiens depth=3X rep=1  |   1758s elapsed, ~  3687s remaining, 0.128 runs/s
  [226/697  32.4%] finished Saimiri_boliviensis vs Homo_sapiens depth=3X rep=2  |   1762s elapsed, ~  3673s remaining, 0.128 runs/s
  [227/697  32.6%] finished Saimiri_boliviensis vs Homo_sapiens depth=4X rep=1  |   1773s elapsed, ~  3672s remaining, 0.128 runs/s
  [228/697  32.7%] finished Saimiri_boliviensis vs Homo_sapiens depth=4X rep=0  |   1777s elapsed, ~  3656s remaining, 0.128 runs/s
  [229/697  32.9%] finished Saimiri_boliviensis vs Homo_sapiens depth=4X rep=2  |   1779s elapsed, ~  3636s remaining, 0.129 runs/s
  [230/697  33.0%] finished Saimiri_boliviensis vs Homo_sapiens depth=5X rep=0  |   1806s elapsed, ~  3667s remaining, 0.127 runs/s
  [231/697  33.1%] finished Saimiri_boliviensis vs Homo_sapiens depth=5X rep=1  |   1808s elapsed, ~  3647s remaining, 0.128 runs/s
  [232/697  33.3%] finished Saimiri_boliviensis vs Gorilla_gorilla depth=1X rep=1  |   1808s elapsed, ~  3623s remaining, 0.128 runs/s
  [233/697  33.4%] finished Saimiri_boliviensis vs Homo_sapiens depth=5X rep=2  |   1812s elapsed, ~  3608s remaining, 0.129 runs/s
  [234/697  33.6%] finished Saimiri_boliviensis vs Homo_sapiens depth=6X rep=0  |   1821s elapsed, ~  3602s remaining, 0.129 runs/s
  [235/697  33.7%] finished Saimiri_boliviensis vs Gorilla_gorilla depth=1X rep=0  |   1824s elapsed, ~  3586s remaining, 0.129 runs/s
  [236/697  33.9%] finished Saimiri_boliviensis vs Homo_sapiens depth=6X rep=2  |   1828s elapsed, ~  3570s remaining, 0.129 runs/s
  [237/697  34.0%] finished Saimiri_boliviensis vs Homo_sapiens depth=6X rep=1  |   1829s elapsed, ~  3550s remaining, 0.130 runs/s
  [238/697  34.1%] finished Saimiri_boliviensis vs Homo_sapiens depth=7X rep=0  |   1834s elapsed, ~  3536s remaining, 0.130 runs/s
  [239/697  34.3%] finished Saimiri_boliviensis vs Homo_sapiens depth=7X rep=1  |   1835s elapsed, ~  3516s remaining, 0.130 runs/s
  [240/697  34.4%] finished Saimiri_boliviensis vs Homo_sapiens depth=7X rep=2  |   1837s elapsed, ~  3499s remaining, 0.131 runs/s
  [241/697  34.6%] finished Saimiri_boliviensis vs Gorilla_gorilla depth=1X rep=2  |   1841s elapsed, ~  3483s remaining, 0.131 runs/s
  [242/697  34.7%] finished Saimiri_boliviensis vs Homo_sapiens depth=8X rep=0  |   1843s elapsed, ~  3464s remaining, 0.131 runs/s
  [243/697  34.9%] finished Saimiri_boliviensis vs Homo_sapiens depth=8X rep=1  |   1848s elapsed, ~  3453s remaining, 0.131 runs/s
  [244/697  35.0%] finished Saimiri_boliviensis vs Gorilla_gorilla depth=2X rep=0  |   1862s elapsed, ~  3456s remaining, 0.131 runs/s
  [245/697  35.2%] finished Saimiri_boliviensis vs Homo_sapiens depth=8X rep=2  |   1863s elapsed, ~  3437s remaining, 0.132 runs/s
  [246/697  35.3%] finished Saimiri_boliviensis vs Gorilla_gorilla depth=2X rep=1  |   1864s elapsed, ~  3418s remaining, 0.132 runs/s
  [247/697  35.4%] finished Saimiri_boliviensis vs Gorilla_gorilla depth=2X rep=2  |   1867s elapsed, ~  3402s remaining, 0.132 runs/s
  [248/697  35.6%] finished Saimiri_boliviensis vs Gorilla_gorilla depth=3X rep=0  |   1879s elapsed, ~  3402s remaining, 0.132 runs/s
  [249/697  35.7%] finished Saimiri_boliviensis vs Gorilla_gorilla depth=3X rep=1  |   1883s elapsed, ~  3388s remaining, 0.132 runs/s
  [250/697  35.9%] finished Saimiri_boliviensis vs Gorilla_gorilla depth=3X rep=2  |   1888s elapsed, ~  3376s remaining, 0.132 runs/s
  [251/697  36.0%] finished Saimiri_boliviensis vs Gorilla_gorilla depth=4X rep=0  |   1893s elapsed, ~  3364s remaining, 0.133 runs/s
  [252/697  36.2%] finished Saimiri_boliviensis vs Gorilla_gorilla depth=4X rep=1  |   1896s elapsed, ~  3347s remaining, 0.133 runs/s
  [253/697  36.3%] finished Saimiri_boliviensis vs Gorilla_gorilla depth=4X rep=2  |   1899s elapsed, ~  3333s remaining, 0.133 runs/s
  [254/697  36.4%] finished Saimiri_boliviensis vs Gorilla_gorilla depth=5X rep=0  |   1905s elapsed, ~  3323s remaining, 0.133 runs/s
  [255/697  36.6%] finished Saimiri_boliviensis vs Gorilla_gorilla depth=5X rep=1  |   1909s elapsed, ~  3308s remaining, 0.134 runs/s
  [256/697  36.7%] finished Saimiri_boliviensis vs Gorilla_gorilla depth=5X rep=2  |   1910s elapsed, ~  3291s remaining, 0.134 runs/s
  [257/697  36.9%] finished Saimiri_boliviensis vs Saimiri_sciureus depth=1X rep=0  |   1913s elapsed, ~  3276s remaining, 0.134 runs/s
  [258/697  37.0%] finished Saimiri_boliviensis vs Saimiri_sciureus depth=1X rep=1  |   1918s elapsed, ~  3264s remaining, 0.135 runs/s
  [259/697  37.2%] finished Saimiri_boliviensis vs Gorilla_gorilla depth=6X rep=0  |   1923s elapsed, ~  3252s remaining, 0.135 runs/s
  [260/697  37.3%] finished Saimiri_boliviensis vs Saimiri_sciureus depth=1X rep=2  |   1924s elapsed, ~  3234s remaining, 0.135 runs/s
  [261/697  37.4%] finished Saimiri_boliviensis vs Saimiri_sciureus depth=2X rep=0  |   1930s elapsed, ~  3223s remaining, 0.135 runs/s
  [262/697  37.6%] finished Saimiri_boliviensis vs Saimiri_sciureus depth=2X rep=1  |   1932s elapsed, ~  3208s remaining, 0.136 runs/s
  [263/697  37.7%] finished Saimiri_boliviensis vs Saimiri_sciureus depth=2X rep=2  |   1934s elapsed, ~  3191s remaining, 0.136 runs/s
  [264/697  37.9%] finished Saimiri_boliviensis vs Gorilla_gorilla depth=6X rep=1  |   1939s elapsed, ~  3180s remaining, 0.136 runs/s
  [265/697  38.0%] finished Saimiri_boliviensis vs Gorilla_gorilla depth=6X rep=2  |   1942s elapsed, ~  3165s remaining, 0.136 runs/s
  [266/697  38.2%] finished Saimiri_boliviensis vs Saimiri_sciureus depth=3X rep=0  |   1943s elapsed, ~  3148s remaining, 0.137 runs/s
  [267/697  38.3%] finished Saimiri_boliviensis vs Saimiri_sciureus depth=3X rep=1  |   1946s elapsed, ~  3134s remaining, 0.137 runs/s
  [268/697  38.5%] finished Saimiri_boliviensis vs Saimiri_sciureus depth=3X rep=2  |   1947s elapsed, ~  3117s remaining, 0.138 runs/s
  [269/697  38.6%] finished Saimiri_boliviensis vs Gorilla_gorilla depth=7X rep=0  |   1948s elapsed, ~  3100s remaining, 0.138 runs/s
  [270/697  38.7%] finished Saimiri_boliviensis vs Gorilla_gorilla depth=7X rep=1  |   1951s elapsed, ~  3085s remaining, 0.138 runs/s
  [271/697  38.9%] finished Saimiri_boliviensis vs Saimiri_sciureus depth=4X rep=0  |   1954s elapsed, ~  3071s remaining, 0.139 runs/s
  [272/697  39.0%] finished Saimiri_boliviensis vs Saimiri_sciureus depth=4X rep=1  |   1955s elapsed, ~  3055s remaining, 0.139 runs/s
  [273/697  39.2%] finished Saimiri_boliviensis vs Saimiri_sciureus depth=4X rep=2  |   1957s elapsed, ~  3040s remaining, 0.139 runs/s
  [274/697  39.3%] finished Saimiri_boliviensis vs Gorilla_gorilla depth=7X rep=2  |   1962s elapsed, ~  3028s remaining, 0.140 runs/s
  [275/697  39.5%] finished Saimiri_boliviensis vs Saimiri_sciureus depth=5X rep=0  |   1963s elapsed, ~  3013s remaining, 0.140 runs/s
  [276/697  39.6%] finished Saimiri_boliviensis vs Saimiri_sciureus depth=5X rep=1  |   1968s elapsed, ~  3001s remaining, 0.140 runs/s
  [277/697  39.7%] finished Saimiri_boliviensis vs Saimiri_sciureus depth=5X rep=2  |   1968s elapsed, ~  2984s remaining, 0.141 runs/s
  [278/697  39.9%] finished Saimiri_boliviensis vs Saimiri_sciureus depth=6X rep=0  |   1974s elapsed, ~  2975s remaining, 0.141 runs/s
  [279/697  40.0%] finished Saimiri_boliviensis vs Saimiri_sciureus depth=6X rep=1  |   1974s elapsed, ~  2958s remaining, 0.141 runs/s
  [280/697  40.2%] finished Saimiri_boliviensis vs Gorilla_gorilla depth=8X rep=0  |   1975s elapsed, ~  2942s remaining, 0.142 runs/s
  [281/697  40.3%] finished Saimiri_boliviensis vs Saimiri_sciureus depth=6X rep=2  |   1976s elapsed, ~  2925s remaining, 0.142 runs/s
  [282/697  40.5%] finished Saimiri_boliviensis vs Saimiri_sciureus depth=7X rep=0  |   1978s elapsed, ~  2910s remaining, 0.143 runs/s
  [283/697  40.6%] finished Saimiri_boliviensis vs Gorilla_gorilla depth=8X rep=1  |   1981s elapsed, ~  2898s remaining, 0.143 runs/s
  [284/697  40.7%] finished Saimiri_boliviensis vs Saimiri_sciureus depth=7X rep=1  |   1982s elapsed, ~  2882s remaining, 0.143 runs/s
  [285/697  40.9%] finished Saimiri_boliviensis vs Saimiri_sciureus depth=7X rep=2  |   1982s elapsed, ~  2866s remaining, 0.144 runs/s
  [286/697  41.0%] finished Saimiri_boliviensis vs Gorilla_gorilla depth=8X rep=2  |   1985s elapsed, ~  2853s remaining, 0.144 runs/s
  [287/697  41.2%] finished Saimiri_boliviensis vs Saimiri_sciureus depth=8X rep=0  |   1989s elapsed, ~  2842s remaining, 0.144 runs/s
  [288/697  41.3%] finished Saimiri_boliviensis vs Saimiri_sciureus depth=8X rep=1  |   1993s elapsed, ~  2830s remaining, 0.145 runs/s
  [289/697  41.5%] finished Saimiri_boliviensis vs Saimiri_sciureus depth=8X rep=2  |   1997s elapsed, ~  2819s remaining, 0.145 runs/s
  [290/697  41.6%] finished Saimiri_boliviensis vs Aotus_azarai depth=1X rep=1  |   2004s elapsed, ~  2813s remaining, 0.145 runs/s
  [291/697  41.8%] finished Saimiri_boliviensis vs Aotus_azarai depth=1X rep=0  |   2004s elapsed, ~  2796s remaining, 0.145 runs/s
  [292/697  41.9%] finished Saimiri_boliviensis vs Aotus_azarai depth=1X rep=2  |   2012s elapsed, ~  2790s remaining, 0.145 runs/s
  [293/697  42.0%] finished Saimiri_boliviensis vs Aotus_azarai depth=2X rep=2  |   2016s elapsed, ~  2779s remaining, 0.145 runs/s
  [294/697  42.2%] finished Saimiri_boliviensis vs Aotus_azarai depth=3X rep=0  |   2021s elapsed, ~  2770s remaining, 0.145 runs/s
  [295/697  42.3%] finished Saimiri_boliviensis vs Aotus_azarai depth=3X rep=2  |   2023s elapsed, ~  2757s remaining, 0.146 runs/s
  [296/697  42.5%] finished Saimiri_boliviensis vs Aotus_azarai depth=2X rep=0  |   2024s elapsed, ~  2741s remaining, 0.146 runs/s
  [297/697  42.6%] finished Saimiri_boliviensis vs Aotus_azarai depth=4X rep=0  |   2027s elapsed, ~  2729s remaining, 0.147 runs/s
  [298/697  42.8%] finished Saimiri_boliviensis vs Aotus_azarai depth=3X rep=1  |   2033s elapsed, ~  2723s remaining, 0.147 runs/s
  [299/697  42.9%] finished Saimiri_boliviensis vs Aotus_azarai depth=4X rep=2  |   2034s elapsed, ~  2707s remaining, 0.147 runs/s
  [300/697  43.0%] finished Saimiri_boliviensis vs Aotus_azarai depth=2X rep=1  |   2039s elapsed, ~  2698s remaining, 0.147 runs/s
  [301/697  43.2%] finished Saimiri_boliviensis vs Aotus_azarai depth=4X rep=1  |   2042s elapsed, ~  2686s remaining, 0.147 runs/s
  [302/697  43.3%] finished Saimiri_boliviensis vs Aotus_azarai depth=5X rep=1  |   2045s elapsed, ~  2675s remaining, 0.148 runs/s
  [303/697  43.5%] finished Saimiri_boliviensis vs Aotus_azarai depth=6X rep=1  |   2062s elapsed, ~  2682s remaining, 0.147 runs/s
  [304/697  43.6%] finished Saimiri_boliviensis vs Aotus_azarai depth=5X rep=2  |   2065s elapsed, ~  2670s remaining, 0.147 runs/s
  [305/697  43.8%] finished Saimiri_boliviensis vs Aotus_azarai depth=5X rep=0  |   2067s elapsed, ~  2657s remaining, 0.148 runs/s
  [306/697  43.9%] finished Saimiri_boliviensis vs Aotus_azarai depth=6X rep=2  |   2068s elapsed, ~  2642s remaining, 0.148 runs/s
  [307/697  44.0%] finished Saimiri_boliviensis vs Aotus_azarai depth=6X rep=0  |   2070s elapsed, ~  2629s remaining, 0.148 runs/s
  [308/697  44.2%] finished Saimiri_boliviensis vs Varecia_variegata depth=1X rep=0  |   2075s elapsed, ~  2620s remaining, 0.148 runs/s
  [309/697  44.3%] finished Saimiri_boliviensis vs Aotus_azarai depth=7X rep=2  |   2080s elapsed, ~  2612s remaining, 0.149 runs/s
  [310/697  44.5%] finished Saimiri_boliviensis vs Varecia_variegata depth=1X rep=2  |   2093s elapsed, ~  2612s remaining, 0.148 runs/s
  [311/697  44.6%] finished Saimiri_boliviensis vs Aotus_azarai depth=8X rep=1  |   2093s elapsed, ~  2598s remaining, 0.149 runs/s
  [312/697  44.8%] finished Saimiri_boliviensis vs Aotus_azarai depth=7X rep=1  |   2094s elapsed, ~  2584s remaining, 0.149 runs/s
  [313/697  44.9%] finished Saimiri_boliviensis vs Varecia_variegata depth=1X rep=1  |   2099s elapsed, ~  2575s remaining, 0.149 runs/s
  [314/697  45.1%] finished Saimiri_boliviensis vs Aotus_azarai depth=7X rep=0  |   2104s elapsed, ~  2567s remaining, 0.149 runs/s
  [315/697  45.2%] finished Saimiri_boliviensis vs Aotus_azarai depth=8X rep=2  |   2111s elapsed, ~  2560s remaining, 0.149 runs/s
  [316/697  45.3%] finished Saimiri_boliviensis vs Varecia_variegata depth=2X rep=0  |   2115s elapsed, ~  2550s remaining, 0.149 runs/s
  [317/697  45.5%] finished Saimiri_boliviensis vs Aotus_azarai depth=8X rep=0  |   2115s elapsed, ~  2536s remaining, 0.150 runs/s
  [318/697  45.6%] finished Saimiri_boliviensis vs Varecia_variegata depth=2X rep=2  |   2129s elapsed, ~  2537s remaining, 0.149 runs/s
  [319/697  45.8%] finished Saimiri_boliviensis vs Varecia_variegata depth=2X rep=1  |   2129s elapsed, ~  2523s remaining, 0.150 runs/s
  [320/697  45.9%] finished Saimiri_boliviensis vs Varecia_variegata depth=3X rep=2  |   2134s elapsed, ~  2514s remaining, 0.150 runs/s
  [321/697  46.1%] finished Saimiri_boliviensis vs Varecia_variegata depth=3X rep=0  |   2135s elapsed, ~  2501s remaining, 0.150 runs/s
  [322/697  46.2%] finished Saimiri_boliviensis vs Varecia_variegata depth=3X rep=1  |   2137s elapsed, ~  2488s remaining, 0.151 runs/s
  [323/697  46.3%] finished Saimiri_boliviensis vs Varecia_variegata depth=4X rep=0  |   2153s elapsed, ~  2493s remaining, 0.150 runs/s
  [324/697  46.5%] finished Saimiri_boliviensis vs Varecia_variegata depth=4X rep=1  |   2162s elapsed, ~  2489s remaining, 0.150 runs/s
  [325/697  46.6%] finished Saimiri_boliviensis vs Varecia_variegata depth=4X rep=2  |   2163s elapsed, ~  2476s remaining, 0.150 runs/s
  [326/697  46.8%] finished Saimiri_boliviensis vs Varecia_variegata depth=5X rep=0  |   2172s elapsed, ~  2472s remaining, 0.150 runs/s
  [327/697  46.9%] finished Saimiri_boliviensis vs Varecia_variegata depth=5X rep=1  |   2175s elapsed, ~  2461s remaining, 0.150 runs/s
  [328/697  47.1%] finished Saimiri_boliviensis vs Varecia_variegata depth=5X rep=2  |   2180s elapsed, ~  2452s remaining, 0.150 runs/s
  [329/697  47.2%] finished Saimiri_boliviensis vs Varecia_variegata depth=6X rep=0  |   2193s elapsed, ~  2453s remaining, 0.150 runs/s
  [330/697  47.3%] finished Saimiri_sciureus vs Homo_sapiens depth=1X rep=1  |   2196s elapsed, ~  2442s remaining, 0.150 runs/s
  [331/697  47.5%] finished Saimiri_boliviensis vs Varecia_variegata depth=6X rep=2  |   2196s elapsed, ~  2428s remaining, 0.151 runs/s
  [332/697  47.6%] finished Saimiri_boliviensis vs Varecia_variegata depth=6X rep=1  |   2199s elapsed, ~  2417s remaining, 0.151 runs/s
  [333/697  47.8%] finished Saimiri_sciureus vs Homo_sapiens depth=1X rep=0  |   2200s elapsed, ~  2405s remaining, 0.151 runs/s
  [334/697  47.9%] finished Saimiri_boliviensis vs Varecia_variegata depth=7X rep=1  |   2215s elapsed, ~  2408s remaining, 0.151 runs/s
  [335/697  48.1%] finished Saimiri_boliviensis vs Varecia_variegata depth=7X rep=0  |   2216s elapsed, ~  2395s remaining, 0.151 runs/s
  [336/697  48.2%] finished Saimiri_boliviensis vs Varecia_variegata depth=7X rep=2  |   2220s elapsed, ~  2385s remaining, 0.151 runs/s
  [337/697  48.4%] finished Saimiri_boliviensis vs Varecia_variegata depth=8X rep=0  |   2227s elapsed, ~  2379s remaining, 0.151 runs/s
  [338/697  48.5%] finished Saimiri_sciureus vs Homo_sapiens depth=1X rep=2  |   2229s elapsed, ~  2368s remaining, 0.152 runs/s
  [339/697  48.6%] finished Saimiri_sciureus vs Homo_sapiens depth=2X rep=1  |   2230s elapsed, ~  2355s remaining, 0.152 runs/s
  [340/697  48.8%] finished Saimiri_boliviensis vs Varecia_variegata depth=8X rep=1  |   2232s elapsed, ~  2343s remaining, 0.152 runs/s
  [341/697  48.9%] finished Saimiri_sciureus vs Homo_sapiens depth=2X rep=0  |   2238s elapsed, ~  2336s remaining, 0.152 runs/s
  [342/697  49.1%] finished Saimiri_boliviensis vs Varecia_variegata depth=8X rep=2  |   2244s elapsed, ~  2329s remaining, 0.152 runs/s
  [343/697  49.2%] finished Saimiri_sciureus vs Homo_sapiens depth=2X rep=2  |   2250s elapsed, ~  2322s remaining, 0.152 runs/s
  [344/697  49.4%] finished Saimiri_sciureus vs Homo_sapiens depth=3X rep=0  |   2256s elapsed, ~  2316s remaining, 0.152 runs/s
  [345/697  49.5%] finished Saimiri_sciureus vs Homo_sapiens depth=3X rep=2  |   2259s elapsed, ~  2305s remaining, 0.153 runs/s
  [346/697  49.6%] finished Saimiri_sciureus vs Homo_sapiens depth=3X rep=1  |   2264s elapsed, ~  2297s remaining, 0.153 runs/s
  [347/697  49.8%] finished Saimiri_sciureus vs Homo_sapiens depth=4X rep=0  |   2267s elapsed, ~  2287s remaining, 0.153 runs/s
  [348/697  49.9%] finished Saimiri_sciureus vs Homo_sapiens depth=4X rep=1  |   2287s elapsed, ~  2294s remaining, 0.152 runs/s
  [349/697  50.1%] finished Saimiri_sciureus vs Homo_sapiens depth=4X rep=2  |   2292s elapsed, ~  2286s remaining, 0.152 runs/s
  [350/697  50.2%] finished Saimiri_sciureus vs Homo_sapiens depth=5X rep=0  |   2296s elapsed, ~  2276s remaining, 0.152 runs/s
  [351/697  50.4%] finished Saimiri_sciureus vs Homo_sapiens depth=5X rep=1  |   2302s elapsed, ~  2269s remaining, 0.153 runs/s
  [352/697  50.5%] finished Saimiri_sciureus vs Homo_sapiens depth=5X rep=2  |   2305s elapsed, ~  2259s remaining, 0.153 runs/s
  [353/697  50.6%] finished Saimiri_sciureus vs Homo_sapiens depth=6X rep=0  |   2309s elapsed, ~  2250s remaining, 0.153 runs/s
  [354/697  50.8%] finished Saimiri_sciureus vs Homo_sapiens depth=6X rep=1  |   2314s elapsed, ~  2242s remaining, 0.153 runs/s
  [355/697  50.9%] finished Saimiri_sciureus vs Homo_sapiens depth=6X rep=2  |   2318s elapsed, ~  2233s remaining, 0.153 runs/s
  [356/697  51.1%] finished Saimiri_sciureus vs Gorilla_gorilla depth=1X rep=1  |   2320s elapsed, ~  2222s remaining, 0.153 runs/s
  [357/697  51.2%] finished Saimiri_sciureus vs Gorilla_gorilla depth=1X rep=0  |   2330s elapsed, ~  2219s remaining, 0.153 runs/s
  [358/697  51.4%] finished Saimiri_sciureus vs Gorilla_gorilla depth=1X rep=2  |   2331s elapsed, ~  2207s remaining, 0.154 runs/s
  [359/697  51.5%] finished Saimiri_sciureus vs Homo_sapiens depth=7X rep=0  |   2331s elapsed, ~  2195s remaining, 0.154 runs/s
  [360/697  51.6%] finished Saimiri_sciureus vs Homo_sapiens depth=7X rep=1  |   2333s elapsed, ~  2184s remaining, 0.154 runs/s
  [361/697  51.8%] finished Saimiri_sciureus vs Homo_sapiens depth=7X rep=2  |   2343s elapsed, ~  2181s remaining, 0.154 runs/s
  [362/697  51.9%] finished Saimiri_sciureus vs Homo_sapiens depth=8X rep=0  |   2347s elapsed, ~  2172s remaining, 0.154 runs/s
  [363/697  52.1%] finished Saimiri_sciureus vs Homo_sapiens depth=8X rep=2  |   2355s elapsed, ~  2167s remaining, 0.154 runs/s
  [364/697  52.2%] finished Saimiri_sciureus vs Gorilla_gorilla depth=2X rep=0  |   2361s elapsed, ~  2160s remaining, 0.154 runs/s
  [365/697  52.4%] finished Saimiri_sciureus vs Gorilla_gorilla depth=2X rep=1  |   2363s elapsed, ~  2149s remaining, 0.154 runs/s
  [366/697  52.5%] finished Saimiri_sciureus vs Homo_sapiens depth=8X rep=1  |   2363s elapsed, ~  2137s remaining, 0.155 runs/s
  [367/697  52.7%] finished Saimiri_sciureus vs Gorilla_gorilla depth=2X rep=2  |   2368s elapsed, ~  2129s remaining, 0.155 runs/s
  [368/697  52.8%] finished Saimiri_sciureus vs Gorilla_gorilla depth=3X rep=0  |   2378s elapsed, ~  2126s remaining, 0.155 runs/s
  [369/697  52.9%] finished Saimiri_sciureus vs Gorilla_gorilla depth=3X rep=1  |   2385s elapsed, ~  2120s remaining, 0.155 runs/s
  [370/697  53.1%] finished Saimiri_sciureus vs Gorilla_gorilla depth=3X rep=2  |   2385s elapsed, ~  2108s remaining, 0.155 runs/s
  [371/697  53.2%] finished Saimiri_sciureus vs Gorilla_gorilla depth=4X rep=0  |   2399s elapsed, ~  2108s remaining, 0.155 runs/s
  [372/697  53.4%] finished Saimiri_sciureus vs Gorilla_gorilla depth=4X rep=1  |   2399s elapsed, ~  2096s remaining, 0.155 runs/s
  [373/697  53.5%] finished Saimiri_sciureus vs Gorilla_gorilla depth=4X rep=2  |   2410s elapsed, ~  2094s remaining, 0.155 runs/s
  [374/697  53.7%] finished Saimiri_sciureus vs Gorilla_gorilla depth=5X rep=0  |   2412s elapsed, ~  2083s remaining, 0.155 runs/s
  [375/697  53.8%] finished Saimiri_sciureus vs Gorilla_gorilla depth=5X rep=1  |   2415s elapsed, ~  2074s remaining, 0.155 runs/s
  [376/697  53.9%] finished Saimiri_sciureus vs Saimiri_boliviensis depth=1X rep=0  |   2417s elapsed, ~  2063s remaining, 0.156 runs/s
  [377/697  54.1%] finished Saimiri_sciureus vs Gorilla_gorilla depth=5X rep=2  |   2421s elapsed, ~  2055s remaining, 0.156 runs/s
  [378/697  54.2%] finished Saimiri_sciureus vs Saimiri_boliviensis depth=1X rep=1  |   2430s elapsed, ~  2051s remaining, 0.156 runs/s
  [379/697  54.4%] finished Saimiri_sciureus vs Saimiri_boliviensis depth=1X rep=2  |   2431s elapsed, ~  2040s remaining, 0.156 runs/s
  [380/697  54.5%] finished Saimiri_sciureus vs Gorilla_gorilla depth=6X rep=0  |   2433s elapsed, ~  2029s remaining, 0.156 runs/s
  [381/697  54.7%] finished Saimiri_sciureus vs Saimiri_boliviensis depth=2X rep=1  |   2438s elapsed, ~  2022s remaining, 0.156 runs/s
  [382/697  54.8%] finished Saimiri_sciureus vs Saimiri_boliviensis depth=2X rep=0  |   2440s elapsed, ~  2012s remaining, 0.157 runs/s
  [383/697  54.9%] finished Saimiri_sciureus vs Saimiri_boliviensis depth=2X rep=2  |   2441s elapsed, ~  2002s remaining, 0.157 runs/s
  [384/697  55.1%] finished Saimiri_sciureus vs Gorilla_gorilla depth=6X rep=1  |   2442s elapsed, ~  1990s remaining, 0.157 runs/s
  [385/697  55.2%] finished Saimiri_sciureus vs Gorilla_gorilla depth=6X rep=2  |   2444s elapsed, ~  1981s remaining, 0.158 runs/s
  [386/697  55.4%] finished Saimiri_sciureus vs Gorilla_gorilla depth=7X rep=1  |   2451s elapsed, ~  1974s remaining, 0.158 runs/s
  [387/697  55.5%] finished Saimiri_sciureus vs Saimiri_boliviensis depth=3X rep=0  |   2452s elapsed, ~  1964s remaining, 0.158 runs/s
  [388/697  55.7%] finished Saimiri_sciureus vs Gorilla_gorilla depth=7X rep=0  |   2454s elapsed, ~  1955s remaining, 0.158 runs/s
  [389/697  55.8%] finished Saimiri_sciureus vs Saimiri_boliviensis depth=3X rep=2  |   2455s elapsed, ~  1944s remaining, 0.158 runs/s
  [390/697  56.0%] finished Saimiri_sciureus vs Saimiri_boliviensis depth=3X rep=1  |   2455s elapsed, ~  1932s remaining, 0.159 runs/s
  [391/697  56.1%] finished Saimiri_sciureus vs Saimiri_boliviensis depth=4X rep=0  |   2461s elapsed, ~  1926s remaining, 0.159 runs/s
  [392/697  56.2%] finished Saimiri_sciureus vs Gorilla_gorilla depth=7X rep=2  |   2463s elapsed, ~  1916s remaining, 0.159 runs/s
  [393/697  56.4%] finished Saimiri_sciureus vs Saimiri_boliviensis depth=4X rep=1  |   2464s elapsed, ~  1906s remaining, 0.160 runs/s
  [394/697  56.5%] finished Saimiri_sciureus vs Saimiri_boliviensis depth=4X rep=2  |   2464s elapsed, ~  1895s remaining, 0.160 runs/s
  [395/697  56.7%] finished Saimiri_sciureus vs Saimiri_boliviensis depth=5X rep=0  |   2467s elapsed, ~  1886s remaining, 0.160 runs/s
  [396/697  56.8%] finished Saimiri_sciureus vs Saimiri_boliviensis depth=5X rep=1  |   2469s elapsed, ~  1876s remaining, 0.160 runs/s
  [397/697  57.0%] finished Saimiri_sciureus vs Gorilla_gorilla depth=8X rep=1  |   2475s elapsed, ~  1870s remaining, 0.160 runs/s
  [398/697  57.1%] finished Saimiri_sciureus vs Saimiri_boliviensis depth=5X rep=2  |   2476s elapsed, ~  1860s remaining, 0.161 runs/s
  [399/697  57.2%] finished Saimiri_sciureus vs Saimiri_boliviensis depth=6X rep=0  |   2481s elapsed, ~  1853s remaining, 0.161 runs/s
  [400/697  57.4%] finished Saimiri_sciureus vs Saimiri_boliviensis depth=6X rep=2  |   2482s elapsed, ~  1843s remaining, 0.161 runs/s
  [401/697  57.5%] finished Saimiri_sciureus vs Gorilla_gorilla depth=8X rep=0  |   2483s elapsed, ~  1833s remaining, 0.162 runs/s
  [402/697  57.7%] finished Saimiri_sciureus vs Saimiri_boliviensis depth=6X rep=1  |   2483s elapsed, ~  1822s remaining, 0.162 runs/s
  [403/697  57.8%] finished Saimiri_sciureus vs Saimiri_boliviensis depth=7X rep=0  |   2484s elapsed, ~  1812s remaining, 0.162 runs/s
  [404/697  58.0%] finished Saimiri_sciureus vs Gorilla_gorilla depth=8X rep=2  |   2489s elapsed, ~  1805s remaining, 0.162 runs/s
  [405/697  58.1%] finished Saimiri_sciureus vs Saimiri_boliviensis depth=7X rep=1  |   2490s elapsed, ~  1795s remaining, 0.163 runs/s
  [406/697  58.2%] finished Saimiri_sciureus vs Saimiri_boliviensis depth=7X rep=2  |   2493s elapsed, ~  1787s remaining, 0.163 runs/s
  [407/697  58.4%] finished Saimiri_sciureus vs Saimiri_boliviensis depth=8X rep=1  |   2497s elapsed, ~  1779s remaining, 0.163 runs/s
  [408/697  58.5%] finished Saimiri_sciureus vs Saimiri_boliviensis depth=8X rep=0  |   2497s elapsed, ~  1769s remaining, 0.163 runs/s
  [409/697  58.7%] finished Saimiri_sciureus vs Saimiri_boliviensis depth=8X rep=2  |   2499s elapsed, ~  1759s remaining, 0.164 runs/s
  [410/697  58.8%] finished Saimiri_sciureus vs Aotus_azarai depth=1X rep=0  |   2505s elapsed, ~  1754s remaining, 0.164 runs/s
  [411/697  59.0%] finished Saimiri_sciureus vs Aotus_azarai depth=1X rep=1  |   2514s elapsed, ~  1749s remaining, 0.164 runs/s
  [412/697  59.1%] finished Saimiri_sciureus vs Aotus_azarai depth=1X rep=2  |   2514s elapsed, ~  1739s remaining, 0.164 runs/s
  [413/697  59.3%] finished Saimiri_sciureus vs Aotus_azarai depth=2X rep=2  |   2531s elapsed, ~  1741s remaining, 0.163 runs/s
  [414/697  59.4%] finished Saimiri_sciureus vs Aotus_azarai depth=3X rep=0  |   2534s elapsed, ~  1732s remaining, 0.163 runs/s
  [415/697  59.5%] finished Saimiri_sciureus vs Aotus_azarai depth=3X rep=2  |   2538s elapsed, ~  1724s remaining, 0.164 runs/s
  [416/697  59.7%] finished Saimiri_sciureus vs Aotus_azarai depth=4X rep=0  |   2539s elapsed, ~  1715s remaining, 0.164 runs/s
  [417/697  59.8%] finished Saimiri_sciureus vs Aotus_azarai depth=2X rep=0  |   2539s elapsed, ~  1705s remaining, 0.164 runs/s
  [418/697  60.0%] finished Saimiri_sciureus vs Aotus_azarai depth=3X rep=1  |   2542s elapsed, ~  1697s remaining, 0.164 runs/s
  [419/697  60.1%] finished Saimiri_sciureus vs Aotus_azarai depth=4X rep=2  |   2546s elapsed, ~  1689s remaining, 0.165 runs/s
  [420/697  60.3%] finished Saimiri_sciureus vs Aotus_azarai depth=2X rep=1  |   2547s elapsed, ~  1680s remaining, 0.165 runs/s
  [421/697  60.4%] finished Saimiri_sciureus vs Aotus_azarai depth=5X rep=1  |   2551s elapsed, ~  1673s remaining, 0.165 runs/s
  [422/697  60.5%] finished Saimiri_sciureus vs Aotus_azarai depth=4X rep=1  |   2552s elapsed, ~  1663s remaining, 0.165 runs/s
  [423/697  60.7%] finished Saimiri_sciureus vs Aotus_azarai depth=6X rep=1  |   2568s elapsed, ~  1664s remaining, 0.165 runs/s
  [424/697  60.8%] finished Saimiri_sciureus vs Aotus_azarai depth=5X rep=2  |   2571s elapsed, ~  1655s remaining, 0.165 runs/s
  [425/697  61.0%] finished Saimiri_sciureus vs Aotus_azarai depth=5X rep=0  |   2582s elapsed, ~  1652s remaining, 0.165 runs/s
  [426/697  61.1%] finished Saimiri_sciureus vs Aotus_azarai depth=6X rep=0  |   2585s elapsed, ~  1644s remaining, 0.165 runs/s
  [427/697  61.3%] finished Saimiri_sciureus vs Varecia_variegata depth=1X rep=0  |   2585s elapsed, ~  1634s remaining, 0.165 runs/s
  [428/697  61.4%] finished Saimiri_sciureus vs Aotus_azarai depth=6X rep=2  |   2594s elapsed, ~  1630s remaining, 0.165 runs/s
  [429/697  61.5%] finished Saimiri_sciureus vs Aotus_azarai depth=7X rep=0  |   2594s elapsed, ~  1620s remaining, 0.165 runs/s
  [430/697  61.7%] finished Saimiri_sciureus vs Aotus_azarai depth=7X rep=2  |   2598s elapsed, ~  1613s remaining, 0.166 runs/s
  [431/697  61.8%] finished Saimiri_sciureus vs Varecia_variegata depth=1X rep=2  |   2599s elapsed, ~  1604s remaining, 0.166 runs/s
  [432/697  62.0%] finished Saimiri_sciureus vs Aotus_azarai depth=8X rep=1  |   2602s elapsed, ~  1596s remaining, 0.166 runs/s
  [433/697  62.1%] finished Saimiri_sciureus vs Varecia_variegata depth=1X rep=1  |   2607s elapsed, ~  1589s remaining, 0.166 runs/s
  [434/697  62.3%] finished Saimiri_sciureus vs Aotus_azarai depth=7X rep=1  |   2610s elapsed, ~  1582s remaining, 0.166 runs/s
  [435/697  62.4%] finished Saimiri_sciureus vs Varecia_variegata depth=2X rep=0  |   2618s elapsed, ~  1577s remaining, 0.166 runs/s
  [436/697  62.6%] finished Saimiri_sciureus vs Aotus_azarai depth=8X rep=2  |   2620s elapsed, ~  1569s remaining, 0.166 runs/s
  [437/697  62.7%] finished Saimiri_sciureus vs Varecia_variegata depth=2X rep=1  |   2629s elapsed, ~  1564s remaining, 0.166 runs/s
  [438/697  62.8%] finished Saimiri_sciureus vs Aotus_azarai depth=8X rep=0  |   2633s elapsed, ~  1557s remaining, 0.166 runs/s
  [439/697  63.0%] finished Saimiri_sciureus vs Varecia_variegata depth=2X rep=2  |   2646s elapsed, ~  1555s remaining, 0.166 runs/s
  [440/697  63.1%] finished Saimiri_sciureus vs Varecia_variegata depth=3X rep=0  |   2650s elapsed, ~  1548s remaining, 0.166 runs/s
  [441/697  63.3%] finished Saimiri_sciureus vs Varecia_variegata depth=3X rep=1  |   2651s elapsed, ~  1539s remaining, 0.166 runs/s
  [442/697  63.4%] finished Saimiri_sciureus vs Varecia_variegata depth=3X rep=2  |   2659s elapsed, ~  1534s remaining, 0.166 runs/s
  [443/697  63.6%] finished Saimiri_sciureus vs Varecia_variegata depth=4X rep=0  |   2667s elapsed, ~  1529s remaining, 0.166 runs/s
  [444/697  63.7%] finished Saimiri_sciureus vs Varecia_variegata depth=4X rep=1  |   2670s elapsed, ~  1522s remaining, 0.166 runs/s
  [445/697  63.8%] finished Saimiri_sciureus vs Varecia_variegata depth=4X rep=2  |   2673s elapsed, ~  1514s remaining, 0.166 runs/s
  [446/697  64.0%] finished Saimiri_sciureus vs Varecia_variegata depth=5X rep=0  |   2676s elapsed, ~  1506s remaining, 0.167 runs/s
  [447/697  64.1%] finished Saimiri_sciureus vs Varecia_variegata depth=5X rep=1  |   2685s elapsed, ~  1502s remaining, 0.166 runs/s
  [448/697  64.3%] finished Saimiri_sciureus vs Varecia_variegata depth=5X rep=2  |   2691s elapsed, ~  1496s remaining, 0.166 runs/s
  [449/697  64.4%] finished Saimiri_sciureus vs Varecia_variegata depth=6X rep=0  |   2700s elapsed, ~  1491s remaining, 0.166 runs/s
  [450/697  64.6%] finished Aotus_azarai vs Homo_sapiens depth=1X rep=0  |   2707s elapsed, ~  1486s remaining, 0.166 runs/s
  [451/697  64.7%] finished Saimiri_sciureus vs Varecia_variegata depth=6X rep=1  |   2712s elapsed, ~  1479s remaining, 0.166 runs/s
  [452/697  64.8%] finished Saimiri_sciureus vs Varecia_variegata depth=6X rep=2  |   2714s elapsed, ~  1471s remaining, 0.167 runs/s
  [453/697  65.0%] finished Aotus_azarai vs Homo_sapiens depth=1X rep=1  |   2720s elapsed, ~  1465s remaining, 0.167 runs/s
  [454/697  65.1%] finished Saimiri_sciureus vs Varecia_variegata depth=7X rep=0  |   2722s elapsed, ~  1457s remaining, 0.167 runs/s
  [455/697  65.3%] finished Aotus_azarai vs Homo_sapiens depth=1X rep=2  |   2722s elapsed, ~  1448s remaining, 0.167 runs/s
  [456/697  65.4%] finished Saimiri_sciureus vs Varecia_variegata depth=7X rep=1  |   2742s elapsed, ~  1449s remaining, 0.166 runs/s
  [457/697  65.6%] finished Aotus_azarai vs Homo_sapiens depth=2X rep=1  |   2743s elapsed, ~  1440s remaining, 0.167 runs/s
  [458/697  65.7%] finished Saimiri_sciureus vs Varecia_variegata depth=8X rep=0  |   2745s elapsed, ~  1432s remaining, 0.167 runs/s
  [459/697  65.9%] finished Aotus_azarai vs Homo_sapiens depth=2X rep=0  |   2745s elapsed, ~  1423s remaining, 0.167 runs/s
  [460/697  66.0%] finished Saimiri_sciureus vs Varecia_variegata depth=7X rep=2  |   2747s elapsed, ~  1415s remaining, 0.167 runs/s
  [461/697  66.1%] finished Saimiri_sciureus vs Varecia_variegata depth=8X rep=1  |   2749s elapsed, ~  1407s remaining, 0.168 runs/s
  [462/697  66.3%] finished Aotus_azarai vs Homo_sapiens depth=2X rep=2  |   2757s elapsed, ~  1402s remaining, 0.168 runs/s
  [463/697  66.4%] finished Saimiri_sciureus vs Varecia_variegata depth=8X rep=2  |   2765s elapsed, ~  1397s remaining, 0.167 runs/s
  [464/697  66.6%] finished Aotus_azarai vs Homo_sapiens depth=3X rep=0  |   2771s elapsed, ~  1391s remaining, 0.167 runs/s
  [465/697  66.7%] finished Aotus_azarai vs Homo_sapiens depth=3X rep=1  |   2776s elapsed, ~  1385s remaining, 0.167 runs/s
  [466/697  66.9%] finished Aotus_azarai vs Homo_sapiens depth=3X rep=2  |   2778s elapsed, ~  1377s remaining, 0.168 runs/s
  [467/697  67.0%] finished Aotus_azarai vs Homo_sapiens depth=4X rep=1  |   2789s elapsed, ~  1373s remaining, 0.167 runs/s
  [468/697  67.1%] finished Aotus_azarai vs Homo_sapiens depth=4X rep=2  |   2790s elapsed, ~  1365s remaining, 0.168 runs/s
  [469/697  67.3%] finished Aotus_azarai vs Homo_sapiens depth=4X rep=0  |   2792s elapsed, ~  1357s remaining, 0.168 runs/s
  [470/697  67.4%] finished Aotus_azarai vs Homo_sapiens depth=5X rep=0  |   2817s elapsed, ~  1361s remaining, 0.167 runs/s
  [471/697  67.6%] finished Aotus_azarai vs Homo_sapiens depth=5X rep=1  |   2819s elapsed, ~  1353s remaining, 0.167 runs/s
  [472/697  67.7%] finished Aotus_azarai vs Homo_sapiens depth=5X rep=2  |   2820s elapsed, ~  1344s remaining, 0.167 runs/s
  [473/697  67.9%] finished Aotus_azarai vs Gorilla_gorilla depth=1X rep=0  |   2825s elapsed, ~  1338s remaining, 0.167 runs/s
  [474/697  68.0%] finished Aotus_azarai vs Homo_sapiens depth=6X rep=0  |   2827s elapsed, ~  1330s remaining, 0.168 runs/s
  [475/697  68.1%] finished Aotus_azarai vs Homo_sapiens depth=6X rep=1  |   2830s elapsed, ~  1323s remaining, 0.168 runs/s
  [476/697  68.3%] finished Aotus_azarai vs Homo_sapiens depth=6X rep=2  |   2830s elapsed, ~  1314s remaining, 0.168 runs/s
  [477/697  68.4%] finished Aotus_azarai vs Homo_sapiens depth=7X rep=0  |   2843s elapsed, ~  1311s remaining, 0.168 runs/s
  [478/697  68.6%] finished Aotus_azarai vs Gorilla_gorilla depth=1X rep=1  |   2850s elapsed, ~  1306s remaining, 0.168 runs/s
  [479/697  68.7%] finished Aotus_azarai vs Homo_sapiens depth=7X rep=1  |   2859s elapsed, ~  1301s remaining, 0.168 runs/s
  [480/697  68.9%] finished Aotus_azarai vs Homo_sapiens depth=7X rep=2  |   2862s elapsed, ~  1294s remaining, 0.168 runs/s
  [481/697  69.0%] finished Aotus_azarai vs Homo_sapiens depth=8X rep=0  |   2868s elapsed, ~  1288s remaining, 0.168 runs/s
  [482/697  69.2%] finished Aotus_azarai vs Gorilla_gorilla depth=1X rep=2  |   2873s elapsed, ~  1281s remaining, 0.168 runs/s
  [483/697  69.3%] finished Aotus_azarai vs Homo_sapiens depth=8X rep=1  |   2873s elapsed, ~  1273s remaining, 0.168 runs/s
  [484/697  69.4%] finished Aotus_azarai vs Gorilla_gorilla depth=2X rep=0  |   2880s elapsed, ~  1268s remaining, 0.168 runs/s
  [485/697  69.6%] finished Aotus_azarai vs Gorilla_gorilla depth=2X rep=1  |   2881s elapsed, ~  1259s remaining, 0.168 runs/s
  [486/697  69.7%] finished Aotus_azarai vs Homo_sapiens depth=8X rep=2  |   2882s elapsed, ~  1251s remaining, 0.169 runs/s
  [487/697  69.9%] finished Aotus_azarai vs Gorilla_gorilla depth=2X rep=2  |   2883s elapsed, ~  1243s remaining, 0.169 runs/s
  [488/697  70.0%] finished Aotus_azarai vs Gorilla_gorilla depth=3X rep=0  |   2894s elapsed, ~  1239s remaining, 0.169 runs/s
  [489/697  70.2%] finished Aotus_azarai vs Gorilla_gorilla depth=3X rep=1  |   2895s elapsed, ~  1231s remaining, 0.169 runs/s
  [490/697  70.3%] finished Aotus_azarai vs Gorilla_gorilla depth=3X rep=2  |   2895s elapsed, ~  1223s remaining, 0.169 runs/s
  [491/697  70.4%] finished Aotus_azarai vs Gorilla_gorilla depth=4X rep=0  |   2911s elapsed, ~  1221s remaining, 0.169 runs/s
  [492/697  70.6%] finished Aotus_azarai vs Gorilla_gorilla depth=4X rep=1  |   2918s elapsed, ~  1216s remaining, 0.169 runs/s
  [493/697  70.7%] finished Aotus_azarai vs Gorilla_gorilla depth=4X rep=2  |   2930s elapsed, ~  1212s remaining, 0.168 runs/s
  [494/697  70.9%] finished Aotus_azarai vs Gorilla_gorilla depth=5X rep=0  |   2939s elapsed, ~  1208s remaining, 0.168 runs/s
  [495/697  71.0%] finished Aotus_azarai vs Gorilla_gorilla depth=5X rep=1  |   2939s elapsed, ~  1199s remaining, 0.168 runs/s
  [496/697  71.2%] finished Aotus_azarai vs Saimiri_boliviensis depth=1X rep=0  |   2946s elapsed, ~  1194s remaining, 0.168 runs/s
  [497/697  71.3%] finished Aotus_azarai vs Gorilla_gorilla depth=5X rep=2  |   2946s elapsed, ~  1186s remaining, 0.169 runs/s
  [498/697  71.4%] finished Aotus_azarai vs Gorilla_gorilla depth=6X rep=0  |   2953s elapsed, ~  1180s remaining, 0.169 runs/s
  [499/697  71.6%] finished Aotus_azarai vs Gorilla_gorilla depth=6X rep=1  |   2960s elapsed, ~  1174s remaining, 0.169 runs/s
  [500/697  71.7%] finished Aotus_azarai vs Gorilla_gorilla depth=6X rep=2  |   2966s elapsed, ~  1168s remaining, 0.169 runs/s
  [501/697  71.9%] finished Aotus_azarai vs Saimiri_boliviensis depth=1X rep=1  |   2967s elapsed, ~  1161s remaining, 0.169 runs/s
  [502/697  72.0%] finished Aotus_azarai vs Gorilla_gorilla depth=7X rep=1  |   2969s elapsed, ~  1153s remaining, 0.169 runs/s
  [503/697  72.2%] finished Aotus_azarai vs Gorilla_gorilla depth=7X rep=0  |   2969s elapsed, ~  1145s remaining, 0.169 runs/s
  [504/697  72.3%] finished Aotus_azarai vs Saimiri_boliviensis depth=1X rep=2  |   2975s elapsed, ~  1139s remaining, 0.169 runs/s
  [505/697  72.5%] finished Aotus_azarai vs Saimiri_boliviensis depth=2X rep=0  |   2981s elapsed, ~  1133s remaining, 0.169 runs/s
  [506/697  72.6%] finished Aotus_azarai vs Gorilla_gorilla depth=7X rep=2  |   2981s elapsed, ~  1125s remaining, 0.170 runs/s
  [507/697  72.7%] finished Aotus_azarai vs Gorilla_gorilla depth=8X rep=0  |   2985s elapsed, ~  1119s remaining, 0.170 runs/s
  [508/697  72.9%] finished Aotus_azarai vs Saimiri_boliviensis depth=2X rep=1  |   2989s elapsed, ~  1112s remaining, 0.170 runs/s
  [509/697  73.0%] finished Aotus_azarai vs Saimiri_boliviensis depth=2X rep=2  |   2989s elapsed, ~  1104s remaining, 0.170 runs/s
  [510/697  73.2%] finished Aotus_azarai vs Gorilla_gorilla depth=8X rep=1  |   2992s elapsed, ~  1097s remaining, 0.170 runs/s
  [511/697  73.3%] finished Aotus_azarai vs Gorilla_gorilla depth=8X rep=2  |   3003s elapsed, ~  1093s remaining, 0.170 runs/s
  [512/697  73.5%] finished Aotus_azarai vs Saimiri_boliviensis depth=3X rep=1  |   3006s elapsed, ~  1086s remaining, 0.170 runs/s
  [513/697  73.6%] finished Aotus_azarai vs Saimiri_boliviensis depth=3X rep=0  |   3007s elapsed, ~  1079s remaining, 0.171 runs/s
  [514/697  73.7%] finished Aotus_azarai vs Saimiri_boliviensis depth=3X rep=2  |   3015s elapsed, ~  1073s remaining, 0.170 runs/s
  [515/697  73.9%] finished Aotus_azarai vs Saimiri_boliviensis depth=4X rep=0  |   3017s elapsed, ~  1066s remaining, 0.171 runs/s
  [516/697  74.0%] finished Aotus_azarai vs Saimiri_boliviensis depth=5X rep=0  |   3027s elapsed, ~  1062s remaining, 0.170 runs/s
  [517/697  74.2%] finished Aotus_azarai vs Saimiri_boliviensis depth=4X rep=2  |   3029s elapsed, ~  1055s remaining, 0.171 runs/s
  [518/697  74.3%] finished Aotus_azarai vs Saimiri_boliviensis depth=4X rep=1  |   3031s elapsed, ~  1047s remaining, 0.171 runs/s
  [519/697  74.5%] finished Aotus_azarai vs Saimiri_boliviensis depth=5X rep=2  |   3045s elapsed, ~  1044s remaining, 0.170 runs/s
  [520/697  74.6%] finished Aotus_azarai vs Saimiri_boliviensis depth=6X rep=1  |   3046s elapsed, ~  1037s remaining, 0.171 runs/s
  [521/697  74.7%] finished Aotus_azarai vs Saimiri_boliviensis depth=5X rep=1  |   3057s elapsed, ~  1033s remaining, 0.170 runs/s
  [522/697  74.9%] finished Aotus_azarai vs Saimiri_boliviensis depth=7X rep=1  |   3063s elapsed, ~  1027s remaining, 0.170 runs/s
  [523/697  75.0%] finished Aotus_azarai vs Saimiri_sciureus depth=1X rep=2  |   3064s elapsed, ~  1019s remaining, 0.171 runs/s
  [524/697  75.2%] finished Aotus_azarai vs Saimiri_boliviensis depth=7X rep=2  |   3066s elapsed, ~  1012s remaining, 0.171 runs/s
  [525/697  75.3%] finished Aotus_azarai vs Saimiri_sciureus depth=1X rep=0  |   3066s elapsed, ~  1004s remaining, 0.171 runs/s
  [526/697  75.5%] finished Aotus_azarai vs Saimiri_boliviensis depth=6X rep=0  |   3068s elapsed, ~   998s remaining, 0.171 runs/s
  [527/697  75.6%] finished Aotus_azarai vs Saimiri_boliviensis depth=8X rep=0  |   3069s elapsed, ~   990s remaining, 0.172 runs/s
  [528/697  75.8%] finished Aotus_azarai vs Saimiri_sciureus depth=1X rep=1  |   3071s elapsed, ~   983s remaining, 0.172 runs/s
  [529/697  75.9%] finished Aotus_azarai vs Saimiri_boliviensis depth=6X rep=2  |   3072s elapsed, ~   975s remaining, 0.172 runs/s
  [530/697  76.0%] finished Aotus_azarai vs Saimiri_boliviensis depth=8X rep=2  |   3077s elapsed, ~   970s remaining, 0.172 runs/s
  [531/697  76.2%] finished Aotus_azarai vs Saimiri_boliviensis depth=7X rep=0  |   3082s elapsed, ~   963s remaining, 0.172 runs/s
  [532/697  76.3%] finished Aotus_azarai vs Saimiri_sciureus depth=2X rep=0  |   3083s elapsed, ~   956s remaining, 0.173 runs/s
  [533/697  76.5%] finished Aotus_azarai vs Saimiri_sciureus depth=2X rep=1  |   3085s elapsed, ~   949s remaining, 0.173 runs/s
  [534/697  76.6%] finished Aotus_azarai vs Saimiri_sciureus depth=2X rep=2  |   3095s elapsed, ~   945s remaining, 0.173 runs/s
  [535/697  76.8%] finished Aotus_azarai vs Saimiri_sciureus depth=3X rep=2  |   3109s elapsed, ~   941s remaining, 0.172 runs/s
  [536/697  76.9%] finished Aotus_azarai vs Saimiri_sciureus depth=4X rep=0  |   3112s elapsed, ~   935s remaining, 0.172 runs/s
  [537/697  77.0%] finished Aotus_azarai vs Saimiri_boliviensis depth=8X rep=1  |   3114s elapsed, ~   928s remaining, 0.172 runs/s
  [538/697  77.2%] finished Aotus_azarai vs Saimiri_sciureus depth=4X rep=1  |   3116s elapsed, ~   921s remaining, 0.173 runs/s
  [539/697  77.3%] finished Aotus_azarai vs Saimiri_sciureus depth=3X rep=0  |   3119s elapsed, ~   914s remaining, 0.173 runs/s
  [540/697  77.5%] finished Aotus_azarai vs Saimiri_sciureus depth=5X rep=0  |   3122s elapsed, ~   908s remaining, 0.173 runs/s
  [541/697  77.6%] finished Aotus_azarai vs Saimiri_sciureus depth=5X rep=1  |   3124s elapsed, ~   901s remaining, 0.173 runs/s
  [542/697  77.8%] finished Aotus_azarai vs Saimiri_sciureus depth=3X rep=1  |   3134s elapsed, ~   896s remaining, 0.173 runs/s
  [543/697  77.9%] finished Aotus_azarai vs Saimiri_sciureus depth=6X rep=2  |   3140s elapsed, ~   891s remaining, 0.173 runs/s
  [544/697  78.0%] finished Aotus_azarai vs Saimiri_sciureus depth=4X rep=2  |   3142s elapsed, ~   884s remaining, 0.173 runs/s
  [545/697  78.2%] finished Aotus_azarai vs Saimiri_sciureus depth=6X rep=0  |   3149s elapsed, ~   878s remaining, 0.173 runs/s
  [546/697  78.3%] finished Aotus_azarai vs Saimiri_sciureus depth=5X rep=2  |   3157s elapsed, ~   873s remaining, 0.173 runs/s
  [547/697  78.5%] finished Aotus_azarai vs Varecia_variegata depth=1X rep=0  |   3163s elapsed, ~   867s remaining, 0.173 runs/s
  [548/697  78.6%] finished Aotus_azarai vs Saimiri_sciureus depth=6X rep=1  |   3171s elapsed, ~   862s remaining, 0.173 runs/s
  [549/697  78.8%] finished Aotus_azarai vs Saimiri_sciureus depth=7X rep=2  |   3172s elapsed, ~   855s remaining, 0.173 runs/s
  [550/697  78.9%] finished Aotus_azarai vs Varecia_variegata depth=1X rep=1  |   3173s elapsed, ~   848s remaining, 0.173 runs/s
  [551/697  79.1%] finished Aotus_azarai vs Saimiri_sciureus depth=8X rep=1  |   3180s elapsed, ~   843s remaining, 0.173 runs/s
  [552/697  79.2%] finished Aotus_azarai vs Varecia_variegata depth=1X rep=2  |   3181s elapsed, ~   836s remaining, 0.174 runs/s
  [553/697  79.3%] finished Aotus_azarai vs Saimiri_sciureus depth=7X rep=0  |   3182s elapsed, ~   829s remaining, 0.174 runs/s
  [554/697  79.5%] finished Aotus_azarai vs Saimiri_sciureus depth=8X rep=2  |   3184s elapsed, ~   822s remaining, 0.174 runs/s
  [555/697  79.6%] finished Aotus_azarai vs Saimiri_sciureus depth=8X rep=0  |   3198s elapsed, ~   818s remaining, 0.174 runs/s
  [556/697  79.8%] finished Aotus_azarai vs Saimiri_sciureus depth=7X rep=1  |   3198s elapsed, ~   811s remaining, 0.174 runs/s
  [557/697  79.9%] finished Aotus_azarai vs Varecia_variegata depth=2X rep=0  |   3203s elapsed, ~   805s remaining, 0.174 runs/s
  [558/697  80.1%] finished Aotus_azarai vs Varecia_variegata depth=2X rep=1  |   3207s elapsed, ~   799s remaining, 0.174 runs/s
  [559/697  80.2%] finished Aotus_azarai vs Varecia_variegata depth=2X rep=2  |   3209s elapsed, ~   792s remaining, 0.174 runs/s
  [560/697  80.3%] finished Aotus_azarai vs Varecia_variegata depth=3X rep=0  |   3223s elapsed, ~   789s remaining, 0.174 runs/s
  [561/697  80.5%] finished Aotus_azarai vs Varecia_variegata depth=3X rep=1  |   3227s elapsed, ~   782s remaining, 0.174 runs/s
  [562/697  80.6%] finished Aotus_azarai vs Varecia_variegata depth=3X rep=2  |   3239s elapsed, ~   778s remaining, 0.174 runs/s
  [563/697  80.8%] finished Aotus_azarai vs Varecia_variegata depth=4X rep=1  |   3243s elapsed, ~   772s remaining, 0.174 runs/s
  [564/697  80.9%] finished Aotus_azarai vs Varecia_variegata depth=4X rep=0  |   3244s elapsed, ~   765s remaining, 0.174 runs/s
  [565/697  81.1%] finished Aotus_azarai vs Varecia_variegata depth=4X rep=2  |   3250s elapsed, ~   759s remaining, 0.174 runs/s
  [566/697  81.2%] finished Aotus_azarai vs Varecia_variegata depth=5X rep=0  |   3254s elapsed, ~   753s remaining, 0.174 runs/s
  [567/697  81.3%] finished Aotus_azarai vs Varecia_variegata depth=5X rep=1  |   3257s elapsed, ~   747s remaining, 0.174 runs/s
  [568/697  81.5%] finished Aotus_azarai vs Varecia_variegata depth=5X rep=2  |   3259s elapsed, ~   740s remaining, 0.174 runs/s
  [569/697  81.6%] finished Aotus_azarai vs Varecia_variegata depth=6X rep=0  |   3283s elapsed, ~   738s remaining, 0.173 runs/s
  [570/697  81.8%] finished Aotus_azarai vs Varecia_variegata depth=6X rep=1  |   3285s elapsed, ~   732s remaining, 0.174 runs/s
  [571/697  81.9%] finished Aotus_azarai vs Varecia_variegata depth=6X rep=2  |   3286s elapsed, ~   725s remaining, 0.174 runs/s
  [572/697  82.1%] finished Varecia_variegata vs Homo_sapiens depth=1X rep=2  |   3290s elapsed, ~   719s remaining, 0.174 runs/s
  [573/697  82.2%] finished Aotus_azarai vs Varecia_variegata depth=7X rep=0  |   3292s elapsed, ~   712s remaining, 0.174 runs/s
  [574/697  82.4%] finished Aotus_azarai vs Varecia_variegata depth=7X rep=1  |   3296s elapsed, ~   706s remaining, 0.174 runs/s
  [575/697  82.5%] finished Varecia_variegata vs Homo_sapiens depth=1X rep=1  |   3296s elapsed, ~   699s remaining, 0.174 runs/s
  [576/697  82.6%] finished Varecia_variegata vs Homo_sapiens depth=1X rep=0  |   3301s elapsed, ~   693s remaining, 0.174 runs/s
  [577/697  82.8%] finished Varecia_variegata vs Homo_sapiens depth=2X rep=1  |   3308s elapsed, ~   688s remaining, 0.174 runs/s
  [578/697  82.9%] finished Aotus_azarai vs Varecia_variegata depth=7X rep=2  |   3314s elapsed, ~   682s remaining, 0.174 runs/s
  [579/697  83.1%] finished Aotus_azarai vs Varecia_variegata depth=8X rep=0  |   3319s elapsed, ~   676s remaining, 0.174 runs/s
  [580/697  83.2%] finished Varecia_variegata vs Homo_sapiens depth=2X rep=0  |   3323s elapsed, ~   670s remaining, 0.175 runs/s
  [581/697  83.4%] finished Aotus_azarai vs Varecia_variegata depth=8X rep=1  |   3335s elapsed, ~   666s remaining, 0.174 runs/s
  [582/697  83.5%] finished Aotus_azarai vs Varecia_variegata depth=8X rep=2  |   3342s elapsed, ~   660s remaining, 0.174 runs/s
  [583/697  83.6%] finished Varecia_variegata vs Homo_sapiens depth=2X rep=2  |   3347s elapsed, ~   654s remaining, 0.174 runs/s
  [584/697  83.8%] finished Varecia_variegata vs Homo_sapiens depth=3X rep=1  |   3350s elapsed, ~   648s remaining, 0.174 runs/s
  [585/697  83.9%] finished Varecia_variegata vs Homo_sapiens depth=3X rep=0  |   3357s elapsed, ~   643s remaining, 0.174 runs/s
  [586/697  84.1%] finished Varecia_variegata vs Homo_sapiens depth=3X rep=2  |   3358s elapsed, ~   636s remaining, 0.175 runs/s
  [587/697  84.2%] finished Varecia_variegata vs Homo_sapiens depth=4X rep=0  |   3364s elapsed, ~   630s remaining, 0.174 runs/s
  [588/697  84.4%] finished Varecia_variegata vs Homo_sapiens depth=4X rep=2  |   3365s elapsed, ~   624s remaining, 0.175 runs/s
  [589/697  84.5%] finished Varecia_variegata vs Homo_sapiens depth=4X rep=1  |   3369s elapsed, ~   618s remaining, 0.175 runs/s
  [590/697  84.6%] finished Varecia_variegata vs Homo_sapiens depth=5X rep=0  |   3383s elapsed, ~   613s remaining, 0.174 runs/s
  [591/697  84.8%] finished Varecia_variegata vs Homo_sapiens depth=5X rep=1  |   3387s elapsed, ~   608s remaining, 0.174 runs/s
  [592/697  84.9%] finished Varecia_variegata vs Homo_sapiens depth=5X rep=2  |   3394s elapsed, ~   602s remaining, 0.174 runs/s
  [593/697  85.1%] finished Varecia_variegata vs Homo_sapiens depth=6X rep=0  |   3400s elapsed, ~   596s remaining, 0.174 runs/s
  [594/697  85.2%] finished Varecia_variegata vs Gorilla_gorilla depth=1X rep=0  |   3401s elapsed, ~   590s remaining, 0.175 runs/s
  [595/697  85.4%] finished Varecia_variegata vs Homo_sapiens depth=6X rep=1  |   3407s elapsed, ~   584s remaining, 0.175 runs/s
  [596/697  85.5%] finished Varecia_variegata vs Gorilla_gorilla depth=1X rep=1  |   3418s elapsed, ~   579s remaining, 0.174 runs/s
  [597/697  85.7%] finished Varecia_variegata vs Gorilla_gorilla depth=1X rep=2  |   3422s elapsed, ~   573s remaining, 0.174 runs/s
  [598/697  85.8%] finished Varecia_variegata vs Homo_sapiens depth=6X rep=2  |   3422s elapsed, ~   566s remaining, 0.175 runs/s
  [599/697  85.9%] finished Varecia_variegata vs Homo_sapiens depth=7X rep=0  |   3428s elapsed, ~   561s remaining, 0.175 runs/s
  [600/697  86.1%] finished Varecia_variegata vs Homo_sapiens depth=7X rep=1  |   3438s elapsed, ~   556s remaining, 0.175 runs/s
  [601/697  86.2%] finished Varecia_variegata vs Homo_sapiens depth=7X rep=2  |   3438s elapsed, ~   549s remaining, 0.175 runs/s
  [602/697  86.4%] finished Varecia_variegata vs Gorilla_gorilla depth=2X rep=0  |   3448s elapsed, ~   544s remaining, 0.175 runs/s
  [603/697  86.5%] finished Varecia_variegata vs Homo_sapiens depth=8X rep=1  |   3453s elapsed, ~   538s remaining, 0.175 runs/s
  [604/697  86.7%] finished Varecia_variegata vs Homo_sapiens depth=8X rep=0  |   3456s elapsed, ~   532s remaining, 0.175 runs/s
  [605/697  86.8%] finished Varecia_variegata vs Gorilla_gorilla depth=2X rep=1  |   3459s elapsed, ~   526s remaining, 0.175 runs/s
  [606/697  86.9%] finished Varecia_variegata vs Homo_sapiens depth=8X rep=2  |   3459s elapsed, ~   519s remaining, 0.175 runs/s
  [607/697  87.1%] finished Varecia_variegata vs Gorilla_gorilla depth=2X rep=2  |   3462s elapsed, ~   513s remaining, 0.175 runs/s
  [608/697  87.2%] finished Varecia_variegata vs Gorilla_gorilla depth=3X rep=0  |   3463s elapsed, ~   507s remaining, 0.176 runs/s
  [609/697  87.4%] finished Varecia_variegata vs Gorilla_gorilla depth=3X rep=1  |   3479s elapsed, ~   503s remaining, 0.175 runs/s
  [610/697  87.5%] finished Varecia_variegata vs Gorilla_gorilla depth=3X rep=2  |   3489s elapsed, ~   498s remaining, 0.175 runs/s
  [611/697  87.7%] finished Varecia_variegata vs Gorilla_gorilla depth=4X rep=0  |   3497s elapsed, ~   492s remaining, 0.175 runs/s
  [612/697  87.8%] finished Varecia_variegata vs Gorilla_gorilla depth=4X rep=1  |   3499s elapsed, ~   486s remaining, 0.175 runs/s
  [613/697  87.9%] finished Varecia_variegata vs Gorilla_gorilla depth=4X rep=2  |   3501s elapsed, ~   480s remaining, 0.175 runs/s
  [614/697  88.1%] finished Varecia_variegata vs Gorilla_gorilla depth=5X rep=1  |   3514s elapsed, ~   475s remaining, 0.175 runs/s
  [615/697  88.2%] finished Varecia_variegata vs Gorilla_gorilla depth=5X rep=0  |   3518s elapsed, ~   469s remaining, 0.175 runs/s
  [616/697  88.4%] finished Varecia_variegata vs Gorilla_gorilla depth=5X rep=2  |   3528s elapsed, ~   464s remaining, 0.175 runs/s
  [617/697  88.5%] finished Varecia_variegata vs Gorilla_gorilla depth=6X rep=0  |   3534s elapsed, ~   458s remaining, 0.175 runs/s
  [618/697  88.7%] finished Varecia_variegata vs Gorilla_gorilla depth=6X rep=1  |   3539s elapsed, ~   452s remaining, 0.175 runs/s
  [619/697  88.8%] finished Varecia_variegata vs Saimiri_boliviensis depth=1X rep=1  |   3539s elapsed, ~   446s remaining, 0.175 runs/s
  [620/697  89.0%] finished Varecia_variegata vs Gorilla_gorilla depth=7X rep=0  |   3542s elapsed, ~   440s remaining, 0.175 runs/s
  [621/697  89.1%] finished Varecia_variegata vs Gorilla_gorilla depth=7X rep=2  |   3547s elapsed, ~   434s remaining, 0.175 runs/s
  [622/697  89.2%] finished Varecia_variegata vs Gorilla_gorilla depth=6X rep=2  |   3547s elapsed, ~   428s remaining, 0.175 runs/s
  [623/697  89.4%] finished Varecia_variegata vs Saimiri_boliviensis depth=1X rep=0  |   3548s elapsed, ~   421s remaining, 0.176 runs/s
  [624/697  89.5%] finished Varecia_variegata vs Gorilla_gorilla depth=7X rep=1  |   3552s elapsed, ~   416s remaining, 0.176 runs/s
  [625/697  89.7%] finished Varecia_variegata vs Saimiri_boliviensis depth=1X rep=2  |   3569s elapsed, ~   411s remaining, 0.175 runs/s
  [626/697  89.8%] finished Varecia_variegata vs Gorilla_gorilla depth=8X rep=0  |   3570s elapsed, ~   405s remaining, 0.175 runs/s
  [627/697  90.0%] finished Varecia_variegata vs Saimiri_boliviensis depth=2X rep=0  |   3582s elapsed, ~   400s remaining, 0.175 runs/s
  [628/697  90.1%] finished Varecia_variegata vs Gorilla_gorilla depth=8X rep=1  |   3584s elapsed, ~   394s remaining, 0.175 runs/s
  [629/697  90.2%] finished Varecia_variegata vs Saimiri_boliviensis depth=2X rep=1  |   3586s elapsed, ~   388s remaining, 0.175 runs/s
  [630/697  90.4%] finished Varecia_variegata vs Saimiri_boliviensis depth=2X rep=2  |   3586s elapsed, ~   381s remaining, 0.176 runs/s
  [631/697  90.5%] finished Varecia_variegata vs Gorilla_gorilla depth=8X rep=2  |   3586s elapsed, ~   375s remaining, 0.176 runs/s
  [632/697  90.7%] finished Varecia_variegata vs Saimiri_boliviensis depth=3X rep=0  |   3606s elapsed, ~   371s remaining, 0.175 runs/s
  [633/697  90.8%] finished Varecia_variegata vs Saimiri_boliviensis depth=3X rep=1  |   3609s elapsed, ~   365s remaining, 0.175 runs/s
  [634/697  91.0%] finished Varecia_variegata vs Saimiri_boliviensis depth=3X rep=2  |   3610s elapsed, ~   359s remaining, 0.176 runs/s
  [635/697  91.1%] finished Varecia_variegata vs Saimiri_boliviensis depth=4X rep=0  |   3614s elapsed, ~   353s remaining, 0.176 runs/s
  [636/697  91.2%] finished Varecia_variegata vs Saimiri_boliviensis depth=4X rep=2  |   3619s elapsed, ~   347s remaining, 0.176 runs/s
  [637/697  91.4%] finished Varecia_variegata vs Saimiri_boliviensis depth=4X rep=1  |   3626s elapsed, ~   342s remaining, 0.176 runs/s
  [638/697  91.5%] finished Varecia_variegata vs Saimiri_boliviensis depth=5X rep=0  |   3626s elapsed, ~   335s remaining, 0.176 runs/s
  [639/697  91.7%] finished Varecia_variegata vs Saimiri_boliviensis depth=5X rep=2  |   3651s elapsed, ~   331s remaining, 0.175 runs/s
  [640/697  91.8%] finished Varecia_variegata vs Saimiri_boliviensis depth=5X rep=1  |   3656s elapsed, ~   326s remaining, 0.175 runs/s
  [641/697  92.0%] finished Varecia_variegata vs Saimiri_sciureus depth=1X rep=1  |   3658s elapsed, ~   320s remaining, 0.175 runs/s
  [642/697  92.1%] finished Varecia_variegata vs Saimiri_sciureus depth=1X rep=0  |   3667s elapsed, ~   314s remaining, 0.175 runs/s
  [643/697  92.3%] finished Varecia_variegata vs Saimiri_boliviensis depth=6X rep=0  |   3669s elapsed, ~   308s remaining, 0.175 runs/s
  [644/697  92.4%] finished Varecia_variegata vs Saimiri_sciureus depth=1X rep=2  |   3672s elapsed, ~   302s remaining, 0.175 runs/s
  [645/697  92.5%] finished Varecia_variegata vs Saimiri_boliviensis depth=6X rep=1  |   3673s elapsed, ~   296s remaining, 0.176 runs/s
  [646/697  92.7%] finished Varecia_variegata vs Saimiri_boliviensis depth=7X rep=1  |   3674s elapsed, ~   290s remaining, 0.176 runs/s
  [647/697  92.8%] finished Varecia_variegata vs Saimiri_boliviensis depth=6X rep=2  |   3677s elapsed, ~   284s remaining, 0.176 runs/s
  [648/697  93.0%] finished Varecia_variegata vs Saimiri_boliviensis depth=7X rep=0  |   3680s elapsed, ~   278s remaining, 0.176 runs/s
  [649/697  93.1%] finished Varecia_variegata vs Saimiri_boliviensis depth=7X rep=2  |   3699s elapsed, ~   274s remaining, 0.175 runs/s
  [650/697  93.3%] finished Varecia_variegata vs Saimiri_boliviensis depth=8X rep=1  |   3703s elapsed, ~   268s remaining, 0.176 runs/s
  [651/697  93.4%] finished Varecia_variegata vs Saimiri_boliviensis depth=8X rep=0  |   3706s elapsed, ~   262s remaining, 0.176 runs/s
  [652/697  93.5%] finished Varecia_variegata vs Saimiri_boliviensis depth=8X rep=2  |   3707s elapsed, ~   256s remaining, 0.176 runs/s
  [653/697  93.7%] finished Varecia_variegata vs Saimiri_sciureus depth=2X rep=0  |   3715s elapsed, ~   250s remaining, 0.176 runs/s
  [654/697  93.8%] finished Varecia_variegata vs Saimiri_sciureus depth=2X rep=1  |   3719s elapsed, ~   245s remaining, 0.176 runs/s
  [655/697  94.0%] finished Varecia_variegata vs Saimiri_sciureus depth=2X rep=2  |   3724s elapsed, ~   239s remaining, 0.176 runs/s
  [656/697  94.1%] finished Varecia_variegata vs Saimiri_sciureus depth=3X rep=1  |   3736s elapsed, ~   233s remaining, 0.176 runs/s
  [657/697  94.3%] finished Varecia_variegata vs Saimiri_sciureus depth=3X rep=2  |   3737s elapsed, ~   228s remaining, 0.176 runs/s
  [658/697  94.4%] finished Varecia_variegata vs Saimiri_sciureus depth=3X rep=0  |   3738s elapsed, ~   222s remaining, 0.176 runs/s
  [659/697  94.5%] finished Varecia_variegata vs Saimiri_sciureus depth=4X rep=0  |   3744s elapsed, ~   216s remaining, 0.176 runs/s
  [660/697  94.7%] finished Varecia_variegata vs Saimiri_sciureus depth=4X rep=1  |   3745s elapsed, ~   210s remaining, 0.176 runs/s
  [661/697  94.8%] finished Varecia_variegata vs Saimiri_sciureus depth=4X rep=2  |   3748s elapsed, ~   204s remaining, 0.176 runs/s
  [662/697  95.0%] finished Varecia_variegata vs Saimiri_sciureus depth=5X rep=0  |   3754s elapsed, ~   198s remaining, 0.176 runs/s
  [663/697  95.1%] finished Varecia_variegata vs Aotus_azarai depth=1X rep=0  |   3770s elapsed, ~   193s remaining, 0.176 runs/s
  [664/697  95.3%] finished Varecia_variegata vs Saimiri_sciureus depth=5X rep=1  |   3775s elapsed, ~   188s remaining, 0.176 runs/s
  [665/697  95.4%] finished Varecia_variegata vs Saimiri_sciureus depth=5X rep=2  |   3779s elapsed, ~   182s remaining, 0.176 runs/s
  [666/697  95.6%] finished Varecia_variegata vs Aotus_azarai depth=1X rep=1  |   3783s elapsed, ~   176s remaining, 0.176 runs/s
  [667/697  95.7%] finished Varecia_variegata vs Saimiri_sciureus depth=6X rep=0  |   3785s elapsed, ~   170s remaining, 0.176 runs/s
  [668/697  95.8%] finished Varecia_variegata vs Saimiri_sciureus depth=6X rep=1  |   3785s elapsed, ~   164s remaining, 0.176 runs/s
  [669/697  96.0%] finished Varecia_variegata vs Saimiri_sciureus depth=6X rep=2  |   3794s elapsed, ~   159s remaining, 0.176 runs/s
  [670/697  96.1%] finished Varecia_variegata vs Saimiri_sciureus depth=7X rep=0  |   3804s elapsed, ~   153s remaining, 0.176 runs/s
  [671/697  96.3%] finished Varecia_variegata vs Aotus_azarai depth=1X rep=2  |   3809s elapsed, ~   148s remaining, 0.176 runs/s
  [672/697  96.4%] finished Varecia_variegata vs Saimiri_sciureus depth=7X rep=1  |   3814s elapsed, ~   142s remaining, 0.176 runs/s
  [673/697  96.6%] finished Varecia_variegata vs Aotus_azarai depth=2X rep=1  |   3826s elapsed, ~   136s remaining, 0.176 runs/s
  [674/697  96.7%] finished Varecia_variegata vs Saimiri_sciureus depth=8X rep=0  |   3827s elapsed, ~   131s remaining, 0.176 runs/s
  [675/697  96.8%] finished Varecia_variegata vs Saimiri_sciureus depth=7X rep=2  |   3828s elapsed, ~   125s remaining, 0.176 runs/s
  [676/697  97.0%] finished Varecia_variegata vs Aotus_azarai depth=2X rep=2  |   3831s elapsed, ~   119s remaining, 0.176 runs/s
  [677/697  97.1%] finished Varecia_variegata vs Aotus_azarai depth=2X rep=0  |   3835s elapsed, ~   113s remaining, 0.177 runs/s
  [678/697  97.3%] finished Varecia_variegata vs Saimiri_sciureus depth=8X rep=1  |   3837s elapsed, ~   108s remaining, 0.177 runs/s
  [679/697  97.4%] finished Varecia_variegata vs Saimiri_sciureus depth=8X rep=2  |   3840s elapsed, ~   102s remaining, 0.177 runs/s
  [680/697  97.6%] finished Varecia_variegata vs Aotus_azarai depth=3X rep=2  |   3851s elapsed, ~    96s remaining, 0.177 runs/s
  [681/697  97.7%] finished Varecia_variegata vs Aotus_azarai depth=3X rep=0  |   3852s elapsed, ~    90s remaining, 0.177 runs/s
  [682/697  97.8%] finished Varecia_variegata vs Aotus_azarai depth=3X rep=1  |   3853s elapsed, ~    85s remaining, 0.177 runs/s
  [683/697  98.0%] finished Varecia_variegata vs Aotus_azarai depth=4X rep=0  |   3864s elapsed, ~    79s remaining, 0.177 runs/s
  [684/697  98.1%] finished Varecia_variegata vs Aotus_azarai depth=4X rep=1  |   3873s elapsed, ~    74s remaining, 0.177 runs/s
  [685/697  98.3%] finished Varecia_variegata vs Aotus_azarai depth=4X rep=2  |   3878s elapsed, ~    68s remaining, 0.177 runs/s
  [686/697  98.4%] finished Varecia_variegata vs Aotus_azarai depth=5X rep=0  |   3887s elapsed, ~    62s remaining, 0.176 runs/s
  [687/697  98.6%] finished Varecia_variegata vs Aotus_azarai depth=5X rep=1  |   3899s elapsed, ~    57s remaining, 0.176 runs/s
  [688/697  98.7%] finished Varecia_variegata vs Aotus_azarai depth=5X rep=2  |   3900s elapsed, ~    51s remaining, 0.176 runs/s
  [689/697  98.9%] finished Varecia_variegata vs Aotus_azarai depth=6X rep=0  |   3908s elapsed, ~    45s remaining, 0.176 runs/s
  [690/697  99.0%] finished Varecia_variegata vs Aotus_azarai depth=6X rep=1  |   3908s elapsed, ~    40s remaining, 0.177 runs/s
  [691/697  99.1%] finished Varecia_variegata vs Aotus_azarai depth=6X rep=2  |   3912s elapsed, ~    34s remaining, 0.177 runs/s
  [692/697  99.3%] finished Varecia_variegata vs Aotus_azarai depth=7X rep=0  |   3917s elapsed, ~    28s remaining, 0.177 runs/s
  [693/697  99.4%] finished Varecia_variegata vs Aotus_azarai depth=7X rep=1  |   3920s elapsed, ~    23s remaining, 0.177 runs/s
  [694/697  99.6%] finished Varecia_variegata vs Aotus_azarai depth=7X rep=2  |   3928s elapsed, ~    17s remaining, 0.177 runs/s
  [695/697  99.7%] finished Varecia_variegata vs Aotus_azarai depth=8X rep=0  |   3932s elapsed, ~    11s remaining, 0.177 runs/s
  [696/697  99.9%] finished Varecia_variegata vs Aotus_azarai depth=8X rep=1  |   3933s elapsed, ~     6s remaining, 0.177 runs/s
  [697/697 100.0%] finished Varecia_variegata vs Aotus_azarai depth=8X rep=2  |   3940s elapsed, ~     0s remaining, 0.177 runs/s

=== DONE: appended 3687 rows to grid_results.csv this run (total wall time 3941s) ===
