=== ASEM-Hybrid variant: boundary; results: /mnt/c/Users/punpi/OneDrive/genome/asem-refine-benchmarks/scripts/results/baseline_hybrid_boundary ===
=== STAGE 1/2: initial-state (no refinement) metrics for all pairs ===
  /mnt/c/Users/punpi/OneDrive/genome/asem-refine-benchmarks/scripts/results/baseline_hybrid_boundary/initial_state.csv already exists, skipping (delete it to recompute)
=== STAGE 2/2: grid -- 720 total combinations, 22 already done (resumed), 698 remaining, 14 in parallel ===
  [1/698   0.1%] finished Homo_sapiens vs Saimiri_boliviensis depth=1X rep=1  |     40s elapsed, ~ 27556s remaining, 0.025 runs/s
  [2/698   0.3%] finished Homo_sapiens vs Saimiri_boliviensis depth=4X rep=0  |     47s elapsed, ~ 16314s remaining, 0.043 runs/s
  [3/698   0.4%] finished Homo_sapiens vs Saimiri_boliviensis depth=4X rep=2  |     49s elapsed, ~ 11269s remaining, 0.062 runs/s
  [4/698   0.6%] finished Homo_sapiens vs Saimiri_boliviensis depth=1X rep=0  |     53s elapsed, ~  9277s remaining, 0.075 runs/s
  [5/698   0.7%] finished Homo_sapiens vs Saimiri_boliviensis depth=2X rep=2  |     55s elapsed, ~  7587s remaining, 0.091 runs/s
  [6/698   0.9%] finished Homo_sapiens vs Saimiri_boliviensis depth=3X rep=1  |     56s elapsed, ~  6472s remaining, 0.107 runs/s
  [7/698   1.0%] finished Homo_sapiens vs Saimiri_boliviensis depth=2X rep=0  |     57s elapsed, ~  5583s remaining, 0.124 runs/s
  [8/698   1.1%] finished Homo_sapiens vs Saimiri_boliviensis depth=4X rep=1  |     57s elapsed, ~  4940s remaining, 0.140 runs/s
  [9/698   1.3%] finished Homo_sapiens vs Saimiri_boliviensis depth=3X rep=0  |     58s elapsed, ~  4404s remaining, 0.156 runs/s
  [10/698   1.4%] finished Homo_sapiens vs Saimiri_boliviensis depth=1X rep=2  |     61s elapsed, ~  4230s remaining, 0.163 runs/s
  [11/698   1.6%] finished Homo_sapiens vs Saimiri_boliviensis depth=2X rep=1  |     65s elapsed, ~  4029s remaining, 0.171 runs/s
  [12/698   1.7%] finished Homo_sapiens vs Saimiri_boliviensis depth=3X rep=2  |     67s elapsed, ~  3807s remaining, 0.180 runs/s
  [13/698   1.9%] finished Homo_sapiens vs Gorilla_gorilla depth=8X rep=2  |     68s elapsed, ~  3608s remaining, 0.190 runs/s
  [14/698   2.0%] finished Homo_sapiens vs Gorilla_gorilla depth=8X rep=1  |     72s elapsed, ~  3507s remaining, 0.195 runs/s
  [15/698   2.1%] finished Homo_sapiens vs Saimiri_boliviensis depth=5X rep=2  |     93s elapsed, ~  4214s remaining, 0.162 runs/s
  [16/698   2.3%] finished Homo_sapiens vs Saimiri_sciureus depth=1X rep=1  |    107s elapsed, ~  4558s remaining, 0.150 runs/s
  [17/698   2.4%] finished Homo_sapiens vs Saimiri_boliviensis depth=7X rep=2  |    108s elapsed, ~  4339s remaining, 0.157 runs/s
  [18/698   2.6%] finished Homo_sapiens vs Saimiri_boliviensis depth=6X rep=2  |    108s elapsed, ~  4093s remaining, 0.166 runs/s
  [19/698   2.7%] finished Homo_sapiens vs Saimiri_sciureus depth=1X rep=0  |    111s elapsed, ~  3962s remaining, 0.171 runs/s
  [20/698   2.9%] finished Homo_sapiens vs Saimiri_boliviensis depth=8X rep=0  |    113s elapsed, ~  3815s remaining, 0.178 runs/s
  [21/698   3.0%] finished Homo_sapiens vs Saimiri_boliviensis depth=8X rep=1  |    114s elapsed, ~  3681s remaining, 0.184 runs/s
  [22/698   3.2%] finished Homo_sapiens vs Saimiri_boliviensis depth=6X rep=0  |    115s elapsed, ~  3549s remaining, 0.190 runs/s
  [23/698   3.3%] finished Homo_sapiens vs Saimiri_boliviensis depth=5X rep=1  |    116s elapsed, ~  3409s remaining, 0.198 runs/s
  [24/698   3.4%] finished Homo_sapiens vs Saimiri_boliviensis depth=6X rep=1  |    117s elapsed, ~  3272s remaining, 0.206 runs/s
  [25/698   3.6%] finished Homo_sapiens vs Saimiri_boliviensis depth=7X rep=1  |    119s elapsed, ~  3213s remaining, 0.209 runs/s
  [26/698   3.7%] finished Homo_sapiens vs Saimiri_boliviensis depth=7X rep=0  |    121s elapsed, ~  3116s remaining, 0.216 runs/s
  [27/698   3.9%] finished Homo_sapiens vs Saimiri_boliviensis depth=5X rep=0  |    121s elapsed, ~  3003s remaining, 0.223 runs/s
  [28/698   4.0%] finished Homo_sapiens vs Saimiri_sciureus depth=1X rep=2  |    129s elapsed, ~  3084s remaining, 0.217 runs/s
  [29/698   4.2%] finished Homo_sapiens vs Saimiri_boliviensis depth=8X rep=2  |    132s elapsed, ~  3049s remaining, 0.219 runs/s
  [30/698   4.3%] finished Homo_sapiens vs Saimiri_sciureus depth=3X rep=0  |    144s elapsed, ~  3217s remaining, 0.208 runs/s
  [31/698   4.4%] finished Homo_sapiens vs Saimiri_sciureus depth=3X rep=1  |    148s elapsed, ~  3177s remaining, 0.210 runs/s
  [32/698   4.6%] finished Homo_sapiens vs Saimiri_sciureus depth=2X rep=0  |    151s elapsed, ~  3153s remaining, 0.211 runs/s
  [33/698   4.7%] finished Homo_sapiens vs Saimiri_sciureus depth=2X rep=2  |    153s elapsed, ~  3075s remaining, 0.216 runs/s
  [34/698   4.9%] finished Homo_sapiens vs Saimiri_sciureus depth=3X rep=2  |    159s elapsed, ~  3102s remaining, 0.214 runs/s
  [35/698   5.0%] finished Homo_sapiens vs Saimiri_sciureus depth=2X rep=1  |    161s elapsed, ~  3059s remaining, 0.217 runs/s
  [36/698   5.2%] finished Homo_sapiens vs Saimiri_sciureus depth=4X rep=2  |    165s elapsed, ~  3037s remaining, 0.218 runs/s
  [37/698   5.3%] finished Homo_sapiens vs Saimiri_sciureus depth=4X rep=1  |    166s elapsed, ~  2972s remaining, 0.222 runs/s
  [38/698   5.4%] finished Homo_sapiens vs Saimiri_sciureus depth=5X rep=0  |    170s elapsed, ~  2947s remaining, 0.224 runs/s
  [39/698   5.6%] finished Homo_sapiens vs Saimiri_sciureus depth=5X rep=1  |    171s elapsed, ~  2886s remaining, 0.228 runs/s
  [40/698   5.7%] finished Homo_sapiens vs Saimiri_sciureus depth=4X rep=0  |    174s elapsed, ~  2862s remaining, 0.230 runs/s
  [41/698   5.9%] finished Homo_sapiens vs Saimiri_sciureus depth=6X rep=0  |    186s elapsed, ~  2988s remaining, 0.220 runs/s
  [42/698   6.0%] finished Homo_sapiens vs Saimiri_sciureus depth=5X rep=2  |    188s elapsed, ~  2942s remaining, 0.223 runs/s
  [43/698   6.2%] finished Homo_sapiens vs Saimiri_sciureus depth=6X rep=1  |    192s elapsed, ~  2921s remaining, 0.224 runs/s
  [44/698   6.3%] finished Homo_sapiens vs Saimiri_sciureus depth=7X rep=0  |    193s elapsed, ~  2867s remaining, 0.228 runs/s
  [45/698   6.4%] finished Homo_sapiens vs Saimiri_sciureus depth=7X rep=1  |    197s elapsed, ~  2859s remaining, 0.228 runs/s
  [46/698   6.6%] finished Homo_sapiens vs Aotus_azarai depth=1X rep=1  |    200s elapsed, ~  2832s remaining, 0.230 runs/s
  [47/698   6.7%] finished Homo_sapiens vs Saimiri_sciureus depth=7X rep=2  |    200s elapsed, ~  2772s remaining, 0.235 runs/s
  [48/698   6.9%] finished Homo_sapiens vs Saimiri_sciureus depth=6X rep=2  |    200s elapsed, ~  2711s remaining, 0.240 runs/s
  [49/698   7.0%] finished Homo_sapiens vs Aotus_azarai depth=2X rep=0  |    207s elapsed, ~  2740s remaining, 0.237 runs/s
  [50/698   7.2%] finished Homo_sapiens vs Aotus_azarai depth=1X rep=2  |    208s elapsed, ~  2694s remaining, 0.241 runs/s
  [51/698   7.3%] finished Homo_sapiens vs Saimiri_sciureus depth=8X rep=0  |    208s elapsed, ~  2641s remaining, 0.245 runs/s
  [52/698   7.4%] finished Homo_sapiens vs Aotus_azarai depth=1X rep=0  |    209s elapsed, ~  2593s remaining, 0.249 runs/s
  [53/698   7.6%] finished Homo_sapiens vs Saimiri_sciureus depth=8X rep=1  |    210s elapsed, ~  2557s remaining, 0.252 runs/s
  [54/698   7.7%] finished Homo_sapiens vs Saimiri_sciureus depth=8X rep=2  |    214s elapsed, ~  2553s remaining, 0.252 runs/s
  [55/698   7.9%] finished Homo_sapiens vs Aotus_azarai depth=2X rep=1  |    222s elapsed, ~  2596s remaining, 0.248 runs/s
  [56/698   8.0%] finished Homo_sapiens vs Aotus_azarai depth=4X rep=2  |    240s elapsed, ~  2747s remaining, 0.234 runs/s
  [57/698   8.2%] finished Homo_sapiens vs Aotus_azarai depth=3X rep=0  |    240s elapsed, ~  2697s remaining, 0.238 runs/s
  [58/698   8.3%] finished Homo_sapiens vs Aotus_azarai depth=3X rep=1  |    241s elapsed, ~  2655s remaining, 0.241 runs/s
  [59/698   8.5%] finished Homo_sapiens vs Aotus_azarai depth=2X rep=2  |    243s elapsed, ~  2628s remaining, 0.243 runs/s
  [60/698   8.6%] finished Homo_sapiens vs Aotus_azarai depth=3X rep=2  |    246s elapsed, ~  2616s remaining, 0.244 runs/s
  [61/698   8.7%] finished Homo_sapiens vs Aotus_azarai depth=4X rep=0  |    253s elapsed, ~  2647s remaining, 0.241 runs/s
  [62/698   8.9%] finished Homo_sapiens vs Aotus_azarai depth=6X rep=0  |    254s elapsed, ~  2605s remaining, 0.244 runs/s
  [63/698   9.0%] finished Homo_sapiens vs Aotus_azarai depth=4X rep=1  |    255s elapsed, ~  2566s remaining, 0.247 runs/s
  [64/698   9.2%] finished Homo_sapiens vs Aotus_azarai depth=6X rep=2  |    257s elapsed, ~  2545s remaining, 0.249 runs/s
  [65/698   9.3%] finished Homo_sapiens vs Aotus_azarai depth=5X rep=1  |    260s elapsed, ~  2533s remaining, 0.250 runs/s
  [66/698   9.5%] finished Homo_sapiens vs Aotus_azarai depth=5X rep=0  |    261s elapsed, ~  2498s remaining, 0.253 runs/s
  [67/698   9.6%] finished Homo_sapiens vs Aotus_azarai depth=6X rep=1  |    267s elapsed, ~  2518s remaining, 0.251 runs/s
  [68/698   9.7%] finished Homo_sapiens vs Aotus_azarai depth=7X rep=0  |    268s elapsed, ~  2481s remaining, 0.254 runs/s
  [69/698   9.9%] finished Homo_sapiens vs Aotus_azarai depth=5X rep=2  |    274s elapsed, ~  2501s remaining, 0.252 runs/s
  [70/698  10.0%] finished Homo_sapiens vs Varecia_variegata depth=1X rep=0  |    283s elapsed, ~  2541s remaining, 0.247 runs/s
  [71/698  10.2%] finished Homo_sapiens vs Varecia_variegata depth=1X rep=1  |    285s elapsed, ~  2519s remaining, 0.249 runs/s
  [72/698  10.3%] finished Homo_sapiens vs Aotus_azarai depth=7X rep=2  |    286s elapsed, ~  2486s remaining, 0.252 runs/s
  [73/698  10.5%] finished Homo_sapiens vs Aotus_azarai depth=8X rep=2  |    296s elapsed, ~  2537s remaining, 0.246 runs/s
  [74/698  10.6%] finished Homo_sapiens vs Varecia_variegata depth=1X rep=2  |    298s elapsed, ~  2517s remaining, 0.248 runs/s
  [75/698  10.7%] finished Homo_sapiens vs Aotus_azarai depth=7X rep=1  |    300s elapsed, ~  2489s remaining, 0.250 runs/s
  [76/698  10.9%] finished Homo_sapiens vs Varecia_variegata depth=2X rep=0  |    301s elapsed, ~  2466s remaining, 0.252 runs/s
  [77/698  11.0%] finished Homo_sapiens vs Aotus_azarai depth=8X rep=1  |    305s elapsed, ~  2460s remaining, 0.252 runs/s
  [78/698  11.2%] finished Homo_sapiens vs Aotus_azarai depth=8X rep=0  |    306s elapsed, ~  2435s remaining, 0.255 runs/s
  [79/698  11.3%] finished Homo_sapiens vs Varecia_variegata depth=2X rep=1  |    307s elapsed, ~  2405s remaining, 0.257 runs/s
  [80/698  11.5%] finished Homo_sapiens vs Varecia_variegata depth=3X rep=0  |    314s elapsed, ~  2429s remaining, 0.254 runs/s
  [81/698  11.6%] finished Homo_sapiens vs Varecia_variegata depth=3X rep=1  |    316s elapsed, ~  2406s remaining, 0.256 runs/s
  [82/698  11.7%] finished Homo_sapiens vs Varecia_variegata depth=2X rep=2  |    317s elapsed, ~  2382s remaining, 0.259 runs/s
  [83/698  11.9%] finished Homo_sapiens vs Varecia_variegata depth=4X rep=0  |    319s elapsed, ~  2365s remaining, 0.260 runs/s
  [84/698  12.0%] finished Homo_sapiens vs Varecia_variegata depth=3X rep=2  |    319s elapsed, ~  2335s remaining, 0.263 runs/s
  [85/698  12.2%] finished Homo_sapiens vs Varecia_variegata depth=4X rep=2  |    337s elapsed, ~  2427s remaining, 0.253 runs/s
  [86/698  12.3%] finished Homo_sapiens vs Varecia_variegata depth=5X rep=0  |    338s elapsed, ~  2405s remaining, 0.254 runs/s
  [87/698  12.5%] finished Homo_sapiens vs Varecia_variegata depth=5X rep=1  |    342s elapsed, ~  2399s remaining, 0.255 runs/s
  [88/698  12.6%] finished Homo_sapiens vs Varecia_variegata depth=6X rep=1  |    350s elapsed, ~  2423s remaining, 0.252 runs/s
  [89/698  12.8%] finished Homo_sapiens vs Varecia_variegata depth=6X rep=2  |    351s elapsed, ~  2403s remaining, 0.253 runs/s
  [90/698  12.9%] finished Homo_sapiens vs Varecia_variegata depth=4X rep=1  |    353s elapsed, ~  2387s remaining, 0.255 runs/s
  [91/698  13.0%] finished Homo_sapiens vs Varecia_variegata depth=5X rep=2  |    355s elapsed, ~  2369s remaining, 0.256 runs/s
  [92/698  13.2%] finished Gorilla_gorilla vs Homo_sapiens depth=1X rep=1  |    357s elapsed, ~  2352s remaining, 0.258 runs/s
  [93/698  13.3%] finished Homo_sapiens vs Varecia_variegata depth=7X rep=1  |    363s elapsed, ~  2364s remaining, 0.256 runs/s
  [94/698  13.5%] finished Gorilla_gorilla vs Homo_sapiens depth=1X rep=0  |    364s elapsed, ~  2338s remaining, 0.258 runs/s
  [95/698  13.6%] finished Homo_sapiens vs Varecia_variegata depth=7X rep=2  |    365s elapsed, ~  2319s remaining, 0.260 runs/s
  [96/698  13.8%] finished Homo_sapiens vs Varecia_variegata depth=8X rep=0  |    369s elapsed, ~  2316s remaining, 0.260 runs/s
  [97/698  13.9%] finished Homo_sapiens vs Varecia_variegata depth=8X rep=1  |    370s elapsed, ~  2292s remaining, 0.262 runs/s
  [98/698  14.0%] finished Homo_sapiens vs Varecia_variegata depth=7X rep=0  |    370s elapsed, ~  2266s remaining, 0.265 runs/s
  [99/698  14.2%] finished Homo_sapiens vs Varecia_variegata depth=8X rep=2  |    371s elapsed, ~  2244s remaining, 0.267 runs/s
  [100/698  14.3%] finished Homo_sapiens vs Varecia_variegata depth=6X rep=0  |    377s elapsed, ~  2254s remaining, 0.265 runs/s
  [101/698  14.5%] finished Gorilla_gorilla vs Homo_sapiens depth=2X rep=1  |    380s elapsed, ~  2246s remaining, 0.266 runs/s
  [102/698  14.6%] finished Gorilla_gorilla vs Homo_sapiens depth=1X rep=2  |    386s elapsed, ~  2254s remaining, 0.264 runs/s
  [103/698  14.8%] finished Gorilla_gorilla vs Homo_sapiens depth=2X rep=2  |    388s elapsed, ~  2243s remaining, 0.265 runs/s
  [104/698  14.9%] finished Gorilla_gorilla vs Homo_sapiens depth=3X rep=0  |    391s elapsed, ~  2231s remaining, 0.266 runs/s
  [105/698  15.0%] finished Gorilla_gorilla vs Homo_sapiens depth=2X rep=0  |    393s elapsed, ~  2218s remaining, 0.267 runs/s
  [106/698  15.2%] finished Gorilla_gorilla vs Homo_sapiens depth=4X rep=1  |    404s elapsed, ~  2255s remaining, 0.262 runs/s
  [107/698  15.3%] finished Gorilla_gorilla vs Homo_sapiens depth=3X rep=1  |    405s elapsed, ~  2238s remaining, 0.264 runs/s
  [108/698  15.5%] finished Gorilla_gorilla vs Homo_sapiens depth=3X rep=2  |    412s elapsed, ~  2248s remaining, 0.262 runs/s
  [109/698  15.6%] finished Gorilla_gorilla vs Homo_sapiens depth=5X rep=1  |    412s elapsed, ~  2229s remaining, 0.264 runs/s
  [110/698  15.8%] finished Gorilla_gorilla vs Homo_sapiens depth=4X rep=0  |    421s elapsed, ~  2250s remaining, 0.261 runs/s
  [111/698  15.9%] finished Gorilla_gorilla vs Homo_sapiens depth=5X rep=2  |    423s elapsed, ~  2234s remaining, 0.263 runs/s
  [112/698  16.0%] finished Gorilla_gorilla vs Homo_sapiens depth=5X rep=0  |    425s elapsed, ~  2222s remaining, 0.264 runs/s
  [113/698  16.2%] finished Gorilla_gorilla vs Homo_sapiens depth=4X rep=2  |    435s elapsed, ~  2252s remaining, 0.260 runs/s
  [114/698  16.3%] finished Gorilla_gorilla vs Homo_sapiens depth=6X rep=1  |    446s elapsed, ~  2283s remaining, 0.256 runs/s
  [115/698  16.5%] finished Gorilla_gorilla vs Homo_sapiens depth=6X rep=0  |    447s elapsed, ~  2267s remaining, 0.257 runs/s
  [116/698  16.6%] finished Gorilla_gorilla vs Homo_sapiens depth=7X rep=1  |    451s elapsed, ~  2261s remaining, 0.257 runs/s
  [117/698  16.8%] finished Gorilla_gorilla vs Homo_sapiens depth=7X rep=0  |    452s elapsed, ~  2244s remaining, 0.259 runs/s
  [118/698  16.9%] finished Gorilla_gorilla vs Homo_sapiens depth=7X rep=2  |    454s elapsed, ~  2234s remaining, 0.260 runs/s
  [119/698  17.0%] finished Gorilla_gorilla vs Saimiri_boliviensis depth=1X rep=0  |    455s elapsed, ~  2212s remaining, 0.262 runs/s
  [120/698  17.2%] finished Gorilla_gorilla vs Homo_sapiens depth=6X rep=2  |    457s elapsed, ~  2202s remaining, 0.262 runs/s
  [121/698  17.3%] finished Gorilla_gorilla vs Saimiri_boliviensis depth=1X rep=1  |    458s elapsed, ~  2185s remaining, 0.264 runs/s
  [122/698  17.5%] finished Gorilla_gorilla vs Saimiri_boliviensis depth=1X rep=2  |    461s elapsed, ~  2176s remaining, 0.265 runs/s
  [123/698  17.6%] finished Gorilla_gorilla vs Homo_sapiens depth=8X rep=1  |    467s elapsed, ~  2183s remaining, 0.263 runs/s
  [124/698  17.8%] finished Gorilla_gorilla vs Saimiri_boliviensis depth=2X rep=0  |    467s elapsed, ~  2162s remaining, 0.265 runs/s
  [125/698  17.9%] finished Gorilla_gorilla vs Homo_sapiens depth=8X rep=2  |    472s elapsed, ~  2166s remaining, 0.265 runs/s
  [126/698  18.1%] finished Gorilla_gorilla vs Homo_sapiens depth=8X rep=0  |    482s elapsed, ~  2190s remaining, 0.261 runs/s
  [127/698  18.2%] finished Gorilla_gorilla vs Saimiri_boliviensis depth=3X rep=1  |    484s elapsed, ~  2177s remaining, 0.262 runs/s
  [128/698  18.3%] finished Gorilla_gorilla vs Saimiri_boliviensis depth=2X rep=1  |    487s elapsed, ~  2168s remaining, 0.263 runs/s
  [129/698  18.5%] finished Gorilla_gorilla vs Saimiri_boliviensis depth=2X rep=2  |    489s elapsed, ~  2159s remaining, 0.264 runs/s
  [130/698  18.6%] finished Gorilla_gorilla vs Saimiri_boliviensis depth=3X rep=0  |    493s elapsed, ~  2155s remaining, 0.264 runs/s
  [131/698  18.8%] finished Gorilla_gorilla vs Saimiri_boliviensis depth=4X rep=0  |    506s elapsed, ~  2190s remaining, 0.259 runs/s
  [132/698  18.9%] finished Gorilla_gorilla vs Saimiri_boliviensis depth=4X rep=2  |    506s elapsed, ~  2171s remaining, 0.261 runs/s
  [133/698  19.1%] finished Gorilla_gorilla vs Saimiri_boliviensis depth=3X rep=2  |    510s elapsed, ~  2167s remaining, 0.261 runs/s
  [134/698  19.2%] finished Gorilla_gorilla vs Saimiri_boliviensis depth=5X rep=1  |    514s elapsed, ~  2162s remaining, 0.261 runs/s
  [135/698  19.3%] finished Gorilla_gorilla vs Saimiri_boliviensis depth=4X rep=1  |    515s elapsed, ~  2147s remaining, 0.262 runs/s
  [136/698  19.5%] finished Gorilla_gorilla vs Saimiri_boliviensis depth=5X rep=2  |    518s elapsed, ~  2142s remaining, 0.262 runs/s
  [137/698  19.6%] finished Gorilla_gorilla vs Saimiri_boliviensis depth=6X rep=0  |    519s elapsed, ~  2124s remaining, 0.264 runs/s
  [138/698  19.8%] finished Gorilla_gorilla vs Saimiri_boliviensis depth=5X rep=0  |    519s elapsed, ~  2106s remaining, 0.266 runs/s
  [139/698  19.9%] finished Gorilla_gorilla vs Saimiri_boliviensis depth=6X rep=1  |    529s elapsed, ~  2126s remaining, 0.263 runs/s
  [140/698  20.1%] finished Gorilla_gorilla vs Saimiri_boliviensis depth=7X rep=2  |    537s elapsed, ~  2141s remaining, 0.261 runs/s
  [141/698  20.2%] finished Gorilla_gorilla vs Saimiri_boliviensis depth=6X rep=2  |    539s elapsed, ~  2128s remaining, 0.262 runs/s
  [142/698  20.3%] finished Gorilla_gorilla vs Saimiri_sciureus depth=1X rep=0  |    540s elapsed, ~  2114s remaining, 0.263 runs/s
  [143/698  20.5%] finished Gorilla_gorilla vs Saimiri_boliviensis depth=7X rep=0  |    544s elapsed, ~  2111s remaining, 0.263 runs/s
  [144/698  20.6%] finished Gorilla_gorilla vs Saimiri_sciureus depth=1X rep=1  |    545s elapsed, ~  2097s remaining, 0.264 runs/s
  [145/698  20.8%] finished Gorilla_gorilla vs Saimiri_boliviensis depth=7X rep=1  |    547s elapsed, ~  2087s remaining, 0.265 runs/s
  [146/698  20.9%] finished Gorilla_gorilla vs Saimiri_sciureus depth=2X rep=2  |    549s elapsed, ~  2076s remaining, 0.266 runs/s
  [147/698  21.1%] finished Gorilla_gorilla vs Saimiri_sciureus depth=1X rep=2  |    553s elapsed, ~  2073s remaining, 0.266 runs/s
  [148/698  21.2%] finished Gorilla_gorilla vs Saimiri_sciureus depth=2X rep=1  |    559s elapsed, ~  2078s remaining, 0.265 runs/s
  [149/698  21.3%] finished Gorilla_gorilla vs Saimiri_sciureus depth=2X rep=0  |    561s elapsed, ~  2065s remaining, 0.266 runs/s
  [150/698  21.5%] finished Gorilla_gorilla vs Saimiri_boliviensis depth=8X rep=0  |    561s elapsed, ~  2049s remaining, 0.268 runs/s
  [151/698  21.6%] finished Gorilla_gorilla vs Saimiri_boliviensis depth=8X rep=1  |    576s elapsed, ~  2085s remaining, 0.262 runs/s
  [152/698  21.8%] finished Gorilla_gorilla vs Saimiri_sciureus depth=3X rep=1  |    576s elapsed, ~  2071s remaining, 0.264 runs/s
  [153/698  21.9%] finished Gorilla_gorilla vs Saimiri_sciureus depth=3X rep=0  |    577s elapsed, ~  2055s remaining, 0.265 runs/s
  [154/698  22.1%] finished Gorilla_gorilla vs Saimiri_sciureus depth=3X rep=2  |    588s elapsed, ~  2076s remaining, 0.262 runs/s
  [155/698  22.2%] finished Gorilla_gorilla vs Saimiri_boliviensis depth=8X rep=2  |    589s elapsed, ~  2063s remaining, 0.263 runs/s
  [156/698  22.3%] finished Gorilla_gorilla vs Saimiri_sciureus depth=5X rep=1  |    589s elapsed, ~  2048s remaining, 0.265 runs/s
  [157/698  22.5%] finished Gorilla_gorilla vs Saimiri_sciureus depth=4X rep=0  |    591s elapsed, ~  2035s remaining, 0.266 runs/s
  [158/698  22.6%] finished Gorilla_gorilla vs Saimiri_sciureus depth=4X rep=1  |    594s elapsed, ~  2030s remaining, 0.266 runs/s
  [159/698  22.8%] finished Gorilla_gorilla vs Saimiri_sciureus depth=5X rep=0  |    613s elapsed, ~  2077s remaining, 0.259 runs/s
  [160/698  22.9%] finished Gorilla_gorilla vs Saimiri_sciureus depth=6X rep=1  |    616s elapsed, ~  2071s remaining, 0.260 runs/s
  [161/698  23.1%] finished Gorilla_gorilla vs Saimiri_sciureus depth=6X rep=0  |    616s elapsed, ~  2055s remaining, 0.261 runs/s
  [162/698  23.2%] finished Gorilla_gorilla vs Saimiri_sciureus depth=6X rep=2  |    617s elapsed, ~  2042s remaining, 0.263 runs/s
  [163/698  23.4%] finished Gorilla_gorilla vs Aotus_azarai depth=1X rep=0  |    617s elapsed, ~  2027s remaining, 0.264 runs/s
  [164/698  23.5%] finished Gorilla_gorilla vs Saimiri_sciureus depth=5X rep=2  |    619s elapsed, ~  2015s remaining, 0.265 runs/s
  [165/698  23.6%] finished Gorilla_gorilla vs Saimiri_sciureus depth=4X rep=2  |    619s elapsed, ~  2001s remaining, 0.266 runs/s
  [166/698  23.8%] finished Gorilla_gorilla vs Aotus_azarai depth=1X rep=1  |    623s elapsed, ~  1995s remaining, 0.267 runs/s
  [167/698  23.9%] finished Gorilla_gorilla vs Saimiri_sciureus depth=7X rep=1  |    624s elapsed, ~  1983s remaining, 0.268 runs/s
  [168/698  24.1%] finished Gorilla_gorilla vs Saimiri_sciureus depth=7X rep=0  |    635s elapsed, ~  2003s remaining, 0.265 runs/s
  [169/698  24.2%] finished Gorilla_gorilla vs Aotus_azarai depth=1X rep=2  |    641s elapsed, ~  2007s remaining, 0.264 runs/s
  [170/698  24.4%] finished Gorilla_gorilla vs Aotus_azarai depth=2X rep=0  |    647s elapsed, ~  2011s remaining, 0.263 runs/s
  [171/698  24.5%] finished Gorilla_gorilla vs Saimiri_sciureus depth=8X rep=2  |    650s elapsed, ~  2004s remaining, 0.263 runs/s
  [172/698  24.6%] finished Gorilla_gorilla vs Saimiri_sciureus depth=8X rep=0  |    651s elapsed, ~  1992s remaining, 0.264 runs/s
  [173/698  24.8%] finished Gorilla_gorilla vs Saimiri_sciureus depth=7X rep=2  |    652s elapsed, ~  1978s remaining, 0.265 runs/s
  [174/698  24.9%] finished Gorilla_gorilla vs Saimiri_sciureus depth=8X rep=1  |    655s elapsed, ~  1973s remaining, 0.266 runs/s
  [175/698  25.1%] finished Gorilla_gorilla vs Aotus_azarai depth=2X rep=1  |    659s elapsed, ~  1968s remaining, 0.266 runs/s
  [176/698  25.2%] finished Gorilla_gorilla vs Aotus_azarai depth=2X rep=2  |    664s elapsed, ~  1970s remaining, 0.265 runs/s
  [177/698  25.4%] finished Gorilla_gorilla vs Aotus_azarai depth=3X rep=0  |    664s elapsed, ~  1955s remaining, 0.266 runs/s
  [178/698  25.5%] finished Gorilla_gorilla vs Aotus_azarai depth=3X rep=1  |    669s elapsed, ~  1955s remaining, 0.266 runs/s
  [179/698  25.6%] finished Gorilla_gorilla vs Aotus_azarai depth=3X rep=2  |    669s elapsed, ~  1941s remaining, 0.267 runs/s
  [180/698  25.8%] finished Gorilla_gorilla vs Aotus_azarai depth=4X rep=0  |    672s elapsed, ~  1933s remaining, 0.268 runs/s
  [181/698  25.9%] finished Gorilla_gorilla vs Aotus_azarai depth=4X rep=2  |    672s elapsed, ~  1920s remaining, 0.269 runs/s
  [182/698  26.1%] finished Gorilla_gorilla vs Aotus_azarai depth=4X rep=1  |    674s elapsed, ~  1910s remaining, 0.270 runs/s
  [183/698  26.2%] finished Gorilla_gorilla vs Aotus_azarai depth=5X rep=0  |    699s elapsed, ~  1968s remaining, 0.262 runs/s
  [184/698  26.4%] finished Gorilla_gorilla vs Aotus_azarai depth=5X rep=1  |    703s elapsed, ~  1962s remaining, 0.262 runs/s
  [185/698  26.5%] finished Gorilla_gorilla vs Varecia_variegata depth=1X rep=1  |    707s elapsed, ~  1962s remaining, 0.262 runs/s
  [186/698  26.6%] finished Gorilla_gorilla vs Aotus_azarai depth=6X rep=0  |    711s elapsed, ~  1956s remaining, 0.262 runs/s
  [187/698  26.8%] finished Gorilla_gorilla vs Aotus_azarai depth=6X rep=1  |    714s elapsed, ~  1951s remaining, 0.262 runs/s
  [188/698  26.9%] finished Gorilla_gorilla vs Aotus_azarai depth=7X rep=2  |    715s elapsed, ~  1940s remaining, 0.263 runs/s
  [189/698  27.1%] finished Gorilla_gorilla vs Aotus_azarai depth=7X rep=1  |    718s elapsed, ~  1934s remaining, 0.263 runs/s
  [190/698  27.2%] finished Gorilla_gorilla vs Aotus_azarai depth=5X rep=2  |    718s elapsed, ~  1921s remaining, 0.264 runs/s
  [191/698  27.4%] finished Gorilla_gorilla vs Aotus_azarai depth=8X rep=1  |    719s elapsed, ~  1908s remaining, 0.266 runs/s
  [192/698  27.5%] finished Gorilla_gorilla vs Varecia_variegata depth=1X rep=0  |    719s elapsed, ~  1895s remaining, 0.267 runs/s
  [193/698  27.7%] finished Gorilla_gorilla vs Aotus_azarai depth=7X rep=0  |    720s elapsed, ~  1883s remaining, 0.268 runs/s
  [194/698  27.8%] finished Gorilla_gorilla vs Aotus_azarai depth=8X rep=0  |    723s elapsed, ~  1878s remaining, 0.268 runs/s
  [195/698  27.9%] finished Gorilla_gorilla vs Aotus_azarai depth=6X rep=2  |    726s elapsed, ~  1873s remaining, 0.269 runs/s
  [196/698  28.1%] finished Gorilla_gorilla vs Varecia_variegata depth=1X rep=2  |    730s elapsed, ~  1869s remaining, 0.269 runs/s
  [197/698  28.2%] finished Gorilla_gorilla vs Aotus_azarai depth=8X rep=2  |    737s elapsed, ~  1873s remaining, 0.267 runs/s
  [198/698  28.4%] finished Gorilla_gorilla vs Varecia_variegata depth=2X rep=1  |    740s elapsed, ~  1868s remaining, 0.268 runs/s
  [199/698  28.5%] finished Gorilla_gorilla vs Varecia_variegata depth=2X rep=2  |    744s elapsed, ~  1867s remaining, 0.267 runs/s
  [200/698  28.7%] finished Gorilla_gorilla vs Varecia_variegata depth=3X rep=1  |    751s elapsed, ~  1870s remaining, 0.266 runs/s
  [201/698  28.8%] finished Gorilla_gorilla vs Varecia_variegata depth=2X rep=0  |    754s elapsed, ~  1865s remaining, 0.267 runs/s
  [202/698  28.9%] finished Gorilla_gorilla vs Varecia_variegata depth=3X rep=0  |    760s elapsed, ~  1867s remaining, 0.266 runs/s
  [203/698  29.1%] finished Gorilla_gorilla vs Varecia_variegata depth=5X rep=0  |    761s elapsed, ~  1856s remaining, 0.267 runs/s
  [204/698  29.2%] finished Gorilla_gorilla vs Varecia_variegata depth=4X rep=0  |    767s elapsed, ~  1857s remaining, 0.266 runs/s
  [205/698  29.4%] finished Gorilla_gorilla vs Varecia_variegata depth=5X rep=2  |    767s elapsed, ~  1844s remaining, 0.267 runs/s
  [206/698  29.5%] finished Gorilla_gorilla vs Varecia_variegata depth=5X rep=1  |    767s elapsed, ~  1833s remaining, 0.268 runs/s
  [207/698  29.7%] finished Gorilla_gorilla vs Varecia_variegata depth=4X rep=1  |    770s elapsed, ~  1827s remaining, 0.269 runs/s
  [208/698  29.8%] finished Gorilla_gorilla vs Varecia_variegata depth=4X rep=2  |    771s elapsed, ~  1816s remaining, 0.270 runs/s
  [209/698  29.9%] finished Gorilla_gorilla vs Varecia_variegata depth=6X rep=2  |    781s elapsed, ~  1828s remaining, 0.268 runs/s
  [210/698  30.1%] finished Gorilla_gorilla vs Varecia_variegata depth=3X rep=2  |    781s elapsed, ~  1816s remaining, 0.269 runs/s
  [211/698  30.2%] finished Gorilla_gorilla vs Varecia_variegata depth=6X rep=0  |    787s elapsed, ~  1817s remaining, 0.268 runs/s
  [212/698  30.4%] finished Gorilla_gorilla vs Varecia_variegata depth=6X rep=1  |    795s elapsed, ~  1822s remaining, 0.267 runs/s
  [213/698  30.5%] finished Saimiri_boliviensis vs Homo_sapiens depth=1X rep=1  |    800s elapsed, ~  1822s remaining, 0.266 runs/s
  [214/698  30.7%] finished Gorilla_gorilla vs Varecia_variegata depth=7X rep=2  |    803s elapsed, ~  1815s remaining, 0.267 runs/s
  [215/698  30.8%] finished Saimiri_boliviensis vs Homo_sapiens depth=2X rep=0  |    804s elapsed, ~  1806s remaining, 0.267 runs/s
  [216/698  30.9%] finished Saimiri_boliviensis vs Homo_sapiens depth=1X rep=0  |    805s elapsed, ~  1796s remaining, 0.268 runs/s
  [217/698  31.1%] finished Gorilla_gorilla vs Varecia_variegata depth=7X rep=0  |    810s elapsed, ~  1795s remaining, 0.268 runs/s
  [218/698  31.2%] finished Saimiri_boliviensis vs Homo_sapiens depth=1X rep=2  |    810s elapsed, ~  1784s remaining, 0.269 runs/s
  [219/698  31.4%] finished Gorilla_gorilla vs Varecia_variegata depth=8X rep=1  |    810s elapsed, ~  1772s remaining, 0.270 runs/s
  [220/698  31.5%] finished Gorilla_gorilla vs Varecia_variegata depth=7X rep=1  |    813s elapsed, ~  1767s remaining, 0.271 runs/s
  [221/698  31.7%] finished Gorilla_gorilla vs Varecia_variegata depth=8X rep=2  |    815s elapsed, ~  1759s remaining, 0.271 runs/s
  [222/698  31.8%] finished Gorilla_gorilla vs Varecia_variegata depth=8X rep=0  |    825s elapsed, ~  1769s remaining, 0.269 runs/s
  [223/698  31.9%] finished Saimiri_boliviensis vs Homo_sapiens depth=2X rep=2  |    828s elapsed, ~  1763s remaining, 0.269 runs/s
  [224/698  32.1%] finished Saimiri_boliviensis vs Homo_sapiens depth=3X rep=0  |    833s elapsed, ~  1763s remaining, 0.269 runs/s
  [225/698  32.2%] finished Saimiri_boliviensis vs Homo_sapiens depth=2X rep=1  |    834s elapsed, ~  1754s remaining, 0.270 runs/s
  [226/698  32.4%] finished Saimiri_boliviensis vs Homo_sapiens depth=4X rep=0  |    841s elapsed, ~  1756s remaining, 0.269 runs/s
  [227/698  32.5%] finished Saimiri_boliviensis vs Homo_sapiens depth=3X rep=2  |    850s elapsed, ~  1763s remaining, 0.267 runs/s
  [228/698  32.7%] finished Saimiri_boliviensis vs Homo_sapiens depth=6X rep=0  |    856s elapsed, ~  1764s remaining, 0.266 runs/s
  [229/698  32.8%] finished Saimiri_boliviensis vs Homo_sapiens depth=4X rep=1  |    856s elapsed, ~  1753s remaining, 0.267 runs/s
  [230/698  33.0%] finished Saimiri_boliviensis vs Homo_sapiens depth=4X rep=2  |    856s elapsed, ~  1742s remaining, 0.269 runs/s
  [231/698  33.1%] finished Saimiri_boliviensis vs Homo_sapiens depth=3X rep=1  |    858s elapsed, ~  1734s remaining, 0.269 runs/s
  [232/698  33.2%] finished Saimiri_boliviensis vs Homo_sapiens depth=5X rep=1  |    863s elapsed, ~  1733s remaining, 0.269 runs/s
  [233/698  33.4%] finished Saimiri_boliviensis vs Homo_sapiens depth=6X rep=1  |    863s elapsed, ~  1722s remaining, 0.270 runs/s
  [234/698  33.5%] finished Saimiri_boliviensis vs Homo_sapiens depth=5X rep=2  |    864s elapsed, ~  1714s remaining, 0.271 runs/s
  [235/698  33.7%] finished Saimiri_boliviensis vs Homo_sapiens depth=5X rep=0  |    867s elapsed, ~  1708s remaining, 0.271 runs/s
  [236/698  33.8%] finished Saimiri_boliviensis vs Homo_sapiens depth=6X rep=2  |    867s elapsed, ~  1698s remaining, 0.272 runs/s
  [237/698  34.0%] finished Saimiri_boliviensis vs Homo_sapiens depth=7X rep=0  |    873s elapsed, ~  1698s remaining, 0.272 runs/s
  [238/698  34.1%] finished Saimiri_boliviensis vs Gorilla_gorilla depth=1X rep=1  |    885s elapsed, ~  1711s remaining, 0.269 runs/s
  [239/698  34.2%] finished Saimiri_boliviensis vs Homo_sapiens depth=8X rep=0  |    892s elapsed, ~  1713s remaining, 0.268 runs/s
  [240/698  34.4%] finished Saimiri_boliviensis vs Gorilla_gorilla depth=1X rep=2  |    899s elapsed, ~  1716s remaining, 0.267 runs/s
  [241/698  34.5%] finished Saimiri_boliviensis vs Homo_sapiens depth=7X rep=2  |    901s elapsed, ~  1709s remaining, 0.267 runs/s
  [242/698  34.7%] finished Saimiri_boliviensis vs Homo_sapiens depth=8X rep=2  |    903s elapsed, ~  1701s remaining, 0.268 runs/s
  [243/698  34.8%] finished Saimiri_boliviensis vs Gorilla_gorilla depth=1X rep=0  |    905s elapsed, ~  1694s remaining, 0.269 runs/s
  [244/698  35.0%] finished Saimiri_boliviensis vs Gorilla_gorilla depth=2X rep=0  |    905s elapsed, ~  1685s remaining, 0.269 runs/s
  [245/698  35.1%] finished Saimiri_boliviensis vs Gorilla_gorilla depth=3X rep=2  |    906s elapsed, ~  1676s remaining, 0.270 runs/s
  [246/698  35.2%] finished Saimiri_boliviensis vs Homo_sapiens depth=7X rep=1  |    911s elapsed, ~  1674s remaining, 0.270 runs/s
  [247/698  35.4%] finished Saimiri_boliviensis vs Gorilla_gorilla depth=3X rep=1  |    912s elapsed, ~  1665s remaining, 0.271 runs/s
  [248/698  35.5%] finished Saimiri_boliviensis vs Gorilla_gorilla depth=3X rep=0  |    914s elapsed, ~  1658s remaining, 0.271 runs/s
  [249/698  35.7%] finished Saimiri_boliviensis vs Gorilla_gorilla depth=2X rep=1  |    914s elapsed, ~  1648s remaining, 0.272 runs/s
  [250/698  35.8%] finished Saimiri_boliviensis vs Gorilla_gorilla depth=2X rep=2  |    917s elapsed, ~  1644s remaining, 0.273 runs/s
  [251/698  36.0%] finished Saimiri_boliviensis vs Homo_sapiens depth=8X rep=1  |    918s elapsed, ~  1636s remaining, 0.273 runs/s
  [252/698  36.1%] finished Saimiri_boliviensis vs Gorilla_gorilla depth=4X rep=1  |    944s elapsed, ~  1670s remaining, 0.267 runs/s
  [253/698  36.2%] finished Saimiri_boliviensis vs Gorilla_gorilla depth=5X rep=2  |    947s elapsed, ~  1665s remaining, 0.267 runs/s
  [254/698  36.4%] finished Saimiri_boliviensis vs Gorilla_gorilla depth=4X rep=2  |    947s elapsed, ~  1655s remaining, 0.268 runs/s
  [255/698  36.5%] finished Saimiri_boliviensis vs Gorilla_gorilla depth=4X rep=0  |    950s elapsed, ~  1651s remaining, 0.268 runs/s
  [256/698  36.7%] finished Saimiri_boliviensis vs Gorilla_gorilla depth=6X rep=1  |    956s elapsed, ~  1651s remaining, 0.268 runs/s
  [257/698  36.8%] finished Saimiri_boliviensis vs Gorilla_gorilla depth=6X rep=2  |    956s elapsed, ~  1641s remaining, 0.269 runs/s
  [258/698  37.0%] finished Saimiri_boliviensis vs Gorilla_gorilla depth=5X rep=0  |    957s elapsed, ~  1632s remaining, 0.270 runs/s
  [259/698  37.1%] finished Saimiri_boliviensis vs Gorilla_gorilla depth=7X rep=0  |    959s elapsed, ~  1625s remaining, 0.270 runs/s
  [260/698  37.2%] finished Saimiri_boliviensis vs Gorilla_gorilla depth=5X rep=1  |    959s elapsed, ~  1615s remaining, 0.271 runs/s
  [261/698  37.4%] finished Saimiri_boliviensis vs Gorilla_gorilla depth=7X rep=2  |    962s elapsed, ~  1611s remaining, 0.271 runs/s
  [262/698  37.5%] finished Saimiri_boliviensis vs Gorilla_gorilla depth=7X rep=1  |    963s elapsed, ~  1602s remaining, 0.272 runs/s
  [263/698  37.7%] finished Saimiri_boliviensis vs Gorilla_gorilla depth=6X rep=0  |    963s elapsed, ~  1593s remaining, 0.273 runs/s
  [264/698  37.8%] finished Saimiri_boliviensis vs Gorilla_gorilla depth=8X rep=0  |    964s elapsed, ~  1585s remaining, 0.274 runs/s
  [265/698  38.0%] finished Saimiri_boliviensis vs Saimiri_sciureus depth=1X rep=1  |    964s elapsed, ~  1576s remaining, 0.275 runs/s
  [266/698  38.1%] finished Saimiri_boliviensis vs Saimiri_sciureus depth=1X rep=0  |    965s elapsed, ~  1568s remaining, 0.276 runs/s
  [267/698  38.3%] finished Saimiri_boliviensis vs Saimiri_sciureus depth=1X rep=2  |    970s elapsed, ~  1567s remaining, 0.275 runs/s
  [268/698  38.4%] finished Saimiri_boliviensis vs Saimiri_sciureus depth=2X rep=1  |    976s elapsed, ~  1566s remaining, 0.275 runs/s
  [269/698  38.5%] finished Saimiri_boliviensis vs Saimiri_sciureus depth=2X rep=0  |    977s elapsed, ~  1558s remaining, 0.275 runs/s
  [270/698  38.7%] finished Saimiri_boliviensis vs Saimiri_sciureus depth=2X rep=2  |    977s elapsed, ~  1549s remaining, 0.276 runs/s
  [271/698  38.8%] finished Saimiri_boliviensis vs Saimiri_sciureus depth=3X rep=0  |    980s elapsed, ~  1544s remaining, 0.277 runs/s
  [272/698  39.0%] finished Saimiri_boliviensis vs Saimiri_sciureus depth=3X rep=1  |    982s elapsed, ~  1537s remaining, 0.277 runs/s
  [273/698  39.1%] finished Saimiri_boliviensis vs Saimiri_sciureus depth=3X rep=2  |    983s elapsed, ~  1530s remaining, 0.278 runs/s
  [274/698  39.3%] finished Saimiri_boliviensis vs Gorilla_gorilla depth=8X rep=1  |    985s elapsed, ~  1524s remaining, 0.278 runs/s
  [275/698  39.4%] finished Saimiri_boliviensis vs Saimiri_sciureus depth=4X rep=0  |    986s elapsed, ~  1516s remaining, 0.279 runs/s
  [276/698  39.5%] finished Saimiri_boliviensis vs Saimiri_sciureus depth=4X rep=1  |    986s elapsed, ~  1508s remaining, 0.280 runs/s
  [277/698  39.7%] finished Saimiri_boliviensis vs Saimiri_sciureus depth=4X rep=2  |    987s elapsed, ~  1500s remaining, 0.281 runs/s
  [278/698  39.8%] finished Saimiri_boliviensis vs Saimiri_sciureus depth=5X rep=0  |    989s elapsed, ~  1494s remaining, 0.281 runs/s
  [279/698  40.0%] finished Saimiri_boliviensis vs Gorilla_gorilla depth=8X rep=2  |    989s elapsed, ~  1486s remaining, 0.282 runs/s
  [280/698  40.1%] finished Saimiri_boliviensis vs Saimiri_sciureus depth=5X rep=1  |    990s elapsed, ~  1477s remaining, 0.283 runs/s
  [281/698  40.3%] finished Saimiri_boliviensis vs Saimiri_sciureus depth=5X rep=2  |    996s elapsed, ~  1477s remaining, 0.282 runs/s
  [282/698  40.4%] finished Saimiri_boliviensis vs Saimiri_sciureus depth=6X rep=0  |   1004s elapsed, ~  1480s remaining, 0.281 runs/s
  [283/698  40.5%] finished Saimiri_boliviensis vs Saimiri_sciureus depth=6X rep=1  |   1006s elapsed, ~  1475s remaining, 0.281 runs/s
  [284/698  40.7%] finished Saimiri_boliviensis vs Saimiri_sciureus depth=6X rep=2  |   1006s elapsed, ~  1467s remaining, 0.282 runs/s
  [285/698  40.8%] finished Saimiri_boliviensis vs Saimiri_sciureus depth=7X rep=0  |   1011s elapsed, ~  1465s remaining, 0.282 runs/s
  [286/698  41.0%] finished Saimiri_boliviensis vs Saimiri_sciureus depth=7X rep=2  |   1014s elapsed, ~  1461s remaining, 0.282 runs/s
  [287/698  41.1%] finished Saimiri_boliviensis vs Saimiri_sciureus depth=7X rep=1  |   1015s elapsed, ~  1453s remaining, 0.283 runs/s
  [288/698  41.3%] finished Saimiri_boliviensis vs Saimiri_sciureus depth=8X rep=0  |   1022s elapsed, ~  1454s remaining, 0.282 runs/s
  [289/698  41.4%] finished Saimiri_boliviensis vs Saimiri_sciureus depth=8X rep=1  |   1022s elapsed, ~  1446s remaining, 0.283 runs/s
  [290/698  41.5%] finished Saimiri_boliviensis vs Saimiri_sciureus depth=8X rep=2  |   1023s elapsed, ~  1439s remaining, 0.284 runs/s
  [291/698  41.7%] finished Saimiri_boliviensis vs Aotus_azarai depth=1X rep=0  |   1027s elapsed, ~  1436s remaining, 0.283 runs/s
  [292/698  41.8%] finished Saimiri_boliviensis vs Aotus_azarai depth=1X rep=2  |   1030s elapsed, ~  1433s remaining, 0.283 runs/s
  [293/698  42.0%] finished Saimiri_boliviensis vs Aotus_azarai depth=2X rep=0  |   1030s elapsed, ~  1424s remaining, 0.284 runs/s
  [294/698  42.1%] finished Saimiri_boliviensis vs Aotus_azarai depth=1X rep=1  |   1033s elapsed, ~  1419s remaining, 0.285 runs/s
  [295/698  42.3%] finished Saimiri_boliviensis vs Aotus_azarai depth=2X rep=1  |   1041s elapsed, ~  1423s remaining, 0.283 runs/s
  [296/698  42.4%] finished Saimiri_boliviensis vs Aotus_azarai depth=2X rep=2  |   1043s elapsed, ~  1417s remaining, 0.284 runs/s
  [297/698  42.6%] finished Saimiri_boliviensis vs Aotus_azarai depth=3X rep=2  |   1044s elapsed, ~  1409s remaining, 0.285 runs/s
  [298/698  42.7%] finished Saimiri_boliviensis vs Aotus_azarai depth=3X rep=1  |   1046s elapsed, ~  1405s remaining, 0.285 runs/s
  [299/698  42.8%] finished Saimiri_boliviensis vs Aotus_azarai depth=3X rep=0  |   1055s elapsed, ~  1407s remaining, 0.284 runs/s
  [300/698  43.0%] finished Saimiri_boliviensis vs Aotus_azarai depth=4X rep=0  |   1056s elapsed, ~  1400s remaining, 0.284 runs/s
  [301/698  43.1%] finished Saimiri_boliviensis vs Aotus_azarai depth=5X rep=0  |   1066s elapsed, ~  1406s remaining, 0.282 runs/s
  [302/698  43.3%] finished Saimiri_boliviensis vs Aotus_azarai depth=4X rep=1  |   1069s elapsed, ~  1401s remaining, 0.283 runs/s
  [303/698  43.4%] finished Saimiri_boliviensis vs Aotus_azarai depth=6X rep=0  |   1073s elapsed, ~  1399s remaining, 0.282 runs/s
  [304/698  43.6%] finished Saimiri_boliviensis vs Aotus_azarai depth=4X rep=2  |   1076s elapsed, ~  1394s remaining, 0.283 runs/s
  [305/698  43.7%] finished Saimiri_boliviensis vs Aotus_azarai depth=6X rep=2  |   1078s elapsed, ~  1389s remaining, 0.283 runs/s
  [306/698  43.8%] finished Saimiri_boliviensis vs Aotus_azarai depth=5X rep=1  |   1080s elapsed, ~  1384s remaining, 0.283 runs/s
  [307/698  44.0%] finished Saimiri_boliviensis vs Aotus_azarai depth=5X rep=2  |   1082s elapsed, ~  1379s remaining, 0.284 runs/s
  [308/698  44.1%] finished Saimiri_boliviensis vs Aotus_azarai depth=6X rep=1  |   1083s elapsed, ~  1371s remaining, 0.284 runs/s
  [309/698  44.3%] finished Saimiri_boliviensis vs Aotus_azarai depth=7X rep=0  |   1088s elapsed, ~  1370s remaining, 0.284 runs/s
  [310/698  44.4%] finished Saimiri_boliviensis vs Aotus_azarai depth=7X rep=1  |   1089s elapsed, ~  1363s remaining, 0.285 runs/s
  [311/698  44.6%] finished Saimiri_boliviensis vs Aotus_azarai depth=8X rep=0  |   1097s elapsed, ~  1365s remaining, 0.284 runs/s
  [312/698  44.7%] finished Saimiri_boliviensis vs Aotus_azarai depth=8X rep=1  |   1103s elapsed, ~  1365s remaining, 0.283 runs/s
  [313/698  44.8%] finished Saimiri_boliviensis vs Varecia_variegata depth=1X rep=2  |   1104s elapsed, ~  1358s remaining, 0.283 runs/s
  [314/698  45.0%] finished Saimiri_boliviensis vs Aotus_azarai depth=8X rep=2  |   1105s elapsed, ~  1351s remaining, 0.284 runs/s
  [315/698  45.1%] finished Saimiri_boliviensis vs Aotus_azarai depth=7X rep=2  |   1105s elapsed, ~  1344s remaining, 0.285 runs/s
  [316/698  45.3%] finished Saimiri_boliviensis vs Varecia_variegata depth=1X rep=0  |   1106s elapsed, ~  1337s remaining, 0.286 runs/s
  [317/698  45.4%] finished Saimiri_boliviensis vs Varecia_variegata depth=1X rep=1  |   1111s elapsed, ~  1336s remaining, 0.285 runs/s
  [318/698  45.6%] finished Saimiri_boliviensis vs Varecia_variegata depth=2X rep=2  |   1115s elapsed, ~  1332s remaining, 0.285 runs/s
  [319/698  45.7%] finished Saimiri_boliviensis vs Varecia_variegata depth=3X rep=1  |   1118s elapsed, ~  1328s remaining, 0.285 runs/s
  [320/698  45.8%] finished Saimiri_boliviensis vs Varecia_variegata depth=2X rep=0  |   1122s elapsed, ~  1325s remaining, 0.285 runs/s
  [321/698  46.0%] finished Saimiri_boliviensis vs Varecia_variegata depth=3X rep=2  |   1125s elapsed, ~  1321s remaining, 0.285 runs/s
  [322/698  46.1%] finished Saimiri_boliviensis vs Varecia_variegata depth=2X rep=1  |   1125s elapsed, ~  1314s remaining, 0.286 runs/s
  [323/698  46.3%] finished Saimiri_boliviensis vs Varecia_variegata depth=4X rep=0  |   1126s elapsed, ~  1308s remaining, 0.287 runs/s
  [324/698  46.4%] finished Saimiri_boliviensis vs Varecia_variegata depth=3X rep=0  |   1127s elapsed, ~  1301s remaining, 0.287 runs/s
  [325/698  46.6%] finished Saimiri_boliviensis vs Varecia_variegata depth=5X rep=2  |   1150s elapsed, ~  1320s remaining, 0.283 runs/s
  [326/698  46.7%] finished Saimiri_boliviensis vs Varecia_variegata depth=4X rep=1  |   1151s elapsed, ~  1313s remaining, 0.283 runs/s
  [327/698  46.8%] finished Saimiri_boliviensis vs Varecia_variegata depth=5X rep=1  |   1160s elapsed, ~  1316s remaining, 0.282 runs/s
  [328/698  47.0%] finished Saimiri_boliviensis vs Varecia_variegata depth=5X rep=0  |   1162s elapsed, ~  1311s remaining, 0.282 runs/s
  [329/698  47.1%] finished Saimiri_boliviensis vs Varecia_variegata depth=4X rep=2  |   1162s elapsed, ~  1303s remaining, 0.283 runs/s
  [330/698  47.3%] finished Saimiri_boliviensis vs Varecia_variegata depth=6X rep=1  |   1164s elapsed, ~  1298s remaining, 0.283 runs/s
  [331/698  47.4%] finished Saimiri_boliviensis vs Varecia_variegata depth=6X rep=2  |   1166s elapsed, ~  1292s remaining, 0.284 runs/s
  [332/698  47.6%] finished Saimiri_boliviensis vs Varecia_variegata depth=7X rep=0  |   1166s elapsed, ~  1286s remaining, 0.285 runs/s
  [333/698  47.7%] finished Saimiri_boliviensis vs Varecia_variegata depth=7X rep=1  |   1173s elapsed, ~  1285s remaining, 0.284 runs/s
  [334/698  47.9%] finished Saimiri_boliviensis vs Varecia_variegata depth=8X rep=2  |   1176s elapsed, ~  1282s remaining, 0.284 runs/s
  [335/698  48.0%] finished Saimiri_boliviensis vs Varecia_variegata depth=8X rep=0  |   1178s elapsed, ~  1276s remaining, 0.284 runs/s
  [336/698  48.1%] finished Saimiri_boliviensis vs Varecia_variegata depth=7X rep=2  |   1179s elapsed, ~  1270s remaining, 0.285 runs/s
  [337/698  48.3%] finished Saimiri_boliviensis vs Varecia_variegata depth=8X rep=1  |   1181s elapsed, ~  1265s remaining, 0.285 runs/s
  [338/698  48.4%] finished Saimiri_sciureus vs Homo_sapiens depth=1X rep=1  |   1181s elapsed, ~  1258s remaining, 0.286 runs/s
  [339/698  48.6%] finished Saimiri_boliviensis vs Varecia_variegata depth=6X rep=0  |   1184s elapsed, ~  1254s remaining, 0.286 runs/s
  [340/698  48.7%] finished Saimiri_sciureus vs Homo_sapiens depth=1X rep=0  |   1189s elapsed, ~  1252s remaining, 0.286 runs/s
  [341/698  48.9%] finished Saimiri_sciureus vs Homo_sapiens depth=2X rep=0  |   1196s elapsed, ~  1252s remaining, 0.285 runs/s
  [342/698  49.0%] finished Saimiri_sciureus vs Homo_sapiens depth=1X rep=2  |   1198s elapsed, ~  1247s remaining, 0.285 runs/s
  [343/698  49.1%] finished Saimiri_sciureus vs Homo_sapiens depth=2X rep=2  |   1210s elapsed, ~  1252s remaining, 0.284 runs/s
  [344/698  49.3%] finished Saimiri_sciureus vs Homo_sapiens depth=4X rep=0  |   1211s elapsed, ~  1247s remaining, 0.284 runs/s
  [345/698  49.4%] finished Saimiri_sciureus vs Homo_sapiens depth=3X rep=0  |   1212s elapsed, ~  1241s remaining, 0.285 runs/s
  [346/698  49.6%] finished Saimiri_sciureus vs Homo_sapiens depth=2X rep=1  |   1215s elapsed, ~  1236s remaining, 0.285 runs/s
  [347/698  49.7%] finished Saimiri_sciureus vs Homo_sapiens depth=3X rep=1  |   1220s elapsed, ~  1234s remaining, 0.284 runs/s
  [348/698  49.9%] finished Saimiri_sciureus vs Homo_sapiens depth=3X rep=2  |   1224s elapsed, ~  1231s remaining, 0.284 runs/s
  [349/698  50.0%] finished Saimiri_sciureus vs Homo_sapiens depth=4X rep=1  |   1228s elapsed, ~  1228s remaining, 0.284 runs/s
  [350/698  50.1%] finished Saimiri_sciureus vs Homo_sapiens depth=4X rep=2  |   1233s elapsed, ~  1226s remaining, 0.284 runs/s
  [351/698  50.3%] finished Saimiri_sciureus vs Homo_sapiens depth=6X rep=0  |   1234s elapsed, ~  1220s remaining, 0.284 runs/s
  [352/698  50.4%] finished Saimiri_sciureus vs Homo_sapiens depth=5X rep=1  |   1235s elapsed, ~  1214s remaining, 0.285 runs/s
  [353/698  50.6%] finished Saimiri_sciureus vs Homo_sapiens depth=5X rep=0  |   1235s elapsed, ~  1207s remaining, 0.286 runs/s
  [354/698  50.7%] finished Saimiri_sciureus vs Homo_sapiens depth=5X rep=2  |   1238s elapsed, ~  1203s remaining, 0.286 runs/s
  [355/698  50.9%] finished Saimiri_sciureus vs Homo_sapiens depth=6X rep=2  |   1241s elapsed, ~  1199s remaining, 0.286 runs/s
  [356/698  51.0%] finished Saimiri_sciureus vs Homo_sapiens depth=6X rep=1  |   1252s elapsed, ~  1203s remaining, 0.284 runs/s
  [357/698  51.1%] finished Saimiri_sciureus vs Homo_sapiens depth=7X rep=0  |   1268s elapsed, ~  1211s remaining, 0.281 runs/s
  [358/698  51.3%] finished Saimiri_sciureus vs Gorilla_gorilla depth=1X rep=1  |   1270s elapsed, ~  1206s remaining, 0.282 runs/s
  [359/698  51.4%] finished Saimiri_sciureus vs Homo_sapiens depth=8X rep=0  |   1271s elapsed, ~  1200s remaining, 0.282 runs/s
  [360/698  51.6%] finished Saimiri_sciureus vs Gorilla_gorilla depth=1X rep=2  |   1281s elapsed, ~  1202s remaining, 0.281 runs/s
  [361/698  51.7%] finished Saimiri_sciureus vs Homo_sapiens depth=7X rep=2  |   1282s elapsed, ~  1197s remaining, 0.282 runs/s
  [362/698  51.9%] finished Saimiri_sciureus vs Gorilla_gorilla depth=1X rep=0  |   1283s elapsed, ~  1191s remaining, 0.282 runs/s
  [363/698  52.0%] finished Saimiri_sciureus vs Homo_sapiens depth=8X rep=2  |   1283s elapsed, ~  1184s remaining, 0.283 runs/s
  [364/698  52.1%] finished Saimiri_sciureus vs Gorilla_gorilla depth=2X rep=0  |   1285s elapsed, ~  1179s remaining, 0.283 runs/s
  [365/698  52.3%] finished Saimiri_sciureus vs Homo_sapiens depth=8X rep=1  |   1293s elapsed, ~  1180s remaining, 0.282 runs/s
  [366/698  52.4%] finished Saimiri_sciureus vs Gorilla_gorilla depth=3X rep=0  |   1295s elapsed, ~  1175s remaining, 0.283 runs/s
  [367/698  52.6%] finished Saimiri_sciureus vs Gorilla_gorilla depth=2X rep=1  |   1296s elapsed, ~  1169s remaining, 0.283 runs/s
  [368/698  52.7%] finished Saimiri_sciureus vs Gorilla_gorilla depth=2X rep=2  |   1296s elapsed, ~  1162s remaining, 0.284 runs/s
  [369/698  52.9%] finished Saimiri_sciureus vs Homo_sapiens depth=7X rep=1  |   1297s elapsed, ~  1156s remaining, 0.285 runs/s
  [370/698  53.0%] finished Saimiri_sciureus vs Gorilla_gorilla depth=3X rep=2  |   1310s elapsed, ~  1161s remaining, 0.282 runs/s
  [371/698  53.2%] finished Saimiri_sciureus vs Gorilla_gorilla depth=3X rep=1  |   1312s elapsed, ~  1156s remaining, 0.283 runs/s
  [372/698  53.3%] finished Saimiri_sciureus vs Gorilla_gorilla depth=4X rep=2  |   1319s elapsed, ~  1156s remaining, 0.282 runs/s
  [373/698  53.4%] finished Saimiri_sciureus vs Gorilla_gorilla depth=5X rep=2  |   1327s elapsed, ~  1156s remaining, 0.281 runs/s
  [374/698  53.6%] finished Saimiri_sciureus vs Gorilla_gorilla depth=4X rep=1  |   1328s elapsed, ~  1150s remaining, 0.282 runs/s
  [375/698  53.7%] finished Saimiri_sciureus vs Gorilla_gorilla depth=5X rep=0  |   1329s elapsed, ~  1145s remaining, 0.282 runs/s
  [376/698  53.9%] finished Saimiri_sciureus vs Gorilla_gorilla depth=6X rep=0  |   1332s elapsed, ~  1141s remaining, 0.282 runs/s
  [377/698  54.0%] finished Saimiri_sciureus vs Gorilla_gorilla depth=6X rep=2  |   1340s elapsed, ~  1141s remaining, 0.281 runs/s
  [378/698  54.2%] finished Saimiri_sciureus vs Gorilla_gorilla depth=6X rep=1  |   1340s elapsed, ~  1135s remaining, 0.282 runs/s
  [379/698  54.3%] finished Saimiri_sciureus vs Gorilla_gorilla depth=5X rep=1  |   1344s elapsed, ~  1131s remaining, 0.282 runs/s
  [380/698  54.4%] finished Saimiri_sciureus vs Gorilla_gorilla depth=7X rep=2  |   1345s elapsed, ~  1126s remaining, 0.282 runs/s
  [381/698  54.6%] finished Saimiri_sciureus vs Saimiri_boliviensis depth=1X rep=0  |   1347s elapsed, ~  1121s remaining, 0.283 runs/s
  [382/698  54.7%] finished Saimiri_sciureus vs Saimiri_boliviensis depth=1X rep=1  |   1348s elapsed, ~  1115s remaining, 0.283 runs/s
  [383/698  54.9%] finished Saimiri_sciureus vs Gorilla_gorilla depth=4X rep=0  |   1348s elapsed, ~  1108s remaining, 0.284 runs/s
  [384/698  55.0%] finished Saimiri_sciureus vs Gorilla_gorilla depth=7X rep=0  |   1348s elapsed, ~  1102s remaining, 0.285 runs/s
  [385/698  55.2%] finished Saimiri_sciureus vs Gorilla_gorilla depth=7X rep=1  |   1350s elapsed, ~  1097s remaining, 0.285 runs/s
  [386/698  55.3%] finished Saimiri_sciureus vs Saimiri_boliviensis depth=1X rep=2  |   1351s elapsed, ~  1092s remaining, 0.286 runs/s
  [387/698  55.4%] finished Saimiri_sciureus vs Saimiri_boliviensis depth=2X rep=0  |   1354s elapsed, ~  1088s remaining, 0.286 runs/s
  [388/698  55.6%] finished Saimiri_sciureus vs Saimiri_boliviensis depth=2X rep=1  |   1360s elapsed, ~  1087s remaining, 0.285 runs/s
  [389/698  55.7%] finished Saimiri_sciureus vs Saimiri_boliviensis depth=2X rep=2  |   1361s elapsed, ~  1081s remaining, 0.286 runs/s
  [390/698  55.9%] finished Saimiri_sciureus vs Gorilla_gorilla depth=8X rep=0  |   1366s elapsed, ~  1079s remaining, 0.286 runs/s
  [391/698  56.0%] finished Saimiri_sciureus vs Saimiri_boliviensis depth=3X rep=0  |   1366s elapsed, ~  1073s remaining, 0.286 runs/s
  [392/698  56.2%] finished Saimiri_sciureus vs Saimiri_boliviensis depth=3X rep=1  |   1367s elapsed, ~  1067s remaining, 0.287 runs/s
  [393/698  56.3%] finished Saimiri_sciureus vs Saimiri_boliviensis depth=3X rep=2  |   1369s elapsed, ~  1063s remaining, 0.287 runs/s
  [394/698  56.4%] finished Saimiri_sciureus vs Gorilla_gorilla depth=8X rep=2  |   1369s elapsed, ~  1057s remaining, 0.288 runs/s
  [395/698  56.6%] finished Saimiri_sciureus vs Saimiri_boliviensis depth=4X rep=0  |   1372s elapsed, ~  1053s remaining, 0.288 runs/s
  [396/698  56.7%] finished Saimiri_sciureus vs Saimiri_boliviensis depth=4X rep=1  |   1373s elapsed, ~  1047s remaining, 0.288 runs/s
  [397/698  56.9%] finished Saimiri_sciureus vs Saimiri_boliviensis depth=4X rep=2  |   1374s elapsed, ~  1041s remaining, 0.289 runs/s
  [398/698  57.0%] finished Saimiri_sciureus vs Saimiri_boliviensis depth=5X rep=1  |   1376s elapsed, ~  1037s remaining, 0.289 runs/s
  [399/698  57.2%] finished Saimiri_sciureus vs Saimiri_boliviensis depth=5X rep=0  |   1377s elapsed, ~  1032s remaining, 0.290 runs/s
  [400/698  57.3%] finished Saimiri_sciureus vs Saimiri_boliviensis depth=5X rep=2  |   1379s elapsed, ~  1027s remaining, 0.290 runs/s
  [401/698  57.4%] finished Saimiri_sciureus vs Gorilla_gorilla depth=8X rep=1  |   1382s elapsed, ~  1024s remaining, 0.290 runs/s
  [402/698  57.6%] finished Saimiri_sciureus vs Saimiri_boliviensis depth=6X rep=0  |   1388s elapsed, ~  1022s remaining, 0.290 runs/s
  [403/698  57.7%] finished Saimiri_sciureus vs Saimiri_boliviensis depth=6X rep=1  |   1390s elapsed, ~  1017s remaining, 0.290 runs/s
  [404/698  57.9%] finished Saimiri_sciureus vs Saimiri_boliviensis depth=6X rep=2  |   1398s elapsed, ~  1017s remaining, 0.289 runs/s
  [405/698  58.0%] finished Saimiri_sciureus vs Saimiri_boliviensis depth=7X rep=1  |   1399s elapsed, ~  1012s remaining, 0.290 runs/s
  [406/698  58.2%] finished Saimiri_sciureus vs Saimiri_boliviensis depth=7X rep=0  |   1400s elapsed, ~  1007s remaining, 0.290 runs/s
  [407/698  58.3%] finished Saimiri_sciureus vs Saimiri_boliviensis depth=7X rep=2  |   1403s elapsed, ~  1003s remaining, 0.290 runs/s
  [408/698  58.5%] finished Saimiri_sciureus vs Saimiri_boliviensis depth=8X rep=0  |   1404s elapsed, ~   998s remaining, 0.291 runs/s
  [409/698  58.6%] finished Saimiri_sciureus vs Saimiri_boliviensis depth=8X rep=1  |   1405s elapsed, ~   993s remaining, 0.291 runs/s
  [410/698  58.7%] finished Saimiri_sciureus vs Saimiri_boliviensis depth=8X rep=2  |   1410s elapsed, ~   990s remaining, 0.291 runs/s
  [411/698  58.9%] finished Saimiri_sciureus vs Aotus_azarai depth=1X rep=0  |   1421s elapsed, ~   992s remaining, 0.289 runs/s
  [412/698  59.0%] finished Saimiri_sciureus vs Aotus_azarai depth=1X rep=2  |   1422s elapsed, ~   987s remaining, 0.290 runs/s
  [413/698  59.2%] finished Saimiri_sciureus vs Aotus_azarai depth=2X rep=0  |   1423s elapsed, ~   982s remaining, 0.290 runs/s
  [414/698  59.3%] finished Saimiri_sciureus vs Aotus_azarai depth=1X rep=1  |   1427s elapsed, ~   979s remaining, 0.290 runs/s
  [415/698  59.5%] finished Saimiri_sciureus vs Aotus_azarai depth=2X rep=2  |   1429s elapsed, ~   974s remaining, 0.290 runs/s
  [416/698  59.6%] finished Saimiri_sciureus vs Aotus_azarai depth=2X rep=1  |   1435s elapsed, ~   973s remaining, 0.290 runs/s
  [417/698  59.7%] finished Saimiri_sciureus vs Aotus_azarai depth=3X rep=2  |   1436s elapsed, ~   968s remaining, 0.290 runs/s
  [418/698  59.9%] finished Saimiri_sciureus vs Aotus_azarai depth=3X rep=0  |   1437s elapsed, ~   962s remaining, 0.291 runs/s
  [419/698  60.0%] finished Saimiri_sciureus vs Aotus_azarai depth=3X rep=1  |   1440s elapsed, ~   959s remaining, 0.291 runs/s
  [420/698  60.2%] finished Saimiri_sciureus vs Aotus_azarai depth=4X rep=0  |   1445s elapsed, ~   956s remaining, 0.291 runs/s
  [421/698  60.3%] finished Saimiri_sciureus vs Aotus_azarai depth=5X rep=0  |   1453s elapsed, ~   956s remaining, 0.290 runs/s
  [422/698  60.5%] finished Saimiri_sciureus vs Aotus_azarai depth=4X rep=2  |   1455s elapsed, ~   952s remaining, 0.290 runs/s
  [423/698  60.6%] finished Saimiri_sciureus vs Aotus_azarai depth=4X rep=1  |   1461s elapsed, ~   950s remaining, 0.290 runs/s
  [424/698  60.7%] finished Saimiri_sciureus vs Aotus_azarai depth=5X rep=1  |   1467s elapsed, ~   948s remaining, 0.289 runs/s
  [425/698  60.9%] finished Saimiri_sciureus vs Aotus_azarai depth=6X rep=0  |   1469s elapsed, ~   944s remaining, 0.289 runs/s
  [426/698  61.0%] finished Saimiri_sciureus vs Aotus_azarai depth=6X rep=2  |   1478s elapsed, ~   944s remaining, 0.288 runs/s
  [427/698  61.2%] finished Saimiri_sciureus vs Aotus_azarai depth=5X rep=2  |   1484s elapsed, ~   942s remaining, 0.288 runs/s
  [428/698  61.3%] finished Saimiri_sciureus vs Aotus_azarai depth=6X rep=1  |   1484s elapsed, ~   936s remaining, 0.288 runs/s
  [429/698  61.5%] finished Saimiri_sciureus vs Aotus_azarai depth=7X rep=0  |   1484s elapsed, ~   931s remaining, 0.289 runs/s
  [430/698  61.6%] finished Saimiri_sciureus vs Aotus_azarai depth=8X rep=0  |   1486s elapsed, ~   926s remaining, 0.289 runs/s
  [431/698  61.7%] finished Saimiri_sciureus vs Aotus_azarai depth=7X rep=1  |   1488s elapsed, ~   922s remaining, 0.290 runs/s
  [432/698  61.9%] finished Saimiri_sciureus vs Varecia_variegata depth=1X rep=2  |   1495s elapsed, ~   921s remaining, 0.289 runs/s
  [433/698  62.0%] finished Saimiri_sciureus vs Aotus_azarai depth=8X rep=1  |   1499s elapsed, ~   917s remaining, 0.289 runs/s
  [434/698  62.2%] finished Saimiri_sciureus vs Aotus_azarai depth=7X rep=2  |   1503s elapsed, ~   915s remaining, 0.289 runs/s
  [435/698  62.3%] finished Saimiri_sciureus vs Varecia_variegata depth=1X rep=0  |   1504s elapsed, ~   909s remaining, 0.289 runs/s
  [436/698  62.5%] finished Saimiri_sciureus vs Aotus_azarai depth=8X rep=2  |   1504s elapsed, ~   904s remaining, 0.290 runs/s
  [437/698  62.6%] finished Saimiri_sciureus vs Varecia_variegata depth=1X rep=1  |   1505s elapsed, ~   899s remaining, 0.290 runs/s
  [438/698  62.8%] finished Saimiri_sciureus vs Varecia_variegata depth=2X rep=0  |   1518s elapsed, ~   901s remaining, 0.289 runs/s
  [439/698  62.9%] finished Saimiri_sciureus vs Varecia_variegata depth=2X rep=2  |   1519s elapsed, ~   896s remaining, 0.289 runs/s
  [440/698  63.0%] finished Saimiri_sciureus vs Varecia_variegata depth=2X rep=1  |   1519s elapsed, ~   891s remaining, 0.290 runs/s
  [441/698  63.2%] finished Saimiri_sciureus vs Varecia_variegata depth=3X rep=1  |   1523s elapsed, ~   887s remaining, 0.290 runs/s
  [442/698  63.3%] finished Saimiri_sciureus vs Varecia_variegata depth=4X rep=0  |   1530s elapsed, ~   886s remaining, 0.289 runs/s
  [443/698  63.5%] finished Saimiri_sciureus vs Varecia_variegata depth=3X rep=2  |   1532s elapsed, ~   882s remaining, 0.289 runs/s
  [444/698  63.6%] finished Saimiri_sciureus vs Varecia_variegata depth=3X rep=0  |   1539s elapsed, ~   880s remaining, 0.289 runs/s
  [445/698  63.8%] finished Saimiri_sciureus vs Varecia_variegata depth=4X rep=1  |   1546s elapsed, ~   879s remaining, 0.288 runs/s
  [446/698  63.9%] finished Saimiri_sciureus vs Varecia_variegata depth=5X rep=2  |   1548s elapsed, ~   875s remaining, 0.288 runs/s
  [447/698  64.0%] finished Saimiri_sciureus vs Varecia_variegata depth=4X rep=2  |   1553s elapsed, ~   872s remaining, 0.288 runs/s
  [448/698  64.2%] finished Saimiri_sciureus vs Varecia_variegata depth=5X rep=0  |   1554s elapsed, ~   867s remaining, 0.288 runs/s
  [449/698  64.3%] finished Saimiri_sciureus vs Varecia_variegata depth=6X rep=1  |   1554s elapsed, ~   862s remaining, 0.289 runs/s
  [450/698  64.5%] finished Saimiri_sciureus vs Varecia_variegata depth=5X rep=1  |   1565s elapsed, ~   862s remaining, 0.288 runs/s
  [451/698  64.6%] finished Saimiri_sciureus vs Varecia_variegata depth=7X rep=2  |   1573s elapsed, ~   861s remaining, 0.287 runs/s
  [452/698  64.8%] finished Saimiri_sciureus vs Varecia_variegata depth=6X rep=2  |   1573s elapsed, ~   856s remaining, 0.287 runs/s
  [453/698  64.9%] finished Saimiri_sciureus vs Varecia_variegata depth=7X rep=0  |   1575s elapsed, ~   852s remaining, 0.288 runs/s
  [454/698  65.0%] finished Saimiri_sciureus vs Varecia_variegata depth=7X rep=1  |   1578s elapsed, ~   848s remaining, 0.288 runs/s
  [455/698  65.2%] finished Aotus_azarai vs Homo_sapiens depth=1X rep=1  |   1580s elapsed, ~   844s remaining, 0.288 runs/s
  [456/698  65.3%] finished Saimiri_sciureus vs Varecia_variegata depth=6X rep=0  |   1582s elapsed, ~   839s remaining, 0.288 runs/s
  [457/698  65.5%] finished Saimiri_sciureus vs Varecia_variegata depth=8X rep=0  |   1587s elapsed, ~   837s remaining, 0.288 runs/s
  [458/698  65.6%] finished Aotus_azarai vs Homo_sapiens depth=1X rep=0  |   1587s elapsed, ~   832s remaining, 0.289 runs/s
  [459/698  65.8%] finished Saimiri_sciureus vs Varecia_variegata depth=8X rep=1  |   1587s elapsed, ~   826s remaining, 0.289 runs/s
  [460/698  65.9%] finished Aotus_azarai vs Homo_sapiens depth=1X rep=2  |   1588s elapsed, ~   821s remaining, 0.290 runs/s
  [461/698  66.0%] finished Saimiri_sciureus vs Varecia_variegata depth=8X rep=2  |   1593s elapsed, ~   819s remaining, 0.289 runs/s
  [462/698  66.2%] finished Aotus_azarai vs Homo_sapiens depth=2X rep=0  |   1598s elapsed, ~   816s remaining, 0.289 runs/s
  [463/698  66.3%] finished Aotus_azarai vs Homo_sapiens depth=2X rep=1  |   1601s elapsed, ~   812s remaining, 0.289 runs/s
  [464/698  66.5%] finished Aotus_azarai vs Homo_sapiens depth=2X rep=2  |   1610s elapsed, ~   812s remaining, 0.288 runs/s
  [465/698  66.6%] finished Aotus_azarai vs Homo_sapiens depth=4X rep=2  |   1624s elapsed, ~   814s remaining, 0.286 runs/s
  [466/698  66.8%] finished Aotus_azarai vs Homo_sapiens depth=4X rep=1  |   1626s elapsed, ~   809s remaining, 0.287 runs/s
  [467/698  66.9%] finished Aotus_azarai vs Homo_sapiens depth=3X rep=2  |   1627s elapsed, ~   805s remaining, 0.287 runs/s
  [468/698  67.0%] finished Aotus_azarai vs Homo_sapiens depth=3X rep=0  |   1633s elapsed, ~   802s remaining, 0.287 runs/s
  [469/698  67.2%] finished Aotus_azarai vs Homo_sapiens depth=6X rep=1  |   1640s elapsed, ~   801s remaining, 0.286 runs/s
  [470/698  67.3%] finished Aotus_azarai vs Homo_sapiens depth=4X rep=0  |   1641s elapsed, ~   796s remaining, 0.286 runs/s
  [471/698  67.5%] finished Aotus_azarai vs Homo_sapiens depth=3X rep=1  |   1643s elapsed, ~   792s remaining, 0.287 runs/s
  [472/698  67.6%] finished Aotus_azarai vs Homo_sapiens depth=5X rep=0  |   1646s elapsed, ~   788s remaining, 0.287 runs/s
  [473/698  67.8%] finished Aotus_azarai vs Homo_sapiens depth=5X rep=2  |   1660s elapsed, ~   790s remaining, 0.285 runs/s
  [474/698  67.9%] finished Aotus_azarai vs Homo_sapiens depth=6X rep=0  |   1661s elapsed, ~   785s remaining, 0.285 runs/s
  [475/698  68.1%] finished Aotus_azarai vs Homo_sapiens depth=5X rep=1  |   1663s elapsed, ~   781s remaining, 0.286 runs/s
  [476/698  68.2%] finished Aotus_azarai vs Homo_sapiens depth=7X rep=1  |   1666s elapsed, ~   777s remaining, 0.286 runs/s
  [477/698  68.3%] finished Aotus_azarai vs Homo_sapiens depth=7X rep=0  |   1669s elapsed, ~   773s remaining, 0.286 runs/s
  [478/698  68.5%] finished Aotus_azarai vs Gorilla_gorilla depth=1X rep=0  |   1674s elapsed, ~   770s remaining, 0.286 runs/s
  [479/698  68.6%] finished Aotus_azarai vs Homo_sapiens depth=6X rep=2  |   1675s elapsed, ~   766s remaining, 0.286 runs/s
  [480/698  68.8%] finished Aotus_azarai vs Homo_sapiens depth=8X rep=0  |   1677s elapsed, ~   762s remaining, 0.286 runs/s
  [481/698  68.9%] finished Aotus_azarai vs Gorilla_gorilla depth=2X rep=0  |   1678s elapsed, ~   757s remaining, 0.287 runs/s
  [482/698  69.1%] finished Aotus_azarai vs Homo_sapiens depth=8X rep=1  |   1678s elapsed, ~   752s remaining, 0.287 runs/s
  [483/698  69.2%] finished Aotus_azarai vs Homo_sapiens depth=8X rep=2  |   1679s elapsed, ~   747s remaining, 0.288 runs/s
  [484/698  69.3%] finished Aotus_azarai vs Gorilla_gorilla depth=1X rep=1  |   1680s elapsed, ~   743s remaining, 0.288 runs/s
  [485/698  69.5%] finished Aotus_azarai vs Gorilla_gorilla depth=1X rep=2  |   1683s elapsed, ~   739s remaining, 0.288 runs/s
  [486/698  69.6%] finished Aotus_azarai vs Homo_sapiens depth=7X rep=2  |   1687s elapsed, ~   736s remaining, 0.288 runs/s
  [487/698  69.8%] finished Aotus_azarai vs Gorilla_gorilla depth=2X rep=1  |   1690s elapsed, ~   732s remaining, 0.288 runs/s
  [488/698  69.9%] finished Aotus_azarai vs Gorilla_gorilla depth=2X rep=2  |   1691s elapsed, ~   727s remaining, 0.289 runs/s
  [489/698  70.1%] finished Aotus_azarai vs Gorilla_gorilla depth=3X rep=0  |   1695s elapsed, ~   724s remaining, 0.289 runs/s
  [490/698  70.2%] finished Aotus_azarai vs Gorilla_gorilla depth=3X rep=1  |   1700s elapsed, ~   721s remaining, 0.288 runs/s
  [491/698  70.3%] finished Aotus_azarai vs Gorilla_gorilla depth=4X rep=1  |   1702s elapsed, ~   717s remaining, 0.289 runs/s
  [492/698  70.5%] finished Aotus_azarai vs Gorilla_gorilla depth=3X rep=2  |   1703s elapsed, ~   713s remaining, 0.289 runs/s
  [493/698  70.6%] finished Aotus_azarai vs Gorilla_gorilla depth=5X rep=2  |   1706s elapsed, ~   709s remaining, 0.289 runs/s
  [494/698  70.8%] finished Aotus_azarai vs Gorilla_gorilla depth=6X rep=0  |   1709s elapsed, ~   706s remaining, 0.289 runs/s
  [495/698  70.9%] finished Aotus_azarai vs Gorilla_gorilla depth=4X rep=2  |   1709s elapsed, ~   701s remaining, 0.290 runs/s
  [496/698  71.1%] finished Aotus_azarai vs Gorilla_gorilla depth=5X rep=0  |   1713s elapsed, ~   698s remaining, 0.290 runs/s
  [497/698  71.2%] finished Aotus_azarai vs Gorilla_gorilla depth=5X rep=1  |   1715s elapsed, ~   694s remaining, 0.290 runs/s
  [498/698  71.3%] finished Aotus_azarai vs Gorilla_gorilla depth=4X rep=0  |   1716s elapsed, ~   689s remaining, 0.290 runs/s
  [499/698  71.5%] finished Aotus_azarai vs Gorilla_gorilla depth=6X rep=2  |   1718s elapsed, ~   685s remaining, 0.290 runs/s
  [500/698  71.6%] finished Aotus_azarai vs Gorilla_gorilla depth=6X rep=1  |   1722s elapsed, ~   682s remaining, 0.290 runs/s
  [501/698  71.8%] finished Aotus_azarai vs Gorilla_gorilla depth=7X rep=1  |   1723s elapsed, ~   678s remaining, 0.291 runs/s
  [502/698  71.9%] finished Aotus_azarai vs Saimiri_boliviensis depth=1X rep=0  |   1725s elapsed, ~   674s remaining, 0.291 runs/s
  [503/698  72.1%] finished Aotus_azarai vs Saimiri_boliviensis depth=1X rep=2  |   1733s elapsed, ~   672s remaining, 0.290 runs/s
  [504/698  72.2%] finished Aotus_azarai vs Gorilla_gorilla depth=7X rep=0  |   1734s elapsed, ~   667s remaining, 0.291 runs/s
  [505/698  72.3%] finished Aotus_azarai vs Saimiri_boliviensis depth=1X rep=1  |   1734s elapsed, ~   663s remaining, 0.291 runs/s
  [506/698  72.5%] finished Aotus_azarai vs Gorilla_gorilla depth=8X rep=0  |   1737s elapsed, ~   659s remaining, 0.291 runs/s
  [507/698  72.6%] finished Aotus_azarai vs Gorilla_gorilla depth=8X rep=1  |   1738s elapsed, ~   655s remaining, 0.292 runs/s
  [508/698  72.8%] finished Aotus_azarai vs Gorilla_gorilla depth=8X rep=2  |   1739s elapsed, ~   651s remaining, 0.292 runs/s
  [509/698  72.9%] finished Aotus_azarai vs Saimiri_boliviensis depth=2X rep=0  |   1742s elapsed, ~   647s remaining, 0.292 runs/s
  [510/698  73.1%] finished Aotus_azarai vs Saimiri_boliviensis depth=2X rep=2  |   1743s elapsed, ~   643s remaining, 0.293 runs/s
  [511/698  73.2%] finished Aotus_azarai vs Saimiri_boliviensis depth=2X rep=1  |   1744s elapsed, ~   638s remaining, 0.293 runs/s
  [512/698  73.4%] finished Aotus_azarai vs Saimiri_boliviensis depth=3X rep=2  |   1747s elapsed, ~   635s remaining, 0.293 runs/s
  [513/698  73.5%] finished Aotus_azarai vs Gorilla_gorilla depth=7X rep=2  |   1750s elapsed, ~   631s remaining, 0.293 runs/s
  [514/698  73.6%] finished Aotus_azarai vs Saimiri_boliviensis depth=3X rep=1  |   1754s elapsed, ~   628s remaining, 0.293 runs/s
  [515/698  73.8%] finished Aotus_azarai vs Saimiri_boliviensis depth=3X rep=0  |   1758s elapsed, ~   625s remaining, 0.293 runs/s
  [516/698  73.9%] finished Aotus_azarai vs Saimiri_boliviensis depth=4X rep=1  |   1758s elapsed, ~   620s remaining, 0.293 runs/s
  [517/698  74.1%] finished Aotus_azarai vs Saimiri_boliviensis depth=4X rep=0  |   1761s elapsed, ~   616s remaining, 0.294 runs/s
  [518/698  74.2%] finished Aotus_azarai vs Saimiri_boliviensis depth=4X rep=2  |   1766s elapsed, ~   614s remaining, 0.293 runs/s
  [519/698  74.4%] finished Aotus_azarai vs Saimiri_boliviensis depth=6X rep=0  |   1770s elapsed, ~   610s remaining, 0.293 runs/s
  [520/698  74.5%] finished Aotus_azarai vs Saimiri_boliviensis depth=6X rep=1  |   1770s elapsed, ~   606s remaining, 0.294 runs/s
  [521/698  74.6%] finished Aotus_azarai vs Saimiri_boliviensis depth=5X rep=0  |   1771s elapsed, ~   602s remaining, 0.294 runs/s
  [522/698  74.8%] finished Aotus_azarai vs Saimiri_boliviensis depth=5X rep=1  |   1774s elapsed, ~   598s remaining, 0.294 runs/s
  [523/698  74.9%] finished Aotus_azarai vs Saimiri_boliviensis depth=5X rep=2  |   1774s elapsed, ~   594s remaining, 0.295 runs/s
  [524/698  75.1%] finished Aotus_azarai vs Saimiri_boliviensis depth=7X rep=2  |   1783s elapsed, ~   592s remaining, 0.294 runs/s
  [525/698  75.2%] finished Aotus_azarai vs Saimiri_boliviensis depth=6X rep=2  |   1784s elapsed, ~   588s remaining, 0.294 runs/s
  [526/698  75.4%] finished Aotus_azarai vs Saimiri_boliviensis depth=7X rep=0  |   1787s elapsed, ~   584s remaining, 0.294 runs/s
  [527/698  75.5%] finished Aotus_azarai vs Saimiri_sciureus depth=1X rep=0  |   1790s elapsed, ~   581s remaining, 0.294 runs/s
  [528/698  75.6%] finished Aotus_azarai vs Saimiri_boliviensis depth=7X rep=1  |   1791s elapsed, ~   577s remaining, 0.295 runs/s
  [529/698  75.8%] finished Aotus_azarai vs Saimiri_sciureus depth=1X rep=1  |   1793s elapsed, ~   573s remaining, 0.295 runs/s
  [530/698  75.9%] finished Aotus_azarai vs Saimiri_sciureus depth=1X rep=2  |   1793s elapsed, ~   568s remaining, 0.296 runs/s
  [531/698  76.1%] finished Aotus_azarai vs Saimiri_boliviensis depth=8X rep=0  |   1794s elapsed, ~   564s remaining, 0.296 runs/s
  [532/698  76.2%] finished Aotus_azarai vs Saimiri_boliviensis depth=8X rep=1  |   1794s elapsed, ~   560s remaining, 0.296 runs/s
  [533/698  76.4%] finished Aotus_azarai vs Saimiri_boliviensis depth=8X rep=2  |   1795s elapsed, ~   556s remaining, 0.297 runs/s
  [534/698  76.5%] finished Aotus_azarai vs Saimiri_sciureus depth=2X rep=0  |   1798s elapsed, ~   552s remaining, 0.297 runs/s
  [535/698  76.6%] finished Aotus_azarai vs Saimiri_sciureus depth=2X rep=1  |   1803s elapsed, ~   549s remaining, 0.297 runs/s
  [536/698  76.8%] finished Aotus_azarai vs Saimiri_sciureus depth=2X rep=2  |   1807s elapsed, ~   546s remaining, 0.297 runs/s
  [537/698  76.9%] finished Aotus_azarai vs Saimiri_sciureus depth=3X rep=0  |   1808s elapsed, ~   542s remaining, 0.297 runs/s
  [538/698  77.1%] finished Aotus_azarai vs Saimiri_sciureus depth=3X rep=1  |   1813s elapsed, ~   539s remaining, 0.297 runs/s
  [539/698  77.2%] finished Aotus_azarai vs Saimiri_sciureus depth=3X rep=2  |   1817s elapsed, ~   536s remaining, 0.297 runs/s
  [540/698  77.4%] finished Aotus_azarai vs Saimiri_sciureus depth=5X rep=1  |   1822s elapsed, ~   533s remaining, 0.296 runs/s
  [541/698  77.5%] finished Aotus_azarai vs Saimiri_sciureus depth=4X rep=0  |   1822s elapsed, ~   529s remaining, 0.297 runs/s
  [542/698  77.7%] finished Aotus_azarai vs Saimiri_sciureus depth=6X rep=0  |   1824s elapsed, ~   525s remaining, 0.297 runs/s
  [543/698  77.8%] finished Aotus_azarai vs Saimiri_sciureus depth=6X rep=2  |   1827s elapsed, ~   521s remaining, 0.297 runs/s
  [544/698  77.9%] finished Aotus_azarai vs Saimiri_sciureus depth=4X rep=2  |   1829s elapsed, ~   518s remaining, 0.297 runs/s
  [545/698  78.1%] finished Aotus_azarai vs Saimiri_sciureus depth=5X rep=0  |   1829s elapsed, ~   514s remaining, 0.298 runs/s
  [546/698  78.2%] finished Aotus_azarai vs Saimiri_sciureus depth=4X rep=1  |   1830s elapsed, ~   510s remaining, 0.298 runs/s
  [547/698  78.4%] finished Aotus_azarai vs Saimiri_sciureus depth=6X rep=1  |   1833s elapsed, ~   506s remaining, 0.298 runs/s
  [548/698  78.5%] finished Aotus_azarai vs Saimiri_sciureus depth=5X rep=2  |   1835s elapsed, ~   502s remaining, 0.299 runs/s
  [549/698  78.7%] finished Aotus_azarai vs Saimiri_sciureus depth=7X rep=0  |   1835s elapsed, ~   498s remaining, 0.299 runs/s
  [550/698  78.8%] finished Aotus_azarai vs Saimiri_sciureus depth=7X rep=2  |   1841s elapsed, ~   495s remaining, 0.299 runs/s
  [551/698  78.9%] finished Aotus_azarai vs Varecia_variegata depth=1X rep=1  |   1844s elapsed, ~   492s remaining, 0.299 runs/s
  [552/698  79.1%] finished Aotus_azarai vs Saimiri_sciureus depth=8X rep=0  |   1849s elapsed, ~   489s remaining, 0.299 runs/s
  [553/698  79.2%] finished Aotus_azarai vs Saimiri_sciureus depth=7X rep=1  |   1850s elapsed, ~   485s remaining, 0.299 runs/s
  [554/698  79.4%] finished Aotus_azarai vs Varecia_variegata depth=1X rep=0  |   1851s elapsed, ~   481s remaining, 0.299 runs/s
  [555/698  79.5%] finished Aotus_azarai vs Varecia_variegata depth=2X rep=1  |   1852s elapsed, ~   477s remaining, 0.300 runs/s
  [556/698  79.7%] finished Aotus_azarai vs Saimiri_sciureus depth=8X rep=1  |   1853s elapsed, ~   473s remaining, 0.300 runs/s
  [557/698  79.8%] finished Aotus_azarai vs Varecia_variegata depth=1X rep=2  |   1855s elapsed, ~   470s remaining, 0.300 runs/s
  [558/698  79.9%] finished Aotus_azarai vs Saimiri_sciureus depth=8X rep=2  |   1858s elapsed, ~   466s remaining, 0.300 runs/s
  [559/698  80.1%] finished Aotus_azarai vs Varecia_variegata depth=3X rep=0  |   1859s elapsed, ~   462s remaining, 0.301 runs/s
  [560/698  80.2%] finished Aotus_azarai vs Varecia_variegata depth=2X rep=0  |   1859s elapsed, ~   458s remaining, 0.301 runs/s
  [561/698  80.4%] finished Aotus_azarai vs Varecia_variegata depth=3X rep=2  |   1867s elapsed, ~   456s remaining, 0.300 runs/s
  [562/698  80.5%] finished Aotus_azarai vs Varecia_variegata depth=2X rep=2  |   1868s elapsed, ~   452s remaining, 0.301 runs/s
  [563/698  80.7%] finished Aotus_azarai vs Varecia_variegata depth=4X rep=0  |   1870s elapsed, ~   448s remaining, 0.301 runs/s
  [564/698  80.8%] finished Aotus_azarai vs Varecia_variegata depth=3X rep=1  |   1877s elapsed, ~   446s remaining, 0.301 runs/s
  [565/698  80.9%] finished Aotus_azarai vs Varecia_variegata depth=4X rep=1  |   1879s elapsed, ~   442s remaining, 0.301 runs/s
  [566/698  81.1%] finished Aotus_azarai vs Varecia_variegata depth=4X rep=2  |   1883s elapsed, ~   439s remaining, 0.301 runs/s
  [567/698  81.2%] finished Aotus_azarai vs Varecia_variegata depth=6X rep=1  |   1886s elapsed, ~   436s remaining, 0.301 runs/s
  [568/698  81.4%] finished Aotus_azarai vs Varecia_variegata depth=5X rep=1  |   1888s elapsed, ~   432s remaining, 0.301 runs/s
  [569/698  81.5%] finished Aotus_azarai vs Varecia_variegata depth=5X rep=2  |   1890s elapsed, ~   429s remaining, 0.301 runs/s
  [570/698  81.7%] finished Aotus_azarai vs Varecia_variegata depth=7X rep=0  |   1892s elapsed, ~   425s remaining, 0.301 runs/s
  [571/698  81.8%] finished Aotus_azarai vs Varecia_variegata depth=7X rep=1  |   1893s elapsed, ~   421s remaining, 0.302 runs/s
  [572/698  81.9%] finished Aotus_azarai vs Varecia_variegata depth=6X rep=0  |   1893s elapsed, ~   417s remaining, 0.302 runs/s
  [573/698  82.1%] finished Aotus_azarai vs Varecia_variegata depth=5X rep=0  |   1897s elapsed, ~   414s remaining, 0.302 runs/s
  [574/698  82.2%] finished Aotus_azarai vs Varecia_variegata depth=6X rep=2  |   1898s elapsed, ~   410s remaining, 0.302 runs/s
  [575/698  82.4%] finished Varecia_variegata vs Homo_sapiens depth=1X rep=1  |   1902s elapsed, ~   407s remaining, 0.302 runs/s
  [576/698  82.5%] finished Aotus_azarai vs Varecia_variegata depth=7X rep=2  |   1903s elapsed, ~   403s remaining, 0.303 runs/s
  [577/698  82.7%] finished Varecia_variegata vs Homo_sapiens depth=1X rep=0  |   1905s elapsed, ~   399s remaining, 0.303 runs/s
  [578/698  82.8%] finished Varecia_variegata vs Homo_sapiens depth=1X rep=2  |   1906s elapsed, ~   396s remaining, 0.303 runs/s
  [579/698  83.0%] finished Aotus_azarai vs Varecia_variegata depth=8X rep=1  |   1907s elapsed, ~   392s remaining, 0.304 runs/s
  [580/698  83.1%] finished Varecia_variegata vs Homo_sapiens depth=2X rep=2  |   1915s elapsed, ~   390s remaining, 0.303 runs/s
  [581/698  83.2%] finished Aotus_azarai vs Varecia_variegata depth=8X rep=2  |   1916s elapsed, ~   386s remaining, 0.303 runs/s
  [582/698  83.4%] finished Aotus_azarai vs Varecia_variegata depth=8X rep=0  |   1916s elapsed, ~   382s remaining, 0.304 runs/s
  [583/698  83.5%] finished Varecia_variegata vs Homo_sapiens depth=3X rep=0  |   1917s elapsed, ~   378s remaining, 0.304 runs/s
  [584/698  83.7%] finished Varecia_variegata vs Homo_sapiens depth=2X rep=0  |   1918s elapsed, ~   374s remaining, 0.304 runs/s
  [585/698  83.8%] finished Varecia_variegata vs Homo_sapiens depth=3X rep=1  |   1924s elapsed, ~   372s remaining, 0.304 runs/s
  [586/698  84.0%] finished Varecia_variegata vs Homo_sapiens depth=2X rep=1  |   1925s elapsed, ~   368s remaining, 0.304 runs/s
  [587/698  84.1%] finished Varecia_variegata vs Homo_sapiens depth=4X rep=0  |   1932s elapsed, ~   365s remaining, 0.304 runs/s
  [588/698  84.2%] finished Varecia_variegata vs Homo_sapiens depth=4X rep=1  |   1934s elapsed, ~   362s remaining, 0.304 runs/s
  [589/698  84.4%] finished Varecia_variegata vs Homo_sapiens depth=5X rep=2  |   1934s elapsed, ~   358s remaining, 0.305 runs/s
  [590/698  84.5%] finished Varecia_variegata vs Homo_sapiens depth=3X rep=2  |   1935s elapsed, ~   354s remaining, 0.305 runs/s
  [591/698  84.7%] finished Varecia_variegata vs Homo_sapiens depth=4X rep=2  |   1936s elapsed, ~   350s remaining, 0.305 runs/s
  [592/698  84.8%] finished Varecia_variegata vs Homo_sapiens depth=5X rep=1  |   1943s elapsed, ~   348s remaining, 0.305 runs/s
  [593/698  85.0%] finished Varecia_variegata vs Homo_sapiens depth=6X rep=1  |   1948s elapsed, ~   345s remaining, 0.304 runs/s
  [594/698  85.1%] finished Varecia_variegata vs Homo_sapiens depth=5X rep=0  |   1950s elapsed, ~   341s remaining, 0.305 runs/s
  [595/698  85.2%] finished Varecia_variegata vs Homo_sapiens depth=7X rep=1  |   1951s elapsed, ~   338s remaining, 0.305 runs/s
  [596/698  85.4%] finished Varecia_variegata vs Gorilla_gorilla depth=1X rep=0  |   1953s elapsed, ~   334s remaining, 0.305 runs/s
  [597/698  85.5%] finished Varecia_variegata vs Gorilla_gorilla depth=1X rep=1  |   1954s elapsed, ~   331s remaining, 0.305 runs/s
  [598/698  85.7%] finished Varecia_variegata vs Homo_sapiens depth=6X rep=2  |   1957s elapsed, ~   327s remaining, 0.306 runs/s
  [599/698  85.8%] finished Varecia_variegata vs Homo_sapiens depth=7X rep=0  |   1960s elapsed, ~   324s remaining, 0.306 runs/s
  [600/698  86.0%] finished Varecia_variegata vs Gorilla_gorilla depth=1X rep=2  |   1961s elapsed, ~   320s remaining, 0.306 runs/s
  [601/698  86.1%] finished Varecia_variegata vs Homo_sapiens depth=8X rep=0  |   1962s elapsed, ~   317s remaining, 0.306 runs/s
  [602/698  86.2%] finished Varecia_variegata vs Gorilla_gorilla depth=2X rep=0  |   1965s elapsed, ~   313s remaining, 0.306 runs/s
  [603/698  86.4%] finished Varecia_variegata vs Homo_sapiens depth=6X rep=0  |   1965s elapsed, ~   310s remaining, 0.307 runs/s
  [604/698  86.5%] finished Varecia_variegata vs Gorilla_gorilla depth=2X rep=2  |   1971s elapsed, ~   307s remaining, 0.306 runs/s
  [605/698  86.7%] finished Varecia_variegata vs Gorilla_gorilla depth=2X rep=1  |   1979s elapsed, ~   304s remaining, 0.306 runs/s
  [606/698  86.8%] finished Varecia_variegata vs Homo_sapiens depth=7X rep=2  |   1982s elapsed, ~   301s remaining, 0.306 runs/s
  [607/698  87.0%] finished Varecia_variegata vs Gorilla_gorilla depth=3X rep=0  |   1986s elapsed, ~   298s remaining, 0.306 runs/s
  [608/698  87.1%] finished Varecia_variegata vs Gorilla_gorilla depth=3X rep=2  |   1988s elapsed, ~   294s remaining, 0.306 runs/s
  [609/698  87.2%] finished Varecia_variegata vs Gorilla_gorilla depth=4X rep=2  |   1988s elapsed, ~   291s remaining, 0.306 runs/s
  [610/698  87.4%] finished Varecia_variegata vs Homo_sapiens depth=8X rep=2  |   1992s elapsed, ~   287s remaining, 0.306 runs/s
  [611/698  87.5%] finished Varecia_variegata vs Gorilla_gorilla depth=4X rep=0  |   1994s elapsed, ~   284s remaining, 0.306 runs/s
  [612/698  87.7%] finished Varecia_variegata vs Gorilla_gorilla depth=3X rep=1  |   1994s elapsed, ~   280s remaining, 0.307 runs/s
  [613/698  87.8%] finished Varecia_variegata vs Homo_sapiens depth=8X rep=1  |   1995s elapsed, ~   277s remaining, 0.307 runs/s
  [614/698  88.0%] finished Varecia_variegata vs Gorilla_gorilla depth=4X rep=1  |   1997s elapsed, ~   273s remaining, 0.308 runs/s
  [615/698  88.1%] finished Varecia_variegata vs Gorilla_gorilla depth=5X rep=0  |   2000s elapsed, ~   270s remaining, 0.307 runs/s
  [616/698  88.3%] finished Varecia_variegata vs Gorilla_gorilla depth=5X rep=2  |   2004s elapsed, ~   267s remaining, 0.307 runs/s
  [617/698  88.4%] finished Varecia_variegata vs Gorilla_gorilla depth=5X rep=1  |   2005s elapsed, ~   263s remaining, 0.308 runs/s
  [618/698  88.5%] finished Varecia_variegata vs Gorilla_gorilla depth=6X rep=0  |   2012s elapsed, ~   260s remaining, 0.307 runs/s
  [619/698  88.7%] finished Varecia_variegata vs Saimiri_boliviensis depth=1X rep=0  |   2014s elapsed, ~   257s remaining, 0.307 runs/s
  [620/698  88.8%] finished Varecia_variegata vs Saimiri_boliviensis depth=1X rep=1  |   2016s elapsed, ~   254s remaining, 0.308 runs/s
  [621/698  89.0%] finished Varecia_variegata vs Gorilla_gorilla depth=7X rep=2  |   2024s elapsed, ~   251s remaining, 0.307 runs/s
  [622/698  89.1%] finished Varecia_variegata vs Gorilla_gorilla depth=6X rep=1  |   2027s elapsed, ~   248s remaining, 0.307 runs/s
  [623/698  89.3%] finished Varecia_variegata vs Gorilla_gorilla depth=6X rep=2  |   2028s elapsed, ~   244s remaining, 0.307 runs/s
  [624/698  89.4%] finished Varecia_variegata vs Saimiri_boliviensis depth=1X rep=2  |   2029s elapsed, ~   241s remaining, 0.307 runs/s
  [625/698  89.5%] finished Varecia_variegata vs Saimiri_boliviensis depth=2X rep=1  |   2030s elapsed, ~   237s remaining, 0.308 runs/s
  [626/698  89.7%] finished Varecia_variegata vs Gorilla_gorilla depth=8X rep=2  |   2031s elapsed, ~   234s remaining, 0.308 runs/s
  [627/698  89.8%] finished Varecia_variegata vs Gorilla_gorilla depth=7X rep=1  |   2033s elapsed, ~   230s remaining, 0.308 runs/s
  [628/698  90.0%] finished Varecia_variegata vs Gorilla_gorilla depth=7X rep=0  |   2035s elapsed, ~   227s remaining, 0.309 runs/s
  [629/698  90.1%] finished Varecia_variegata vs Gorilla_gorilla depth=8X rep=0  |   2037s elapsed, ~   224s remaining, 0.309 runs/s
  [630/698  90.3%] finished Varecia_variegata vs Saimiri_boliviensis depth=3X rep=0  |   2038s elapsed, ~   220s remaining, 0.309 runs/s
  [631/698  90.4%] finished Varecia_variegata vs Saimiri_boliviensis depth=3X rep=1  |   2040s elapsed, ~   217s remaining, 0.309 runs/s
  [632/698  90.5%] finished Varecia_variegata vs Saimiri_boliviensis depth=2X rep=0  |   2041s elapsed, ~   213s remaining, 0.310 runs/s
  [633/698  90.7%] finished Varecia_variegata vs Gorilla_gorilla depth=8X rep=1  |   2042s elapsed, ~   210s remaining, 0.310 runs/s
  [634/698  90.8%] finished Varecia_variegata vs Saimiri_boliviensis depth=2X rep=2  |   2044s elapsed, ~   206s remaining, 0.310 runs/s
  [635/698  91.0%] finished Varecia_variegata vs Saimiri_boliviensis depth=4X rep=2  |   2055s elapsed, ~   204s remaining, 0.309 runs/s
  [636/698  91.1%] finished Varecia_variegata vs Saimiri_boliviensis depth=5X rep=0  |   2057s elapsed, ~   201s remaining, 0.309 runs/s
  [637/698  91.3%] finished Varecia_variegata vs Saimiri_boliviensis depth=5X rep=1  |   2058s elapsed, ~   197s remaining, 0.310 runs/s
  [638/698  91.4%] finished Varecia_variegata vs Saimiri_boliviensis depth=4X rep=1  |   2062s elapsed, ~   194s remaining, 0.309 runs/s
  [639/698  91.5%] finished Varecia_variegata vs Saimiri_boliviensis depth=3X rep=2  |   2065s elapsed, ~   191s remaining, 0.309 runs/s
  [640/698  91.7%] finished Varecia_variegata vs Saimiri_boliviensis depth=6X rep=0  |   2066s elapsed, ~   187s remaining, 0.310 runs/s
  [641/698  91.8%] finished Varecia_variegata vs Saimiri_boliviensis depth=6X rep=1  |   2066s elapsed, ~   184s remaining, 0.310 runs/s
  [642/698  92.0%] finished Varecia_variegata vs Saimiri_boliviensis depth=5X rep=2  |   2069s elapsed, ~   180s remaining, 0.310 runs/s
  [643/698  92.1%] finished Varecia_variegata vs Saimiri_boliviensis depth=4X rep=0  |   2072s elapsed, ~   177s remaining, 0.310 runs/s
  [644/698  92.3%] finished Varecia_variegata vs Saimiri_boliviensis depth=7X rep=1  |   2073s elapsed, ~   174s remaining, 0.311 runs/s
  [645/698  92.4%] finished Varecia_variegata vs Saimiri_boliviensis depth=7X rep=2  |   2076s elapsed, ~   171s remaining, 0.311 runs/s
  [646/698  92.6%] finished Varecia_variegata vs Saimiri_sciureus depth=1X rep=0  |   2077s elapsed, ~   167s remaining, 0.311 runs/s
  [647/698  92.7%] finished Varecia_variegata vs Saimiri_boliviensis depth=6X rep=2  |   2078s elapsed, ~   164s remaining, 0.311 runs/s
  [648/698  92.8%] finished Varecia_variegata vs Saimiri_boliviensis depth=8X rep=0  |   2079s elapsed, ~   160s remaining, 0.312 runs/s
  [649/698  93.0%] finished Varecia_variegata vs Saimiri_sciureus depth=1X rep=1  |   2081s elapsed, ~   157s remaining, 0.312 runs/s
  [650/698  93.1%] finished Varecia_variegata vs Saimiri_boliviensis depth=7X rep=0  |   2082s elapsed, ~   154s remaining, 0.312 runs/s
  [651/698  93.3%] finished Varecia_variegata vs Saimiri_sciureus depth=2X rep=0  |   2090s elapsed, ~   151s remaining, 0.311 runs/s
  [652/698  93.4%] finished Varecia_variegata vs Saimiri_sciureus depth=2X rep=2  |   2090s elapsed, ~   147s remaining, 0.312 runs/s
  [653/698  93.6%] finished Varecia_variegata vs Saimiri_sciureus depth=1X rep=2  |   2091s elapsed, ~   144s remaining, 0.312 runs/s
  [654/698  93.7%] finished Varecia_variegata vs Saimiri_boliviensis depth=8X rep=1  |   2092s elapsed, ~   141s remaining, 0.313 runs/s
  [655/698  93.8%] finished Varecia_variegata vs Saimiri_boliviensis depth=8X rep=2  |   2093s elapsed, ~   137s remaining, 0.313 runs/s
  [656/698  94.0%] finished Varecia_variegata vs Saimiri_sciureus depth=3X rep=0  |   2095s elapsed, ~   134s remaining, 0.313 runs/s
  [657/698  94.1%] finished Varecia_variegata vs Saimiri_sciureus depth=3X rep=1  |   2096s elapsed, ~   131s remaining, 0.313 runs/s
  [658/698  94.3%] finished Varecia_variegata vs Saimiri_sciureus depth=2X rep=1  |   2103s elapsed, ~   128s remaining, 0.313 runs/s
  [659/698  94.4%] finished Varecia_variegata vs Saimiri_sciureus depth=3X rep=2  |   2107s elapsed, ~   125s remaining, 0.313 runs/s
  [660/698  94.6%] finished Varecia_variegata vs Saimiri_sciureus depth=5X rep=0  |   2107s elapsed, ~   121s remaining, 0.313 runs/s
  [661/698  94.7%] finished Varecia_variegata vs Saimiri_sciureus depth=5X rep=1  |   2109s elapsed, ~   118s remaining, 0.313 runs/s
  [662/698  94.8%] finished Varecia_variegata vs Saimiri_sciureus depth=4X rep=0  |   2110s elapsed, ~   115s remaining, 0.314 runs/s
  [663/698  95.0%] finished Varecia_variegata vs Saimiri_sciureus depth=4X rep=2  |   2121s elapsed, ~   112s remaining, 0.313 runs/s
  [664/698  95.1%] finished Varecia_variegata vs Saimiri_sciureus depth=6X rep=1  |   2122s elapsed, ~   109s remaining, 0.313 runs/s
  [665/698  95.3%] finished Varecia_variegata vs Saimiri_sciureus depth=6X rep=2  |   2123s elapsed, ~   105s remaining, 0.313 runs/s
  [666/698  95.4%] finished Varecia_variegata vs Saimiri_sciureus depth=6X rep=0  |   2123s elapsed, ~   102s remaining, 0.314 runs/s
  [667/698  95.6%] finished Varecia_variegata vs Saimiri_sciureus depth=4X rep=1  |   2125s elapsed, ~    99s remaining, 0.314 runs/s
  [668/698  95.7%] finished Varecia_variegata vs Saimiri_sciureus depth=7X rep=0  |   2126s elapsed, ~    95s remaining, 0.314 runs/s
  [669/698  95.8%] finished Varecia_variegata vs Saimiri_sciureus depth=5X rep=2  |   2128s elapsed, ~    92s remaining, 0.314 runs/s
  [670/698  96.0%] finished Varecia_variegata vs Aotus_azarai depth=1X rep=0  |   2129s elapsed, ~    89s remaining, 0.315 runs/s
  [671/698  96.1%] finished Varecia_variegata vs Saimiri_sciureus depth=7X rep=1  |   2130s elapsed, ~    86s remaining, 0.315 runs/s
  [672/698  96.3%] finished Varecia_variegata vs Aotus_azarai depth=1X rep=1  |   2130s elapsed, ~    82s remaining, 0.315 runs/s
  [673/698  96.4%] finished Varecia_variegata vs Saimiri_sciureus depth=8X rep=0  |   2138s elapsed, ~    79s remaining, 0.315 runs/s
  [674/698  96.6%] finished Varecia_variegata vs Saimiri_sciureus depth=7X rep=2  |   2139s elapsed, ~    76s remaining, 0.315 runs/s
  [675/698  96.7%] finished Varecia_variegata vs Saimiri_sciureus depth=8X rep=1  |   2145s elapsed, ~    73s remaining, 0.315 runs/s
  [676/698  96.8%] finished Varecia_variegata vs Aotus_azarai depth=2X rep=2  |   2147s elapsed, ~    70s remaining, 0.315 runs/s
  [677/698  97.0%] finished Varecia_variegata vs Aotus_azarai depth=1X rep=2  |   2150s elapsed, ~    67s remaining, 0.315 runs/s
  [678/698  97.1%] finished Varecia_variegata vs Aotus_azarai depth=2X rep=1  |   2153s elapsed, ~    63s remaining, 0.315 runs/s
  [679/698  97.3%] finished Varecia_variegata vs Aotus_azarai depth=2X rep=0  |   2154s elapsed, ~    60s remaining, 0.315 runs/s
  [680/698  97.4%] finished Varecia_variegata vs Aotus_azarai depth=3X rep=2  |   2155s elapsed, ~    57s remaining, 0.316 runs/s
  [681/698  97.6%] finished Varecia_variegata vs Saimiri_sciureus depth=8X rep=2  |   2157s elapsed, ~    54s remaining, 0.316 runs/s
  [682/698  97.7%] finished Varecia_variegata vs Aotus_azarai depth=4X rep=0  |   2158s elapsed, ~    51s remaining, 0.316 runs/s
  [683/698  97.9%] finished Varecia_variegata vs Aotus_azarai depth=4X rep=2  |   2158s elapsed, ~    47s remaining, 0.316 runs/s
  [684/698  98.0%] finished Varecia_variegata vs Aotus_azarai depth=3X rep=0  |   2158s elapsed, ~    44s remaining, 0.317 runs/s
  [685/698  98.1%] finished Varecia_variegata vs Aotus_azarai depth=3X rep=1  |   2159s elapsed, ~    41s remaining, 0.317 runs/s
  [686/698  98.3%] finished Varecia_variegata vs Aotus_azarai depth=4X rep=1  |   2165s elapsed, ~    38s remaining, 0.317 runs/s
  [687/698  98.4%] finished Varecia_variegata vs Aotus_azarai depth=5X rep=1  |   2174s elapsed, ~    35s remaining, 0.316 runs/s
  [688/698  98.6%] finished Varecia_variegata vs Aotus_azarai depth=5X rep=0  |   2175s elapsed, ~    32s remaining, 0.316 runs/s
  [689/698  98.7%] finished Varecia_variegata vs Aotus_azarai depth=6X rep=2  |   2180s elapsed, ~    28s remaining, 0.316 runs/s
  [690/698  98.9%] finished Varecia_variegata vs Aotus_azarai depth=5X rep=2  |   2181s elapsed, ~    25s remaining, 0.316 runs/s
  [691/698  99.0%] finished Varecia_variegata vs Aotus_azarai depth=7X rep=0  |   2183s elapsed, ~    22s remaining, 0.317 runs/s
  [692/698  99.1%] finished Varecia_variegata vs Aotus_azarai depth=7X rep=1  |   2183s elapsed, ~    19s remaining, 0.317 runs/s
  [693/698  99.3%] finished Varecia_variegata vs Aotus_azarai depth=8X rep=0  |   2185s elapsed, ~    16s remaining, 0.317 runs/s
  [694/698  99.4%] finished Varecia_variegata vs Aotus_azarai depth=6X rep=0  |   2186s elapsed, ~    13s remaining, 0.317 runs/s
  [695/698  99.6%] finished Varecia_variegata vs Aotus_azarai depth=8X rep=1  |   2186s elapsed, ~     9s remaining, 0.318 runs/s
  [696/698  99.7%] finished Varecia_variegata vs Aotus_azarai depth=8X rep=2  |   2186s elapsed, ~     6s remaining, 0.318 runs/s
  [697/698  99.9%] finished Varecia_variegata vs Aotus_azarai depth=6X rep=1  |   2186s elapsed, ~     3s remaining, 0.319 runs/s
  [698/698 100.0%] finished Varecia_variegata vs Aotus_azarai depth=7X rep=2  |   2189s elapsed, ~     0s remaining, 0.319 runs/s

=== DONE: appended 2496 rows to grid_results.csv this run (total wall time 2189s) ===
